Component: ARM Compiler 5.06 update 5 (build 528) Tool: armlink [4d35e2]

==============================================================================

Section Cross References

    main.o(.text) refers to system_stm32f10x.o(.text) for SystemInit
    main.o(.text) refers to delay.o(.text) for delay_init
    main.o(.text) refers to lcd.o(.text) for LCD_Init
    main.o(.text) refers to usart.o(.text) for uart_init
    main.o(.text) refers to adc.o(.text) for Analog_Sample_Init
    main.o(.text) refers to key.o(.text) for Key_Init
    main.o(.text) refers to gui.o(.text) for showhanzi
    main.o(.text) refers to act.o(.text) for drawp
    system_stm32f10x.o(.text) refers to system_stm32f10x.o(.data) for SystemCoreClock
    gui.o(.text) refers to lcd.o(.text) for LCD_SetCursor
    gui.o(.text) refers to lcd.o(.bss) for lcddev
    gui.o(.text) refers to lcd.o(.data) for POINT_COLOR
    gui.o(.text) refers to gui.o(.constdata) for asc2_1206
    gui.o(.text) refers to gui.o(.data) for Hzk
    lcd.o(.text) refers to stm32f10x_rcc.o(.text) for RCC_APB2PeriphClockCmd
    lcd.o(.text) refers to stm32f10x_gpio.o(.text) for GPIO_Init
    lcd.o(.text) refers to stm32f10x_spi.o(.text) for SPI_Init
    lcd.o(.text) refers to delay.o(.text) for delay_ms
    lcd.o(.text) refers to lcd.o(.bss) for lcddev
    lcd.o(.text) refers to lcd.o(.data) for POINT_COLOR
    adc.o(.text) refers to stm32f10x_rcc.o(.text) for RCC_APB2PeriphClockCmd
    adc.o(.text) refers to stm32f10x_gpio.o(.text) for GPIO_Init
    adc.o(.text) refers to stm32f10x_adc.o(.text) for ADC_DeInit
    adc.o(.text) refers to stm32f10x_dma.o(.text) for DMA_DeInit
    adc.o(.text) refers to adc.o(.bss) for AD_Value
    key.o(.text) refers to stm32f10x_rcc.o(.text) for RCC_APB2PeriphClockCmd
    key.o(.text) refers to stm32f10x_gpio.o(.text) for GPIO_PinRemapConfig
    key.o(.text) refers to key.o(.data) for temp_key_value
    act.o(.text) refers to _printf_percent.o(.ARM.Collect$$_printf_percent$$00000000) for _printf_percent
    act.o(.text) refers to _printf_d.o(.ARM.Collect$$_printf_percent$$00000009) for _printf_d
    act.o(.text) refers to _printf_dec.o(.text) for _printf_int_dec
    act.o(.text) refers to _printf_s.o(.ARM.Collect$$_printf_percent$$00000014) for _printf_s
    act.o(.text) refers to _printf_str.o(.text) for _printf_str
    act.o(.text) refers to fflt_clz.o(x$fpl$ffltu) for __aeabi_ui2f
    act.o(.text) refers to fmul.o(x$fpl$fmul) for __aeabi_fmul
    act.o(.text) refers to fdiv.o(x$fpl$fdiv) for __aeabi_fdiv
    act.o(.text) refers to ffixu.o(x$fpl$ffixu) for __aeabi_f2uiz
    act.o(.text) refers to faddsub_clz.o(x$fpl$fadd) for __aeabi_fadd
    act.o(.text) refers to fflt_clz.o(x$fpl$fflt) for __aeabi_i2f
    act.o(.text) refers to ffix.o(x$fpl$ffix) for __aeabi_f2iz
    act.o(.text) refers to gui.o(.text) for LCD_DrawLine
    act.o(.text) refers to act.o(.data) for mode1
    act.o(.text) refers to adc.o(.bss) for AD_Value
    act.o(.text) refers to delay.o(.text) for delay_ms
    act.o(.text) refers to key.o(.text) for read_key
    act.o(.text) refers to key.o(.data) for key_value
    act.o(.text) refers to noretval__2printf.o(.text) for __2printf
    act.o(.text) refers to noretval__2sprintf.o(.text) for __2sprintf
    act.o(.text) refers to rand.o(.text) for srand
    act.o(.text) refers to rand.o(.emb_text) for rand
    act.o(.text) refers to act.o(.bss) for cir
    act.o(.text) refers to dflt_clz.o(x$fpl$dflt) for __aeabi_i2d
    act.o(.text) refers to sin.o(i.sin) for sin
    act.o(.text) refers to dmul.o(x$fpl$dmul) for __aeabi_dmul
    act.o(.text) refers to dflt_clz.o(x$fpl$dfltu) for __aeabi_ui2d
    act.o(.text) refers to daddsub_clz.o(x$fpl$dadd) for __aeabi_dadd
    act.o(.text) refers to dfixu.o(x$fpl$dfixu) for __aeabi_d2uiz
    act.o(.text) refers to cos.o(i.cos) for cos
    delay.o(.text) refers to misc.o(.text) for SysTick_CLKSourceConfig
    delay.o(.text) refers to system_stm32f10x.o(.data) for SystemCoreClock
    delay.o(.text) refers to delay.o(.data) for fac_us
    usart.o(.text) refers (Special) to use_no_semi_2.o(.text) for __use_no_semihosting
    usart.o(.text) refers to _printf_percent.o(.ARM.Collect$$_printf_percent$$00000000) for _printf_percent
    usart.o(.text) refers to _printf_d.o(.ARM.Collect$$_printf_percent$$00000009) for _printf_d
    usart.o(.text) refers to _printf_dec.o(.text) for _printf_int_dec
    usart.o(.text) refers to stm32f10x_rcc.o(.text) for RCC_APB2PeriphClockCmd
    usart.o(.text) refers to stm32f10x_gpio.o(.text) for GPIO_Init
    usart.o(.text) refers to misc.o(.text) for NVIC_Init
    usart.o(.text) refers to stm32f10x_usart.o(.text) for USART_Init
    usart.o(.text) refers to noretval__2sprintf.o(.text) for __2sprintf
    usart.o(.text) refers to act.o(.text) for writefeedback
    usart.o(.text) refers to usart.o(.data) for cnum
    usart.o(.text) refers to usart.o(.bss) for tempstr2
    usart.o(.bss) refers (Special) to use_no_semi_2.o(.text) for __use_no_semihosting
[...]
    !!!scatter                               0x080000f4   Section       52  __scatter.o(!!!scatter)
    !!dclz77c                                0x08000128   Section      100  __dclz77c.o(!!dclz77c)
    !!handler_zi                             0x0800018c   Section       28  __scatter_zi.o(!!handler_zi)
    .ARM.Collect$$_printf_percent$$00000000  0x080001a8   Section        0  _printf_percent.o(.ARM.Collect$$_printf_percent$$00000000)
    .ARM.Collect$$_printf_percent$$00000009  0x080001a8   Section        6  _printf_d.o(.ARM.Collect$$_printf_percent$$00000009)
    .ARM.Collect$$_printf_percent$$00000014  0x080001ae   Section        6  _printf_s.o(.ARM.Collect$$_printf_percent$$00000014)
    .ARM.Collect$$_printf_percent$$00000017  0x080001b4   Section        4  _printf_percent_end.o(.ARM.Collect$$_printf_percent$$00000017)
    .ARM.Collect$$libinit$$00000000          0x080001b8   Section        2  libinit.o(.ARM.Collect$$libinit$$00000000)
    .ARM.Collect$$libinit$$00000002          0x080001ba   Section        0  libinit2.o(.ARM.Collect$$libinit$$00000002)
    .ARM.Collect$$libinit$$00000004          0x080001ba   Section        0  libinit2.o(.ARM.Collect$$libinit$$00000004)
    .ARM.Collect$$libinit$$0000000A          0x080001ba   Section        0  libinit2.o(.ARM.Collect$$libinit$$0000000A)
    .ARM.Collect$$libinit$$0000000C          0x080001ba   Section        0  libinit2.o(.ARM.Collect$$libinit$$0000000C)
    .ARM.Collect$$libinit$$0000000D          0x080001ba   Section        4  libinit2.o(.ARM.Collect$$libinit$$0000000D)
    .ARM.Collect$$libinit$$0000000E          0x080001be   Section        0  libinit2.o(.ARM.Collect$$libinit$$0000000E)
    .ARM.Collect$$libinit$$00000011          0x080001be   Section        0  libinit2.o(.ARM.Collect$$libinit$$00000011)
    .ARM.Collect$$libinit$$00000013          0x080001be   Section        0  libinit2.o(.ARM.Collect$$libinit$$00000013)
    .ARM.Collect$$libinit$$00000015          0x080001be   Section        0  libinit2.o(.ARM.Collect$$libinit$$00000015)
    .ARM.Collect$$libinit$$00000017          0x080001be   Section        0  libinit2.o(.ARM.Collect$$libinit$$00000017)
    .ARM.Collect$$libinit$$00000019          0x080001be   Section        0  libinit2.o(.ARM.Collect$$libinit$$00000019)
    .ARM.Collect$$libinit$$0000001B          0x080001be   Section        0  libinit2.o(.ARM.Collect$$libinit$$0000001B)
    .ARM.Collect$$libinit$$0000001D          0x080001be   Section        0  libinit2.o(.ARM.Collect$$libinit$$0000001D)
    .ARM.Collect$$libinit$$0000001F          0x080001be   Section        0  libinit2.o(.ARM.Collect$$libinit$$0000001F)
    .ARM.Collect$$libinit$$00000021          0x080001be   Section        0  libinit2.o(.ARM.Collect$$libinit$$00000021)
    .ARM.Collect$$libinit$$00000023          0x080001be   Section        0  libinit2.o(.ARM.Collect$$libinit$$00000023)
    .ARM.Collect$$libinit$$00000025          0x080001be   Section        0  libinit2.o(.ARM.Collect$$libinit$$00000025)
    .ARM.Collect$$libinit$$0000002C          0x080001be   Section        0  libinit2.o(.ARM.Collect$$libinit$$0000002C)
    .ARM.Collect$$libinit$$0000002E          0x080001be   Section        0  libinit2.o(.ARM.Collect$$libinit$$0000002E)
    .ARM.Collect$$libinit$$00000030          0x080001be   Section        0  libinit2.o(.ARM.Collect$$libinit$$00000030)
    .ARM.Collect$$libinit$$00000032          0x080001be   Section        0  libinit2.o(.ARM.Collect$$libinit$$00000032)
    .ARM.Collect$$libinit$$00000033          0x080001be   Section        2  libinit2.o(.ARM.Collect$$libinit$$00000033)
    .ARM.Collect$$libshutdown$$00000000      0x080001c0   Section        2  libshutdown.o(.ARM.Collect$$libshutdown$$00000000)
    .ARM.Collect$$libshutdown$$00000002      0x080001c2   Section        0  libshutdown2.o(.ARM.Collect$$libshutdown$$00000002)
    .ARM.Collect$$libshutdown$$00000004      0x080001c2   Section        0  libshutdown2.o(.ARM.Collect$$libshutdown$$00000004)
    .ARM.Collect$$libshutdown$$00000007      0x080001c2   Section        0  libshutdown2.o(.ARM.Collect$$libshutdown$$00000007)
    .ARM.Collect$$libshutdown$$0000000A      0x080001c2   Section        0  libshutdown2.o(.ARM.Collect$$libshutdown$$0000000A)
    .ARM.Collect$$libshutdown$$0000000C      0x080001c2   Section        0  libshutdown2.o(.ARM.Collect$$libshutdown$$0000000C)
    .ARM.Collect$$libshutdown$$0000000F      0x080001c2   Section        0  libshutdown2.o(.ARM.Collect$$libshutdown$$0000000F)
    .ARM.Collect$$libshutdown$$00000010      0x080001c2   Section        2  libshutdown2.o(.ARM.Collect$$libshutdown$$00000010)
    .ARM.Collect$$rtentry$$00000000          0x080001c4   Section        0  __rtentry.o(.ARM.Collect$$rtentry$$00000000)
    .ARM.Collect$$rtentry$$00000002          0x080001c4   Section        0  __rtentry2.o(.ARM.Collect$$rtentry$$00000002)
    .ARM.Collect$$rtentry$$00000004          0x080001c4   Section        6  __rtentry4.o(.ARM.Collect$$rtentry$$00000004)
    .ARM.Collect$$rtentry$$00000009          0x080001ca   Section        0  __rtentry2.o(.ARM.Collect$$rtentry$$00000009)
    .ARM.Collect$$rtentry$$0000000A          0x080001ca   Section        4  __rtentry2.o(.ARM.Collect$$rtentry$$0000000A)
    .ARM.Collect$$rtentry$$0000000C          0x080001ce   Section        0  __rtentry2.o(.ARM.Collect$$rtentry$$0000000C)
    .ARM.Collect$$rtentry$$0000000D          0x080001ce   Section        8  __rtentry2.o(.ARM.Collect$$rtentry$$0000000D)
    .ARM.Collect$$rtexit$$00000000           0x080001d6   Section        2  rtexit.o(.ARM.Collect$$rtexit$$00000000)
    .ARM.Collect$$rtexit$$00000002           0x080001d8   Section        0  rtexit2.o(.ARM.Collect$$rtexit$$00000002)
    .ARM.Collect$$rtexit$$00000003           0x080001d8   Section        4  rtexit2.o(.ARM.Collect$$rtexit$$00000003)
    .ARM.Collect$$rtexit$$00000004           0x080001dc   Section        6  rtexit2.o(.ARM.Collect$$rtexit$$00000004)
    .emb_text                                0x080001e4   Section       52  rand.o(.emb_text)
    .text                                    0x08000218   Section        0  main.o(.text)
    .text                                    0x0800028c   Section        0  stm32f10x_it.o(.text)
    .text                                    0x080002a8   Section        0  system_stm32f10x.o(.text)
    SetSysClockTo72                          0x080002a9   Thumb Code   214  system_stm32f10x.o(.text)
    SetSysClock                              0x0800037f   Thumb Code     8  system_stm32f10x.o(.text)
    .text                                    0x08000488   Section        0  gui.o(.text)
    .text                                    0x08000c4c   Section        0  lcd.o(.text)
    .text                                    0x0800116c   Section        0  adc.o(.text)
    .text                                    0x080012dc   Section        0  key.o(.text)
    .text                                    0x08001608   Section        0  act.o(.text)
    .text                                    0x080038cc   Section        0  delay.o(.text)
    .text                                    0x080039a0   Section        0  usart.o(.text)
    .text                                    0x08003b38   Section       64  startup_stm32f10x_md.o(.text)
    .text                                    0x08003b78   Section        0  stm32f10x_gpio.o(.text)
    .text                                    0x08003ed4   Section        0  stm32f10x_rcc.o(.text)
    .text                                    0x08004278   Section        0  stm32f10x_usart.o(.text)
    .text                                    0x08004680   Section        0  misc.o(.text)
    .text                                    0x0800475c   Section        0  stm32f10x_adc.o(.text)
    .text                                    0x08004bac   Section        0  stm32f10x_spi.o(.text)
    .text                                    0x08004eb8   Section        0  stm32f10x_dma.o(.text)
    .text                                    0x0800510c   Section        2  use_no_semi_2.o(.text)
    .text                                    0x08005110   Section        0  noretval__2printf.o(.text)
    .text                                    0x08005128   Section        0  noretval__2sprintf.o(.text)
    .text                                    0x08005150   Section        0  __printf.o(.text)
    .text                                    0x080051b8   Section        0  _printf_str.o(.text)
    .text                                    0x0800520c   Section        0  _printf_dec.o(.text)
    .text                                    0x08005284   Section        0  rand.o(.text)
    .text                                    0x080052c0   Section        0  heapauxi.o(.text)
    .text                                    0x080052c6   Section        2  use_no_semi.o(.text)
    .text                                    0x080052c8   Section        0  _rserrno.o(.text)
    .text                                    0x080052de   Section        0  _printf_intcommon.o(.text)
    .text                                    0x08005390   Section        0  _printf_char_common.o(.text)
    _printf_input_char                       0x08005391   Thumb Code    10  _printf_char_common.o(.text)
    .text                                    0x080053c0   Section        0  _sputc.o(.text)
    .text                                    0x080053ca   Section        0  _printf_char.o(.text)
    .text                                    0x080053f8   Section        0  _printf_char_file.o(.text)
    .text                                    0x0800541c   Section        8  rt_errno_addr_intlibspace.o(.text)
    .text                                    0x08005424   Section        0  ferror.o(.text)
    .text                                    0x0800542c   Section        8  libspace.o(.text)
    .text                                    0x08005434   Section       74  sys_stackheap_outer.o(.text)
    .text                                    0x0800547e   Section        0  exit.o(.text)
    i.__ARM_fpclassify                       0x08005490   Section        0  fpclassify.o(i.__ARM_fpclassify)
    i.__ieee754_rem_pio2                     0x080054b8   Section        0  rred.o(i.__ieee754_rem_pio2)
    i.__kernel_cos                           0x08005840   Section        0  cos_i.o(i.__kernel_cos)
    i.__kernel_poly                          0x0800593c   Section        0  poly.o(i.__kernel_poly)
    i.__kernel_sin                           0x080059e8   Section        0  sin_i.o(i.__kernel_sin)
    i.__mathlib_dbl_infnan                   0x08005ad4   Section        0  dunder.o(i.__mathlib_dbl_infnan)
    i.__mathlib_dbl_invalid                  0x08005ada   Section        0  dunder.o(i.__mathlib_dbl_invalid)
    i.__mathlib_dbl_underflow                0x08005ae8   Section        0  dunder.o(i.__mathlib_dbl_underflow)
    i.cos                                    0x08005af8   Section        0  cos.o(i.cos)
    i.sin                                    0x08005b94   Section        0  sin.o(i.sin)
    x$fpl$dadd                               0x08005c34   Section      336  daddsub_clz.o(x$fpl$dadd)
    _dadd1                                   0x08005c45   Thumb Code     0  daddsub_clz.o(x$fpl$dadd)
    x$fpl$dcheck1                            0x08005d84   Section       16  dcheck1.o(x$fpl$dcheck1)
    x$fpl$ddiv                               0x08005d94   Section      688  ddiv.o(x$fpl$ddiv)
    ddiv_entry                               0x08005d9b   Thumb Code     0  ddiv.o(x$fpl$ddiv)
    x$fpl$dfix                               0x08006044   Section       94  dfix.o(x$fpl$dfix)
    x$fpl$dfixu                              0x080060a4   Section       90  dfixu.o(x$fpl$dfixu)
    x$fpl$dflt                               0x080060fe   Section       46  dflt_clz.o(x$fpl$dflt)
    x$fpl$dfltu                              0x0800612c   Section       38  dflt_clz.o(x$fpl$dfltu)
    x$fpl$dmul                               0x08006154   Section      340  dmul.o(x$fpl$dmul)
    x$fpl$dnaninf                            0x080062a8   Section      156  dnaninf.o(x$fpl$dnaninf)
    x$fpl$dretinf                            0x08006344   Section       12  dretinf.o(x$fpl$dretinf)
    x$fpl$drsb                               0x08006350   Section       22  daddsub_clz.o(x$fpl$drsb)
    x$fpl$dsub                               0x08006368   Section      468  daddsub_clz.o(x$fpl$dsub)
    _dsub1                                   0x08006379   Thumb Code     0  daddsub_clz.o(x$fpl$dsub)
    x$fpl$fadd                               0x0800653c   Section      196  faddsub_clz.o(x$fpl$fadd)
    _fadd1                                   0x0800654b   Thumb Code     0  faddsub_clz.o(x$fpl$fadd)
    x$fpl$fdiv                               0x08006600   Section      388  fdiv.o(x$fpl$fdiv)
    _fdiv1                                   0x08006601   Thumb Code     0  fdiv.o(x$fpl$fdiv)
    x$fpl$ffix                               0x08006784   Section       54  ffix.o(x$fpl$ffix)
    x$fpl$ffixu                              0x080067bc   Section       62  ffixu.o(x$fpl$ffixu)
    x$fpl$fflt                               0x080067fc   Section       48  fflt_clz.o(x$fpl$fflt)
    x$fpl$ffltu                              0x0800682c   Section       38  fflt_clz.o(x$fpl$ffltu)
    x$fpl$fmul                               0x08006854   Section      258  fmul.o(x$fpl$fmul)
    x$fpl$fnaninf                            0x08006956   Section      140  fnaninf.o(x$fpl$fnaninf)
    x$fpl$fretinf                            0x080069e2   Section       10  fretinf.o(x$fpl$fretinf)
    x$fpl$fsub                               0x080069ec   Section      234  faddsub_clz.o(x$fpl$fsub)
    _fsub1                                   0x080069fb   Thumb Code     0  faddsub_clz.o(x$fpl$fsub)
    x$fpl$retnan                             0x08006ad6   Section      100  retnan.o(x$fpl$retnan)
    x$fpl$scalbn                             0x08006b3a   Section       92  scalbn.o(x$fpl$scalbn)
    x$fpl$trapveneer                         0x08006b96   Section       48  trapv.o(x$fpl$trapveneer)
    .constdata                               0x08006bc6   Section     2660  gui.o(.constdata)
    x$fpl$usenofp                            0x08006bc6   Section        0  usenofp.o(x$fpl$usenofp)
    .constdata                               0x08007630   Section       48  cos_i.o(.constdata)
    C                                        0x08007630   Data          48  cos_i.o(.constdata)
    .constdata                               0x08007660   Section      200  rred.o(.constdata)
    pio2s                                    0x08007660   Data          48  rred.o(.constdata)
    twooverpi                                0x08007690   Data         152  rred.o(.constdata)
    .constdata                               0x08007728   Section       40  sin_i.o(.constdata)
    S                                        0x08007728   Data          40  sin_i.o(.constdata)
    .data                                    0x20000000   Section       20  system_stm32f10x.o(.data)
    .data                                    0x20000014   Section     1536  gui.o(.data)
    .data                                    0x20000614   Section        6  lcd.o(.data)
    .data                                    0x2000061a   Section       32  key.o(.data)
    .data                                    0x2000063c   Section       58  act.o(.data)
    .data                                    0x20000676   Section        4  delay.o(.data)
    fac_us                                   0x20000676   Data           1  delay.o(.data)
    fac_ms                                   0x20000678   Data           2  delay.o(.data)
    .data                                    0x2000067c   Section       16  usart.o(.data)
    .data                                    0x2000068c   Section       20  stm32f10x_rcc.o(.data)
    APBAHBPrescTable                         0x2000068c   Data          16  stm32f10x_rcc.o(.data)
    ADCPrescTable                            0x2000069c   Data           4  stm32f10x_rcc.o(.data)
    .bss                                     0x200006a0   Section       14  lcd.o(.bss)
    .bss                                     0x200006ae   Section       12  adc.o(.bss)
    .bss                                     0x200006ba   Section      160  act.o(.bss)
    .bss                                     0x2000075a   Section       15  usart.o(.bss)
    .bss                                     0x2000076c   Section      228  rand.o(.bss)
    .bss                                     0x20000850   Section       96  libspace.o(.bss)
    HEAP                                     0x200008b0   Section      512  startup_stm32f10x_md.o(HEAP)
    Heap_Mem                                 0x200008b0   Data         512  startup_stm32f10x_md.o(HEAP)
    STACK                                    0x20000ab0   Section     1024  startup_stm32f10x_md.o(STACK)
    Stack_Mem                                0x20000ab0   Data        1024  startup_stm32f10x_md.o(STACK)
    __initial_sp                             0x20000eb0   Data           0  startup_stm32f10x_md.o(STACK)

    Global Symbols

    Symbol Name                              Value     Ov Type        Size  Object(Section)

    BuildAttributes$$THM_ISAv4$P$D$K$B$S$PE$A:L22UL41UL21$X:L11$S22US41US21$IEEE1$IW$USESV6$~STKCKD$USESV7$~SHL$OTIME$ROPI$IEEEX$EBA8$UX$STANDARDLIB$REQ8$PRES8$EABIv2 0x00000000   Number         0  anon$$obj.o ABSOLUTE
    __ARM_use_no_argv                        0x00000000   Number         0  main.o ABSOLUTE
    __ARM_exceptions_init                     - Undefined Weak Reference
    __alloca_initialize                       - Undefined Weak Reference
    __arm_preinit_                            - Undefined Weak Reference
    __cpp_initialize__aeabi_                  - Undefined Weak Reference
    __cxa_finalize                            - Undefined Weak Reference
    __rt_locale                               - Undefined Weak Reference
    __sigvec_lookup                           - Undefined Weak Reference
    _atexit_init                              - Undefined Weak Reference
    _call_atexit_fns                          - Undefined Weak Reference
    _clock_init                               - Undefined Weak Reference
    _fp_trap_init                             - Undefined Weak Reference
    _fp_trap_shutdown                         - Undefined Weak Reference
    _get_lc_collate                           - Undefined Weak Reference
    _get_lc_ctype                             - Undefined Weak Reference
    _get_lc_monetary                          - Undefined Weak Reference
    _get_lc_numeric                           - Undefined Weak Reference
    _get_lc_time                              - Undefined Weak Reference
    _getenv_init                              - Undefined Weak Reference
    _handle_redirection                       - Undefined Weak Reference
    _init_alloc                               - Undefined Weak Reference
    _init_user_alloc                          - Undefined Weak Reference
    _initio                                   - Undefined Weak Reference
    _mutex_acquire                            - Undefined Weak Reference
    _mutex_release                            - Undefined Weak Reference
    _printf_mbtowc                            - Undefined Weak Reference
    _printf_post_padding                      - Undefined Weak Reference
    _printf_pre_padding                       - Undefined Weak Reference
    _printf_truncate_signed                   - Undefined Weak Reference
    _printf_truncate_unsigned                 - Undefined Weak Reference
    _signal_finish                            - Undefined Weak Reference
    _signal_init                              - Undefined Weak Reference
    _terminate_alloc                          - Undefined Weak Reference
    _terminate_user_alloc                     - Undefined Weak Reference
    _terminateio                              - Undefined Weak Reference
    __Vectors_Size                           0x000000ec   Number         0  startup_stm32f10x_md.o ABSOLUTE
    __Vectors                                0x08000000   Data           4  startup_stm32f10x_md.o(RESET)
    __Vectors_End                            0x080000ec   Data           0  startup_stm32f10x_md.o(RESET)
    __main                                   0x080000ed   Thumb Code     8  __main.o(!!!main)
    __scatterload                            0x080000f5   Thumb Code     0  __scatter.o(!!!scatter)
    __scatterload_rt2                        0x080000f5   Thumb Code    44  __scatter.o(!!!scatter)
    __scatterload_rt2_thumb_only             0x080000f5   Thumb Code     0  __scatter.o(!!!scatter)
    __scatterload_null                       0x08000103   Thumb Code     0  __scatter.o(!!!scatter)
    __decompress                             0x08000129   Thumb Code   100  __dclz77c.o(!!dclz77c)
    __decompress2                            0x08000129   Thumb Code     0  __dclz77c.o(!!dclz77c)
    __scatterload_zeroinit                   0x0800018d   Thumb Code    28  __scatter_zi.o(!!handler_zi)
    _printf_d                                0x080001a9   Thumb Code     0  _printf_d.o(.ARM.Collect$$_printf_percent$$00000009)
    _printf_percent                          0x080001a9   Thumb Code     0  _printf_percent.o(.ARM.Collect$$_printf_percent$$00000000)
    _printf_s                                0x080001af   Thumb Code     0  _printf_s.o(.ARM.Collect$$_printf_percent$$00000014)
    _printf_percent_end                      0x080001b5   Thumb Code     0  _printf_percent_end.o(.ARM.Collect$$_printf_percent$$00000017)
    __rt_lib_init                            0x080001b9   Thumb Code     0  libinit.o(.ARM.Collect$$libinit$$00000000)
    __rt_lib_init_fp_1                       0x080001bb   Thumb Code     0  libinit2.o(.ARM.Collect$$libinit$$00000002)
    __rt_lib_init_heap_1                     0x080001bb   Thumb Code     0  libinit2.o(.ARM.Collect$$libinit$$0000000A)
    __rt_lib_init_preinit_1                  0x080001bb   Thumb Code     0  libinit2.o(.ARM.Collect$$libinit$$00000004)
    __rt_lib_init_rand_2                     0x080001bb   Thumb Code     0  libinit2.o(.ARM.Collect$$libinit$$0000000D)
    __rt_lib_init_user_alloc_1               0x080001bb   Thumb Code     0  libinit2.o(.ARM.Collect$$libinit$$0000000C)
    __rt_lib_init_alloca_1                   0x080001bf   Thumb Code     0  libinit2.o(.ARM.Collect$$libinit$$0000002E)
    __rt_lib_init_argv_1                     0x080001bf   Thumb Code     0  libinit2.o(.ARM.Collect$$libinit$$0000002C)
    __rt_lib_init_atexit_1                   0x080001bf   Thumb Code     0  libinit2.o(.ARM.Collect$$libinit$$0000001B)
    __rt_lib_init_clock_1                    0x080001bf   Thumb Code     0  libinit2.o(.ARM.Collect$$libinit$$00000021)
    __rt_lib_init_cpp_1                      0x080001bf   Thumb Code     0  libinit2.o(.ARM.Collect$$libinit$$00000032)
    __rt_lib_init_exceptions_1               0x080001bf   Thumb Code     0  libinit2.o(.ARM.Collect$$libinit$$00000030)
    __rt_lib_init_fp_trap_1                  0x080001bf   Thumb Code     0  libinit2.o(.ARM.Collect$$libinit$$0000001F)
    __rt_lib_init_getenv_1                   0x080001bf   Thumb Code     0  libinit2.o(.ARM.Collect$$libinit$$00000023)
    __rt_lib_init_lc_collate_1               0x080001bf   Thumb Code     0  libinit2.o(.ARM.Collect$$libinit$$00000011)
    __rt_lib_init_lc_ctype_1                 0x080001bf   Thumb Code     0  libinit2.o(.ARM.Collect$$libinit$$00000013)
    __rt_lib_init_lc_monetary_1              0x080001bf   Thumb Code     0  libinit2.o(.ARM.Collect$$libinit$$00000015)
    __rt_lib_init_lc_numeric_1               0x080001bf   Thumb Code     0  libinit2.o(.ARM.Collect$$libinit$$00000017)
    __rt_lib_init_lc_time_1                  0x080001bf   Thumb Code     0  libinit2.o(.ARM.Collect$$libinit$$00000019)
    __rt_lib_init_rand_1                     0x080001bf   Thumb Code     0  libinit2.o(.ARM.Collect$$libinit$$0000000E)
    __rt_lib_init_return                     0x080001bf   Thumb Code     0  libinit2.o(.ARM.Collect$$libinit$$00000033)
    __rt_lib_init_signal_1                   0x080001bf   Thumb Code     0  libinit2.o(.ARM.Collect$$libinit$$0000001D)
    __rt_lib_init_stdio_1                    0x080001bf   Thumb Code     0  libinit2.o(.ARM.Collect$$libinit$$00000025)
    __rt_lib_shutdown                        0x080001c1   Thumb Code     0  libshutdown.o(.ARM.Collect$$libshutdown$$00000000)
    __rt_lib_shutdown_cpp_1                  0x080001c3   Thumb Code     0  libshutdown2.o(.ARM.Collect$$libshutdown$$00000002)
    __rt_lib_shutdown_fp_trap_1              0x080001c3   Thumb Code     0  libshutdown2.o(.ARM.Collect$$libshutdown$$00000007)
    __rt_lib_shutdown_heap_1                 0x080001c3   Thumb Code     0  libshutdown2.o(.ARM.Collect$$libshutdown$$0000000F)
    __rt_lib_shutdown_return                 0x080001c3   Thumb Code     0  libshutdown2.o(.ARM.Collect$$libshutdown$$00000010)
    __rt_lib_shutdown_signal_1               0x080001c3   Thumb Code     0  libshutdown2.o(.ARM.Collect$$libshutdown$$0000000A)
    __rt_lib_shutdown_stdio_1                0x080001c3   Thumb Code     0  libshutdown2.o(.ARM.Collect$$libshutdown$$00000004)
    __rt_lib_shutdown_user_alloc_1           0x080001c3   Thumb Code     0  libshutdown2.o(.ARM.Collect$$libshutdown$$0000000C)
    __rt_entry                               0x080001c5   Thumb Code     0  __rtentry.o(.ARM.Collect$$rtentry$$00000000)
    __rt_entry_presh_1                       0x080001c5   Thumb Code     0  __rtentry2.o(.ARM.Collect$$rtentry$$00000002)
    __rt_entry_sh                            0x080001c5   Thumb Code     0  __rtentry4.o(.ARM.Collect$$rtentry$$00000004)
    __rt_entry_li                            0x080001cb   Thumb Code     0  __rtentry2.o(.ARM.Collect$$rtentry$$0000000A)
    __rt_entry_postsh_1                      0x080001cb   Thumb Code     0  __rtentry2.o(.ARM.Collect$$rtentry$$00000009)
    __rt_entry_main                          0x080001cf   Thumb Code     0  __rtentry2.o(.ARM.Collect$$rtentry$$0000000D)
    __rt_entry_postli_1                      0x080001cf   Thumb Code     0  __rtentry2.o(.ARM.Collect$$rtentry$$0000000C)
    __rt_exit                                0x080001d7   Thumb Code     0  rtexit.o(.ARM.Collect$$rtexit$$00000000)
    __rt_exit_ls                             0x080001d9   Thumb Code     0  rtexit2.o(.ARM.Collect$$rtexit$$00000003)
    __rt_exit_prels_1                        0x080001d9   Thumb Code     0  rtexit2.o(.ARM.Collect$$rtexit$$00000002)
    __rt_exit_exit                           0x080001dd   Thumb Code     0  rtexit2.o(.ARM.Collect$$rtexit$$00000004)
    rand                                     0x080001e5   Thumb Code    48  rand.o(.emb_text)
    main                                     0x08000219   Thumb Code   116  main.o(.text)
    NMI_Handler                              0x0800028d   Thumb Code     2  stm32f10x_it.o(.text)
    HardFault_Handler                        0x0800028f   Thumb Code     4  stm32f10x_it.o(.text)
    MemManage_Handler                        0x08000293   Thumb Code     4  stm32f10x_it.o(.text)
    BusFault_Handler                         0x08000297   Thumb Code     4  stm32f10x_it.o(.text)
    UsageFault_Handler                       0x0800029b   Thumb Code     4  stm32f10x_it.o(.text)
    SVC_Handler                              0x0800029f   Thumb Code     2  stm32f10x_it.o(.text)
    DebugMon_Handler                         0x080002a1   Thumb Code     2  stm32f10x_it.o(.text)
    PendSV_Handler                           0x080002a3   Thumb Code     2  stm32f10x_it.o(.text)
    SysTick_Handler                          0x080002a5   Thumb Code     2  stm32f10x_it.o(.text)
    SystemInit                               0x08000387   Thumb Code    78  system_stm32f10x.o(.text)
    SystemCoreClockUpdate                    0x080003d5   Thumb Code   142  system_stm32f10x.o(.text)
    GUI_DrawPoint                            0x08000489   Thumb Code    24  gui.o(.text)
    LCD_Fill                                 0x080004a1   Thumb Code   114  gui.o(.text)
    LCD_DrawLine                             0x08000513   Thumb Code   176  gui.o(.text)
    LCD_DrawLineC                            0x080005c3   Thumb Code   172  gui.o(.text)
    LCD_DrawRectangle                        0x0800066f   Thumb Code    64  gui.o(.text)
    LCD_DrawFillRectangle                    0x080006af   Thumb Code    30  gui.o(.text)
    _draw_circle_8                           0x080006cd   Thumb Code   132  gui.o(.text)
    gui_circle                               0x08000751   Thumb Code   154  gui.o(.text)
    LCD_ShowChar                             0x080007eb   Thumb Code   298  gui.o(.text)
    mypow                                    0x08000915   Thumb Code    22  gui.o(.text)
    LCD_ShowNum                              0x0800092b   Thumb Code   168  gui.o(.text)
    Show_Str                                 0x080009d3   Thumb Code   146  gui.o(.text)
    inorout                                  0x08000a65   Thumb Code   228  gui.o(.text)
    Gui_DrawTri                              0x08000b49   Thumb Code   142  gui.o(.text)
    showhanzi                                0x08000bd7   Thumb Code   102  gui.o(.text)
    SPIv_WriteData                           0x08000c4d   Thumb Code    60  lcd.o(.text)
    SPI_WriteByte                            0x08000c89   Thumb Code    34  lcd.o(.text)
    SPI_SetSpeed                             0x08000cab   Thumb Code    38  lcd.o(.text)
    SPI2_Init                                0x08000cd1   Thumb Code   164  lcd.o(.text)
    LCD_WR_REG                               0x08000d75   Thumb Code    24  lcd.o(.text)
    LCD_WR_DATA                              0x08000d8d   Thumb Code    22  lcd.o(.text)
    LCD_WR_DATA_16Bit                        0x08000da3   Thumb Code    30  lcd.o(.text)
    LCD_WriteReg                             0x08000dc1   Thumb Code    20  lcd.o(.text)
    LCD_WriteRAM_Prepare                     0x08000dd5   Thumb Code    12  lcd.o(.text)
    Address_set                              0x08000de1   Thumb Code    86  lcd.o(.text)
    LCD_DrawPoint                            0x08000e37   Thumb Code    28  lcd.o(.text)
    LCD_GPIOInit                             0x08000e53   Thumb Code    42  lcd.o(.text)
    LCD_RESET                                0x08000e7d   Thumb Code    16  lcd.o(.text)
    LCD_SetParam                             0x08000e8d   Thumb Code    40  lcd.o(.text)
    LCD_Init                                 0x08000eb5   Thumb Code   524  lcd.o(.text)
    LCD_SetWindows                           0x080010c1   Thumb Code    80  lcd.o(.text)
    LCD_Clear                                0x08001111   Thumb Code    68  lcd.o(.text)
    LCD_SetCursor                            0x08001155   Thumb Code    20  lcd.o(.text)
    Adc_Init                                 0x0800116d   Thumb Code   222  adc.o(.text)
    Dma_Init                                 0x0800124b   Thumb Code    76  adc.o(.text)
    Analog_Sample_Init                       0x08001297   Thumb Code    12  adc.o(.text)
    Analog_Sample_Switch                     0x080012a3   Thumb Code    42  adc.o(.text)
    Key_Init                                 0x080012dd   Thumb Code    48  key.o(.text)
    read_key                                 0x0800130d   Thumb Code   634  key.o(.text)
    trans_analog_value                       0x08001609   Thumb Code   788  act.o(.text)
    display_init                             0x0800191d   Thumb Code  1610  act.o(.text)
    togglemode1                              0x08001f67   Thumb Code   186  act.o(.text)
    togglemode2                              0x08002021   Thumb Code   118  act.o(.text)
    togglevalve                              0x08002097   Thumb Code   118  act.o(.text)
    refresh_analog_value                     0x0800210d   Thumb Code   554  act.o(.text)
    writelastsent                            0x08002337   Thumb Code    52  act.o(.text)
    writefeedback                            0x0800236b   Thumb Code    46  act.o(.text)
    work                                     0x08002399   Thumb Code  2186  act.o(.text)
    drawp                                    0x08002c23   Thumb Code  3226  act.o(.text)
    delay_init                               0x080038cd   Thumb Code    50  delay.o(.text)
    delay_us                                 0x080038ff   Thumb Code    72  delay.o(.text)
    delay_ms                                 0x08003947   Thumb Code    72  delay.o(.text)
    _sys_exit                                0x080039a1   Thumb Code     6  usart.o(.text)
    fputc                                    0x080039a7   Thumb Code    24  usart.o(.text)
    uart_init                                0x080039bf   Thumb Code   152  usart.o(.text)
    USART1_IRQHandler                        0x08003a57   Thumb Code   198  usart.o(.text)
    Reset_Handler                            0x08003b39   Thumb Code     8  startup_stm32f10x_md.o(.text)
    ADC1_2_IRQHandler                        0x08003b53   Thumb Code     0  startup_stm32f10x_md.o(.text)
    CAN1_RX1_IRQHandler                      0x08003b53   Thumb Code     0  startup_stm32f10x_md.o(.text)
    CAN1_SCE_IRQHandler                      0x08003b53   Thumb Code     0  startup_stm32f10x_md.o(.text)
    DMA1_Channel1_IRQHandler                 0x08003b53   Thumb Code     0  startup_stm32f10x_md.o(.text)
    DMA1_Channel2_IRQHandler                 0x08003b53   Thumb Code     0  startup_stm32f10x_md.o(.text)
    DMA1_Channel3_IRQHandler                 0x08003b53   Thumb Code     0  startup_stm32f10x_md.o(.text)
    DMA1_Channel4_IRQHandler                 0x08003b53   Thumb Code     0  startup_stm32f10x_md.o(.text)
    DMA1_Channel5_IRQHandler                 0x08003b53   Thumb Code     0  startup_stm32f10x_md.o(.text)
    DMA1_Channel6_IRQHandler                 0x08003b53   Thumb Code     0  startup_stm32f10x_md.o(.text)
    DMA1_Channel7_IRQHandler                 0x08003b53   Thumb Code     0  startup_stm32f10x_md.o(.text)
    EXTI0_IRQHandler                         0x08003b53   Thumb Code     0  startup_stm32f10x_md.o(.text)
    EXTI15_10_IRQHandler                     0x08003b53   Thumb Code     0  startup_stm32f10x_md.o(.text)
    EXTI1_IRQHandler                         0x08003b53   Thumb Code     0  startup_stm32f10x_md.o(.text)
    EXTI2_IRQHandler                         0x08003b53   Thumb Code     0  startup_stm32f10x_md.o(.text)
    EXTI3_IRQHandler                         0x08003b53   Thumb Code     0  startup_stm32f10x_md.o(.text)
    EXTI4_IRQHandler                         0x08003b53   Thumb Code     0  startup_stm32f10x_md.o(.text)
    EXTI9_5_IRQHandler                       0x08003b53   Thumb Code     0  startup_stm32f10x_md.o(.text)
    FLASH_IRQHandler                         0x08003b53   Thumb Code     0  startup_stm32f10x_md.o(.text)
    I2C1_ER_IRQHandler                       0x08003b53   Thumb Code     0  startup_stm32f10x_md.o(.text)
    I2C1_EV_IRQHandler                       0x08003b53   Thumb Code     0  startup_stm32f10x_md.o(.text)
    I2C2_ER_IRQHandler                       0x08003b53   Thumb Code     0  startup_stm32f10x_md.o(.text)
    I2C2_EV_IRQHandler                       0x08003b53   Thumb Code     0  startup_stm32f10x_md.o(.text)
    PVD_IRQHandler                           0x08003b53   Thumb Code     0  startup_stm32f10x_md.o(.text)
    RCC_IRQHandler                           0x08003b53   Thumb Code     0  startup_stm32f10x_md.o(.text)
    RTCAlarm_IRQHandler                      0x08003b53   Thumb Code     0  startup_stm32f10x_md.o(.text)
    RTC_IRQHandler                           0x08003b53   Thumb Code     0  startup_stm32f10x_md.o(.text)
    SPI1_IRQHandler                          0x08003b53   Thumb Code     0  startup_stm32f10x_md.o(.text)
    SPI2_IRQHandler                          0x08003b53   Thumb Code     0  startup_stm32f10x_md.o(.text)
    TAMPER_IRQHandler                        0x08003b53   Thumb Code     0  startup_stm32f10x_md.o(.text)
    TIM1_BRK_IRQHandler                      0x08003b53   Thumb Code     0  startup_stm32f10x_md.o(.text)
    TIM1_CC_IRQHandler                       0x08003b53   Thumb Code     0  startup_stm32f10x_md.o(.text)
    TIM1_TRG_COM_IRQHandler                  0x08003b53   Thumb Code     0  startup_stm32f10x_md.o(.text)
    TIM1_UP_IRQHandler                       0x08003b53   Thumb Code     0  startup_stm32f10x_md.o(.text)
    TIM2_IRQHandler                          0x08003b53   Thumb Code     0  startup_stm32f10x_md.o(.text)
    TIM3_IRQHandler                          0x08003b53   Thumb Code     0  startup_stm32f10x_md.o(.text)
    TIM4_IRQHandler                          0x08003b53   Thumb Code     0  startup_stm32f10x_md.o(.text)
    USART2_IRQHandler                        0x08003b53   Thumb Code     0  startup_stm32f10x_md.o(.text)
    USART3_IRQHandler                        0x08003b53   Thumb Code     0  startup_stm32f10x_md.o(.text)
    USBWakeUp_IRQHandler                     0x08003b53   Thumb Code     0  startup_stm32f10x_md.o(.text)
    USB_HP_CAN1_TX_IRQHandler                0x08003b53   Thumb Code     0  startup_stm32f10x_md.o(.text)
    USB_LP_CAN1_RX0_IRQHandler               0x08003b53   Thumb Code     0  startup_stm32f10x_md.o(.text)
    WWDG_IRQHandler                          0x08003b53   Thumb Code     0  startup_stm32f10x_md.o(.text)
    __user_initial_stackheap                 0x08003b55   Thumb Code     0  startup_stm32f10x_md.o(.text)
    GPIO_DeInit                              0x08003b79   Thumb Code   172  stm32f10x_gpio.o(.text)
    GPIO_AFIODeInit                          0x08003c25   Thumb Code    20  stm32f10x_gpio.o(.text)
    GPIO_Init                                0x08003c39   Thumb Code   278  stm32f10x_gpio.o(.text)
    GPIO_StructInit                          0x08003d4f   Thumb Code    16  stm32f10x_gpio.o(.text)
    GPIO_ReadInputDataBit                    0x08003d5f   Thumb Code    18  stm32f10x_gpio.o(.text)
    GPIO_ReadInputData                       0x08003d71   Thumb Code     8  stm32f10x_gpio.o(.text)
    GPIO_ReadOutputDataBit                   0x08003d79   Thumb Code    18  stm32f10x_gpio.o(.text)
    GPIO_ReadOutputData                      0x08003d8b   Thumb Code     8  stm32f10x_gpio.o(.text)
    GPIO_SetBits                             0x08003d93   Thumb Code     4  stm32f10x_gpio.o(.text)
    GPIO_ResetBits                           0x08003d97   Thumb Code     4  stm32f10x_gpio.o(.text)
    GPIO_WriteBit                            0x08003d9b   Thumb Code    10  stm32f10x_gpio.o(.text)
    GPIO_Write                               0x08003da5   Thumb Code     4  stm32f10x_gpio.o(.text)
    GPIO_PinLockConfig                       0x08003da9   Thumb Code    18  stm32f10x_gpio.o(.text)
    GPIO_EventOutputConfig                   0x08003dbb   Thumb Code    26  stm32f10x_gpio.o(.text)
    GPIO_EventOutputCmd                      0x08003dd5   Thumb Code     6  stm32f10x_gpio.o(.text)
    GPIO_PinRemapConfig                      0x08003ddb   Thumb Code   138  stm32f10x_gpio.o(.text)
    GPIO_EXTILineConfig                      0x08003e65   Thumb Code    66  stm32f10x_gpio.o(.text)
    GPIO_ETH_MediaInterfaceConfig            0x08003ea7   Thumb Code     8  stm32f10x_gpio.o(.text)
    RCC_DeInit                               0x08003ed5   Thumb Code    64  stm32f10x_rcc.o(.text)
    RCC_HSEConfig                            0x08003f15   Thumb Code    70  stm32f10x_rcc.o(.text)
    RCC_GetFlagStatus                        0x08003f5b   Thumb Code    56  stm32f10x_rcc.o(.text)
    RCC_WaitForHSEStartUp                    0x08003f93   Thumb Code    56  stm32f10x_rcc.o(.text)
    RCC_AdjustHSICalibrationValue            0x08003fcb   Thumb Code    20  stm32f10x_rcc.o(.text)
    RCC_HSICmd                               0x08003fdf   Thumb Code     6  stm32f10x_rcc.o(.text)
    RCC_PLLConfig                            0x08003fe5   Thumb Code    24  stm32f10x_rcc.o(.text)
    RCC_PLLCmd                               0x08003ffd   Thumb Code     6  stm32f10x_rcc.o(.text)
    RCC_SYSCLKConfig                         0x08004003   Thumb Code    18  stm32f10x_rcc.o(.text)
    RCC_GetSYSCLKSource                      0x08004015   Thumb Code    10  stm32f10x_rcc.o(.text)
    RCC_HCLKConfig                           0x0800401f   Thumb Code    18  stm32f10x_rcc.o(.text)
    RCC_PCLK1Config                          0x08004031   Thumb Code    18  stm32f10x_rcc.o(.text)
    RCC_PCLK2Config                          0x08004043   Thumb Code    20  stm32f10x_rcc.o(.text)
    RCC_ITConfig                             0x08004057   Thumb Code    26  stm32f10x_rcc.o(.text)
    RCC_USBCLKConfig                         0x08004071   Thumb Code     8  stm32f10x_rcc.o(.text)
    RCC_ADCCLKConfig                         0x08004079   Thumb Code    18  stm32f10x_rcc.o(.text)
    RCC_LSEConfig                            0x0800408b   Thumb Code    50  stm32f10x_rcc.o(.text)
    RCC_LSICmd                               0x080040bd   Thumb Code     6  stm32f10x_rcc.o(.text)
    RCC_RTCCLKConfig                         0x080040c3   Thumb Code    12  stm32f10x_rcc.o(.text)
    RCC_RTCCLKCmd                            0x080040cf   Thumb Code     8  stm32f10x_rcc.o(.text)
    RCC_GetClocksFreq                        0x080040d7   Thumb Code   192  stm32f10x_rcc.o(.text)
    RCC_AHBPeriphClockCmd                    0x08004197   Thumb Code    26  stm32f10x_rcc.o(.text)
    RCC_APB2PeriphClockCmd                   0x080041b1   Thumb Code    26  stm32f10x_rcc.o(.text)
    RCC_APB1PeriphClockCmd                   0x080041cb   Thumb Code    26  stm32f10x_rcc.o(.text)
    RCC_APB2PeriphResetCmd                   0x080041e5   Thumb Code    26  stm32f10x_rcc.o(.text)
    RCC_APB1PeriphResetCmd                   0x080041ff   Thumb Code    26  stm32f10x_rcc.o(.text)
    RCC_BackupResetCmd                       0x08004219   Thumb Code     8  stm32f10x_rcc.o(.text)
    RCC_ClockSecuritySystemCmd               0x08004221   Thumb Code     6  stm32f10x_rcc.o(.text)
    RCC_MCOConfig                            0x08004227   Thumb Code     6  stm32f10x_rcc.o(.text)
    RCC_ClearFlag                            0x0800422d   Thumb Code    14  stm32f10x_rcc.o(.text)
    RCC_GetITStatus                          0x0800423b   Thumb Code    20  stm32f10x_rcc.o(.text)
    RCC_ClearITPendingBit                    0x0800424f   Thumb Code     6  stm32f10x_rcc.o(.text)
    USART_DeInit                             0x08004279   Thumb Code   134  stm32f10x_usart.o(.text)
    USART_Init                               0x080042ff   Thumb Code   210  stm32f10x_usart.o(.text)
    USART_StructInit                         0x080043d1   Thumb Code    24  stm32f10x_usart.o(.text)
    USART_ClockInit                          0x080043e9   Thumb Code    34  stm32f10x_usart.o(.text)
    USART_ClockStructInit                    0x0800440b   Thumb Code    12  stm32f10x_usart.o(.text)
    USART_Cmd                                0x08004417   Thumb Code    24  stm32f10x_usart.o(.text)
    USART_ITConfig                           0x0800442f   Thumb Code    74  stm32f10x_usart.o(.text)
    USART_DMACmd                             0x08004479   Thumb Code    18  stm32f10x_usart.o(.text)
    USART_SetAddress                         0x0800448b   Thumb Code    18  stm32f10x_usart.o(.text)
    USART_WakeUpConfig                       0x0800449d   Thumb Code    18  stm32f10x_usart.o(.text)
    USART_ReceiverWakeUpCmd                  0x080044af   Thumb Code    24  stm32f10x_usart.o(.text)
    USART_LINBreakDetectLengthConfig         0x080044c7   Thumb Code    18  stm32f10x_usart.o(.text)
    USART_LINCmd                             0x080044d9   Thumb Code    24  stm32f10x_usart.o(.text)
    USART_SendData                           0x080044f1   Thumb Code     8  stm32f10x_usart.o(.text)
    USART_ReceiveData                        0x080044f9   Thumb Code    10  stm32f10x_usart.o(.text)
    USART_SendBreak                          0x08004503   Thumb Code    10  stm32f10x_usart.o(.text)
    USART_SetGuardTime                       0x0800450d   Thumb Code    16  stm32f10x_usart.o(.text)
    USART_SetPrescaler                       0x0800451d   Thumb Code    16  stm32f10x_usart.o(.text)
    USART_SmartCardCmd                       0x0800452d   Thumb Code    24  stm32f10x_usart.o(.text)
    USART_SmartCardNACKCmd                   0x08004545   Thumb Code    24  stm32f10x_usart.o(.text)
    USART_HalfDuplexCmd                      0x0800455d   Thumb Code    24  stm32f10x_usart.o(.text)
    USART_OverSampling8Cmd                   0x08004575   Thumb Code    22  stm32f10x_usart.o(.text)
    USART_OneBitMethodCmd                    0x0800458b   Thumb Code    24  stm32f10x_usart.o(.text)
    USART_IrDAConfig                         0x080045a3   Thumb Code    18  stm32f10x_usart.o(.text)
    USART_IrDACmd                            0x080045b5   Thumb Code    24  stm32f10x_usart.o(.text)
    USART_GetFlagStatus                      0x080045cd   Thumb Code    26  stm32f10x_usart.o(.text)
    USART_ClearFlag                          0x080045e7   Thumb Code    18  stm32f10x_usart.o(.text)
    USART_GetITStatus                        0x080045f9   Thumb Code    84  stm32f10x_usart.o(.text)
    USART_ClearITPendingBit                  0x0800464d   Thumb Code    52  stm32f10x_usart.o(.text)
    NVIC_PriorityGroupConfig                 0x08004681   Thumb Code    10  misc.o(.text)
    NVIC_Init                                0x0800468b   Thumb Code   100  misc.o(.text)
    NVIC_SetVectorTable                      0x080046ef   Thumb Code    14  misc.o(.text)
    NVIC_SystemLPConfig                      0x080046fd   Thumb Code    34  misc.o(.text)
    SysTick_CLKSourceConfig                  0x0800471f   Thumb Code    40  misc.o(.text)
    ADC_DeInit                               0x0800475d   Thumb Code    78  stm32f10x_adc.o(.text)
    ADC_Init                                 0x080047ab   Thumb Code    70  stm32f10x_adc.o(.text)
    ADC_StructInit                           0x080047f1   Thumb Code    18  stm32f10x_adc.o(.text)
    ADC_Cmd                                  0x08004803   Thumb Code    22  stm32f10x_adc.o(.text)
    ADC_DMACmd                               0x08004819   Thumb Code    22  stm32f10x_adc.o(.text)
    ADC_ITConfig                             0x0800482f   Thumb Code    24  stm32f10x_adc.o(.text)
    ADC_ResetCalibration                     0x08004847   Thumb Code    10  stm32f10x_adc.o(.text)
    ADC_GetResetCalibrationStatus            0x08004851   Thumb Code    20  stm32f10x_adc.o(.text)
    ADC_StartCalibration                     0x08004865   Thumb Code    10  stm32f10x_adc.o(.text)
    ADC_GetCalibrationStatus                 0x0800486f   Thumb Code    20  stm32f10x_adc.o(.text)
    ADC_SoftwareStartConvCmd                 0x08004883   Thumb Code    22  stm32f10x_adc.o(.text)
    ADC_GetSoftwareStartConvStatus           0x08004899   Thumb Code    20  stm32f10x_adc.o(.text)
    ADC_DiscModeChannelCountConfig           0x080048ad   Thumb Code    24  stm32f10x_adc.o(.text)
    ADC_DiscModeCmd                          0x080048c5   Thumb Code    22  stm32f10x_adc.o(.text)
    ADC_RegularChannelConfig                 0x080048db   Thumb Code   184  stm32f10x_adc.o(.text)
    ADC_ExternalTrigConvCmd                  0x08004993   Thumb Code    22  stm32f10x_adc.o(.text)
    ADC_GetConversionValue                   0x080049a9   Thumb Code     8  stm32f10x_adc.o(.text)
    ADC_GetDualModeConversionValue           0x080049b1   Thumb Code     8  stm32f10x_adc.o(.text)
    ADC_AutoInjectedConvCmd                  0x080049b9   Thumb Code    22  stm32f10x_adc.o(.text)
    ADC_InjectedDiscModeCmd                  0x080049cf   Thumb Code    22  stm32f10x_adc.o(.text)
    ADC_ExternalTrigInjectedConvConfig       0x080049e5   Thumb Code    16  stm32f10x_adc.o(.text)
    ADC_ExternalTrigInjectedConvCmd          0x080049f5   Thumb Code    22  stm32f10x_adc.o(.text)
    ADC_SoftwareStartInjectedConvCmd         0x08004a0b   Thumb Code    22  stm32f10x_adc.o(.text)
    ADC_GetSoftwareStartInjectedConvCmdStatus 0x08004a21   Thumb Code    20  stm32f10x_adc.o(.text)
    ADC_InjectedChannelConfig                0x08004a35   Thumb Code   130  stm32f10x_adc.o(.text)
    ADC_InjectedSequencerLengthConfig        0x08004ab7   Thumb Code    24  stm32f10x_adc.o(.text)
    ADC_SetInjectedOffset                    0x08004acf   Thumb Code    20  stm32f10x_adc.o(.text)
    ADC_GetInjectedConversionValue           0x08004ae3   Thumb Code    28  stm32f10x_adc.o(.text)
    ADC_AnalogWatchdogCmd                    0x08004aff   Thumb Code    16  stm32f10x_adc.o(.text)
    ADC_AnalogWatchdogThresholdsConfig       0x08004b0f   Thumb Code     6  stm32f10x_adc.o(.text)
    ADC_AnalogWatchdogSingleChannelConfig    0x08004b15   Thumb Code    16  stm32f10x_adc.o(.text)
    ADC_TempSensorVrefintCmd                 0x08004b25   Thumb Code    64  stm32f10x_adc.o(.text)
    ADC_GetFlagStatus                        0x08004b65   Thumb Code    18  stm32f10x_adc.o(.text)
    ADC_ClearFlag                            0x08004b77   Thumb Code     6  stm32f10x_adc.o(.text)
    ADC_GetITStatus                          0x08004b7d   Thumb Code    36  stm32f10x_adc.o(.text)
    ADC_ClearITPendingBit                    0x08004ba1   Thumb Code    10  stm32f10x_adc.o(.text)
    SPI_I2S_DeInit                           0x08004bad   Thumb Code    76  stm32f10x_spi.o(.text)
    SPI_Init                                 0x08004bf9   Thumb Code    60  stm32f10x_spi.o(.text)
    I2S_Init                                 0x08004c35   Thumb Code   226  stm32f10x_spi.o(.text)
    SPI_StructInit                           0x08004d17   Thumb Code    24  stm32f10x_spi.o(.text)
    I2S_StructInit                           0x08004d2f   Thumb Code    20  stm32f10x_spi.o(.text)
    SPI_Cmd                                  0x08004d43   Thumb Code    24  stm32f10x_spi.o(.text)
    I2S_Cmd                                  0x08004d5b   Thumb Code    24  stm32f10x_spi.o(.text)
    SPI_I2S_ITConfig                         0x08004d73   Thumb Code    32  stm32f10x_spi.o(.text)
    SPI_I2S_DMACmd                           0x08004d93   Thumb Code    18  stm32f10x_spi.o(.text)
    SPI_I2S_SendData                         0x08004da5   Thumb Code     4  stm32f10x_spi.o(.text)
    SPI_I2S_ReceiveData                      0x08004da9   Thumb Code     6  stm32f10x_spi.o(.text)
    SPI_NSSInternalSoftwareConfig            0x08004daf   Thumb Code    30  stm32f10x_spi.o(.text)
    SPI_SSOutputCmd                          0x08004dcd   Thumb Code    24  stm32f10x_spi.o(.text)
    SPI_DataSizeConfig                       0x08004de5   Thumb Code    18  stm32f10x_spi.o(.text)
    SPI_TransmitCRC                          0x08004df7   Thumb Code    10  stm32f10x_spi.o(.text)
    SPI_CalculateCRC                         0x08004e01   Thumb Code    24  stm32f10x_spi.o(.text)
    SPI_GetCRC                               0x08004e19   Thumb Code    16  stm32f10x_spi.o(.text)
    SPI_GetCRCPolynomial                     0x08004e29   Thumb Code     6  stm32f10x_spi.o(.text)
    SPI_BiDirectionalLineConfig              0x08004e2f   Thumb Code    28  stm32f10x_spi.o(.text)
    SPI_I2S_GetFlagStatus                    0x08004e4b   Thumb Code    18  stm32f10x_spi.o(.text)
    SPI_I2S_ClearFlag                        0x08004e5d   Thumb Code     6  stm32f10x_spi.o(.text)
    SPI_I2S_GetITStatus                      0x08004e63   Thumb Code    52  stm32f10x_spi.o(.text)
    SPI_I2S_ClearITPendingBit                0x08004e97   Thumb Code    20  stm32f10x_spi.o(.text)
    DMA_DeInit                               0x08004eb9   Thumb Code   324  stm32f10x_dma.o(.text)
    DMA_Init                                 0x08004ffd   Thumb Code    60  stm32f10x_dma.o(.text)
    DMA_StructInit                           0x08005039   Thumb Code    26  stm32f10x_dma.o(.text)
    DMA_Cmd                                  0x08005053   Thumb Code    24  stm32f10x_dma.o(.text)
    DMA_ITConfig                             0x0800506b   Thumb Code    18  stm32f10x_dma.o(.text)
    DMA_SetCurrDataCounter                   0x0800507d   Thumb Code     4  stm32f10x_dma.o(.text)
    DMA_GetCurrDataCounter                   0x08005081   Thumb Code     8  stm32f10x_dma.o(.text)
    DMA_GetFlagStatus                        0x08005089   Thumb Code    40  stm32f10x_dma.o(.text)
    DMA_ClearFlag                            0x080050b1   Thumb Code    22  stm32f10x_dma.o(.text)
    DMA_GetITStatus                          0x080050c7   Thumb Code    40  stm32f10x_dma.o(.text)
    DMA_ClearITPendingBit                    0x080050ef   Thumb Code    22  stm32f10x_dma.o(.text)
    __use_no_semihosting                     0x0800510d   Thumb Code     2  use_no_semi_2.o(.text)
    __2printf                                0x08005111   Thumb Code    20  noretval__2printf.o(.text)
    __2sprintf                               0x08005129   Thumb Code    34  noretval__2sprintf.o(.text)
    __printf                                 0x08005151   Thumb Code   104  __printf.o(.text)
    _printf_str                              0x080051b9   Thumb Code    82  _printf_str.o(.text)
    _printf_int_dec                          0x0800520d   Thumb Code   104  _printf_dec.o(.text)
    srand                                    0x08005285   Thumb Code    42  rand.o(.text)
    _rand_init                               0x080052af   Thumb Code     4  rand.o(.text)
    __use_two_region_memory                  0x080052c1   Thumb Code     2  heapauxi.o(.text)
    __rt_heap_escrow$2region                 0x080052c3   Thumb Code     2  heapauxi.o(.text)
    __rt_heap_expand$2region                 0x080052c5   Thumb Code     2  heapauxi.o(.text)
    __I$use$semihosting                      0x080052c7   Thumb Code     0  use_no_semi.o(.text)
    __use_no_semihosting_swi                 0x080052c7   Thumb Code     2  use_no_semi.o(.text)
    __read_errno                             0x080052c9   Thumb Code    10  _rserrno.o(.text)
    __set_errno                              0x080052d3   Thumb Code    12  _rserrno.o(.text)
    _printf_int_common                       0x080052df   Thumb Code   178  _printf_intcommon.o(.text)
    _printf_char_common                      0x0800539b   Thumb Code    32  _printf_char_common.o(.text)
    _sputc                                   0x080053c1   Thumb Code    10  _sputc.o(.text)
    _printf_cs_common                        0x080053cb   Thumb Code    20  _printf_char.o(.text)
    _printf_char                             0x080053df   Thumb Code    16  _printf_char.o(.text)
    _printf_string                           0x080053ef   Thumb Code     8  _printf_char.o(.text)
    _printf_char_file                        0x080053f9   Thumb Code    32  _printf_char_file.o(.text)
    __aeabi_errno_addr                       0x0800541d   Thumb Code     8  rt_errno_addr_intlibspace.o(.text)
    __errno$intlibspace                      0x0800541d   Thumb Code     0  rt_errno_addr_intlibspace.o(.text)
    __rt_errno_addr$intlibspace              0x0800541d   Thumb Code     0  rt_errno_addr_intlibspace.o(.text)
    ferror                                   0x08005425   Thumb Code     8  ferror.o(.text)
    __user_libspace                          0x0800542d   Thumb Code     8  libspace.o(.text)
    __user_perproc_libspace                  0x0800542d   Thumb Code     0  libspace.o(.text)
    __user_perthread_libspace                0x0800542d   Thumb Code     0  libspace.o(.text)
    __user_setup_stackheap                   0x08005435   Thumb Code    74  sys_stackheap_outer.o(.text)
    exit                                     0x0800547f   Thumb Code    18  exit.o(.text)
    __ARM_fpclassify                         0x08005491   Thumb Code    40  fpclassify.o(i.__ARM_fpclassify)
    __ieee754_rem_pio2                       0x080054b9   Thumb Code   828  rred.o(i.__ieee754_rem_pio2)
    __kernel_cos                             0x08005841   Thumb Code   230  cos_i.o(i.__kernel_cos)
    __kernel_poly                            0x0800593d   Thumb Code   170  poly.o(i.__kernel_poly)
    __kernel_sin                             0x080059e9   Thumb Code   224  sin_i.o(i.__kernel_sin)
    __mathlib_dbl_infnan                     0x08005ad5   Thumb Code     6  dunder.o(i.__mathlib_dbl_infnan)
    __mathlib_dbl_invalid                    0x08005adb   Thumb Code    12  dunder.o(i.__mathlib_dbl_invalid)
    __mathlib_dbl_underflow                  0x08005ae9   Thumb Code    10  dunder.o(i.__mathlib_dbl_underflow)
    cos                                      0x08005af9   Thumb Code   148  cos.o(i.cos)
    sin                                      0x08005b95   Thumb Code   150  sin.o(i.sin)
    __aeabi_dadd                             0x08005c35   Thumb Code     0  daddsub_clz.o(x$fpl$dadd)
    _dadd                                    0x08005c35   Thumb Code   332  daddsub_clz.o(x$fpl$dadd)
    __fpl_dcheck_NaN1                        0x08005d85   Thumb Code    10  dcheck1.o(x$fpl$dcheck1)
    __aeabi_ddiv                             0x08005d95   Thumb Code     0  ddiv.o(x$fpl$ddiv)
    _ddiv                                    0x08005d95   Thumb Code   552  ddiv.o(x$fpl$ddiv)
    __aeabi_d2iz                             0x08006045   Thumb Code     0  dfix.o(x$fpl$dfix)
    _dfix                                    0x08006045   Thumb Code    94  dfix.o(x$fpl$dfix)
    __aeabi_d2uiz                            0x080060a5   Thumb Code     0  dfixu.o(x$fpl$dfixu)
    _dfixu                                   0x080060a5   Thumb Code    90  dfixu.o(x$fpl$dfixu)
    __aeabi_i2d                              0x080060ff   Thumb Code     0  dflt_clz.o(x$fpl$dflt)
    _dflt                                    0x080060ff   Thumb Code    46  dflt_clz.o(x$fpl$dflt)
    __aeabi_ui2d                             0x0800612d   Thumb Code     0  dflt_clz.o(x$fpl$dfltu)
    _dfltu                                   0x0800612d   Thumb Code    38  dflt_clz.o(x$fpl$dfltu)
    __aeabi_dmul                             0x08006155   Thumb Code     0  dmul.o(x$fpl$dmul)
    _dmul                                    0x08006155   Thumb Code   332  dmul.o(x$fpl$dmul)
    __fpl_dnaninf                            0x080062a9   Thumb Code   156  dnaninf.o(x$fpl$dnaninf)
    __fpl_dretinf                            0x08006345   Thumb Code    12  dretinf.o(x$fpl$dretinf)
    __aeabi_drsub                            0x08006351   Thumb Code     0  daddsub_clz.o(x$fpl$drsb)
    _drsb                                    0x08006351   Thumb Code    22  daddsub_clz.o(x$fpl$drsb)
    __aeabi_dsub                             0x08006369   Thumb Code     0  daddsub_clz.o(x$fpl$dsub)
    _dsub                                    0x08006369   Thumb Code   464  daddsub_clz.o(x$fpl$dsub)
    __aeabi_fadd                             0x0800653d   Thumb Code     0  faddsub_clz.o(x$fpl$fadd)
    _fadd                                    0x0800653d   Thumb Code   196  faddsub_clz.o(x$fpl$fadd)
    __aeabi_fdiv                             0x08006601   Thumb Code     0  fdiv.o(x$fpl$fdiv)
    _fdiv                                    0x08006601   Thumb Code   384  fdiv.o(x$fpl$fdiv)
    __aeabi_f2iz                             0x08006785   Thumb Code     0  ffix.o(x$fpl$ffix)
    _ffix                                    0x08006785   Thumb Code    54  ffix.o(x$fpl$ffix)
    __aeabi_f2uiz                            0x080067bd   Thumb Code     0  ffixu.o(x$fpl$ffixu)
    _ffixu                                   0x080067bd   Thumb Code    62  ffixu.o(x$fpl$ffixu)
    __aeabi_i2f                              0x080067fd   Thumb Code     0  fflt_clz.o(x$fpl$fflt)
    _fflt                                    0x080067fd   Thumb Code    48  fflt_clz.o(x$fpl$fflt)
    __aeabi_ui2f                             0x0800682d   Thumb Code     0  fflt_clz.o(x$fpl$ffltu)
    _ffltu                                   0x0800682d   Thumb Code    38  fflt_clz.o(x$fpl$ffltu)
    __aeabi_fmul                             0x08006855   Thumb Code     0  fmul.o(x$fpl$fmul)
    _fmul                                    0x08006855   Thumb Code   258  fmul.o(x$fpl$fmul)
    __fpl_fnaninf                            0x08006957   Thumb Code   140  fnaninf.o(x$fpl$fnaninf)
    __fpl_fretinf                            0x080069e3   Thumb Code    10  fretinf.o(x$fpl$fretinf)
    __aeabi_fsub                             0x080069ed   Thumb Code     0  faddsub_clz.o(x$fpl$fsub)
    _fsub                                    0x080069ed   Thumb Code   234  faddsub_clz.o(x$fpl$fsub)
    __fpl_return_NaN                         0x08006ad7   Thumb Code   100  retnan.o(x$fpl$retnan)
    __ARM_scalbn                             0x08006b3b   Thumb Code    92  scalbn.o(x$fpl$scalbn)
    __fpl_cmpreturn                          0x08006b97   Thumb Code    48  trapv.o(x$fpl$trapveneer)
    __I$use$fp                               0x08006bc6   Number         0  usenofp.o(x$fpl$usenofp)
    asc2_1206                                0x08006bc6   Data        1140  gui.o(.constdata)
    asc2_1608                                0x0800703a   Data        1520  gui.o(.constdata)
    Region$$Table$$Base                      0x08007750   Number         0  anon$$obj.o(Region$$Table)
    Region$$Table$$Limit                     0x08007770   Number         0  anon$$obj.o(Region$$Table)
    SystemCoreClock                          0x20000000   Data           4  system_stm32f10x.o(.data)
    AHBPrescTable                            0x20000004   Data          16  system_stm32f10x.o(.data)
    Hzk                                      0x20000014   Data        1536  gui.o(.data)
    POINT_COLOR                              0x20000614   Data           2  lcd.o(.data)
    BACK_COLOR                               0x20000616   Data           2  lcd.o(.data)
    DeviceCode                               0x20000618   Data           2  lcd.o(.data)
    temp_key_value                           0x2000061a   Data           2  key.o(.data)
    key_value                                0x2000061c   Data           2  key.o(.data)
    up1                                      0x2000061e   Data           1  key.o(.data)
    down1                                    0x2000061f   Data           1  key.o(.data)
    left1                                    0x20000620   Data           1  key.o(.data)
    right1                                   0x20000621   Data           1  key.o(.data)
    center1                                  0x20000622   Data           1  key.o(.data)
    pup1                                     0x20000623   Data           1  key.o(.data)
    pdown1                                   0x20000624   Data           1  key.o(.data)
    pleft1                                   0x20000625   Data           1  key.o(.data)
    pright1                                  0x20000626   Data           1  key.o(.data)
    pcenter1                                 0x20000627   Data           1  key.o(.data)
    up2                                      0x20000628   Data           1  key.o(.data)
    down2                                    0x20000629   Data           1  key.o(.data)
    left2                                    0x2000062a   Data           1  key.o(.data)
    right2                                   0x2000062b   Data           1  key.o(.data)
    center2                                  0x2000062c   Data           1  key.o(.data)
    pup2                                     0x2000062d   Data           1  key.o(.data)
    pdown2                                   0x2000062e   Data           1  key.o(.data)
    pleft2                                   0x2000062f   Data           1  key.o(.data)
    pright2                                  0x20000630   Data           1  key.o(.data)
    pcenter2                                 0x20000631   Data           1  key.o(.data)
    nleft2                                   0x20000632   Data           1  key.o(.data)
    nright2                                  0x20000633   Data           1  key.o(.data)
    v1                                       0x20000634   Data           1  key.o(.data)
    v2                                       0x20000635   Data           1  key.o(.data)
    s                                        0x20000636   Data           1  key.o(.data)
    pv1                                      0x20000637   Data           1  key.o(.data)
    pv2                                      0x20000638   Data           1  key.o(.data)
    ps                                       0x20000639   Data           1  key.o(.data)
    mode                                     0x2000063c   Data           1  act.o(.data)
    mode1                                    0x2000063d   Data           1  act.o(.data)
    mode2                                    0x2000063e   Data           1  act.o(.data)
    mode1flag                                0x2000063f   Data           1  act.o(.data)
    mode2flag                                0x20000640   Data           1  act.o(.data)
    Analogvalue1                             0x20000642   Data           2  act.o(.data)
    Analogvalue2                             0x20000644   Data           2  act.o(.data)
    Analogvalue3                             0x20000648   Data           4  act.o(.data)
    Analogvalue4                             0x2000064c   Data           4  act.o(.data)
    Analogvalue5                             0x20000650   Data           4  act.o(.data)
    Analogvalue6                             0x20000654   Data           4  act.o(.data)
    value3base                               0x20000658   Data           2  act.o(.data)
    value4base                               0x2000065a   Data           2  act.o(.data)
    value5base                               0x2000065c   Data           2  act.o(.data)
    value6base                               0x2000065e   Data           2  act.o(.data)
    value3temp                               0x20000660   Data           4  act.o(.data)
    value4temp                               0x20000664   Data           4  act.o(.data)
    value5temp                               0x20000668   Data           4  act.o(.data)
    value6temp                               0x2000066c   Data           4  act.o(.data)
    Valve1                                   0x20000670   Data           1  act.o(.data)
    Valve2                                   0x20000671   Data           1  act.o(.data)
    playx                                    0x20000672   Data           2  act.o(.data)
    playy                                    0x20000674   Data           2  act.o(.data)
    cnum                                     0x2000067c   Data           1  usart.o(.data)
    dectr                                    0x2000067d   Data           6  usart.o(.data)
    speed                                    0x20000684   Data           4  usart.o(.data)
    __stdout                                 0x20000688   Data           4  usart.o(.data)
    lcddev                                   0x200006a0   Data          14  lcd.o(.bss)
    AD_Value                                 0x200006ae   Data          12  adc.o(.bss)
    cir                                      0x200006ba   Data         160  act.o(.bss)
    tempstr2                                 0x2000075a   Data          15  usart.o(.bss)
    _random_number_data                      0x2000076c   Data         228  rand.o(.bss)
    __libspace_start                         0x20000850   Data          96  libspace.o(.bss)
    __temporary_stack_top$libspace           0x200008b0   Data           0  libspace.o(.bss)



==============================================================================

Memory Map of the image

  Image Entry point : 0x080000ed

  Load Region LR_IROM1 (Base: 0x08000000, Size: 0x00007e10, Max: 0x00010000, ABSOLUTE, COMPRESSED[0x00007c08])

    Execution Region ER_IROM1 (Exec base: 0x08000000, Load base: 0x08000000, Size: 0x00007770, Max: 0x00010000, ABSOLUTE)

    Exec Addr    Load Addr    Size         Type   Attr      Idx    E Section Name        Object

    0x08000000   0x08000000   0x000000ec   Data   RO          360    RESET               startup_stm32f10x_md.o
    0x080000ec   0x080000ec   0x00000008   Code   RO          511  * !!!main             c_w.l(__main.o)
    0x080000f4   0x080000f4   0x00000034   Code   RO          809    !!!scatter          c_w.l(__scatter.o)
    0x08000128   0x08000128   0x00000064   Code   RO          807    !!dclz77c           c_w.l(__dclz77c.o)
    0x0800018c   0x0800018c   0x0000001c   Code   RO          811    !!handler_zi        c_w.l(__scatter_zi.o)
    0x080001a8   0x080001a8   0x00000000   Code   RO          503    .ARM.Collect$$_printf_percent$$00000000  c_w.l(_printf_percent.o)
    0x080001a8   0x080001a8   0x00000006   Code   RO          502    .ARM.Collect$$_printf_percent$$00000009  c_w.l(_printf_d.o)
    0x080001ae   0x080001ae   0x00000006   Code   RO          501    .ARM.Collect$$_printf_percent$$00000014  c_w.l(_printf_s.o)
    0x080001b4   0x080001b4   0x00000004   Code   RO          588    .ARM.Collect$$_printf_percent$$00000017  c_w.l(_printf_percent_end.o)
    0x080001b8   0x080001b8   0x00000002   Code   RO          731    .ARM.Collect$$libinit$$00000000  c_w.l(libinit.o)
    0x080001ba   0x080001ba   0x00000000   Code   RO          590    .ARM.Collect$$libinit$$00000002  c_w.l(libinit2.o)
    0x080001ba   0x080001ba   0x00000000   Code   RO          592    .ARM.Collect$$libinit$$00000004  c_w.l(libinit2.o)
    0x080001ba   0x080001ba   0x00000000   Code   RO          595    .ARM.Collect$$libinit$$0000000A  c_w.l(libinit2.o)
    0x080001ba   0x080001ba   0x00000000   Code   RO          597    .ARM.Collect$$libinit$$0000000C  c_w.l(libinit2.o)
    0x080001ba   0x080001ba   0x00000004   Code   RO          598    .ARM.Collect$$libinit$$0000000D  c_w.l(libinit2.o)
    0x080001be   0x080001be   0x00000000   Code   RO          599    .ARM.Collect$$libinit$$0000000E  c_w.l(libinit2.o)
    0x080001be   0x080001be   0x00000000   Code   RO          602    .ARM.Collect$$libinit$$00000011  c_w.l(libinit2.o)
    0x080001be   0x080001be   0x00000000   Code   RO          604    .ARM.Collect$$libinit$$00000013  c_w.l(libinit2.o)
    0x080001be   0x080001be   0x00000000   Code   RO          606    .ARM.Collect$$libinit$$00000015  c_w.l(libinit2.o)
    0x080001be   0x080001be   0x00000000   Code   RO          608    .ARM.Collect$$libinit$$00000017  c_w.l(libinit2.o)
    0x080001be   0x080001be   0x00000000   Code   RO          610    .ARM.Collect$$libinit$$00000019  c_w.l(libinit2.o)
    0x080001be   0x080001be   0x00000000   Code   RO          612    .ARM.Collect$$libinit$$0000001B  c_w.l(libinit2.o)
    0x080001be   0x080001be   0x00000000   Code   RO          614    .ARM.Collect$$libinit$$0000001D  c_w.l(libinit2.o)
    0x080001be   0x080001be   0x00000000   Code   RO          616    .ARM.Collect$$libinit$$0000001F  c_w.l(libinit2.o)
    0x080001be   0x080001be   0x00000000   Code   RO          618    .ARM.Collect$$libinit$$00000021  c_w.l(libinit2.o)
    0x080001be   0x080001be   0x00000000   Code   RO          620    .ARM.Collect$$libinit$$00000023  c_w.l(libinit2.o)
    0x080001be   0x080001be   0x00000000   Code   RO          622    .ARM.Collect$$libinit$$00000025  c_w.l(libinit2.o)
    0x080001be   0x080001be   0x00000000   Code   RO          626    .ARM.Collect$$libinit$$0000002C  c_w.l(libinit2.o)
    0x080001be   0x080001be   0x00000000   Code   RO          628    .ARM.Collect$$libinit$$0000002E  c_w.l(libinit2.o)
    0x080001be   0x080001be   0x00000000   Code   RO          630    .ARM.Collect$$libinit$$00000030  c_w.l(libinit2.o)
    0x080001be   0x080001be   0x00000000   Code   RO          632    .ARM.Collect$$libinit$$00000032  c_w.l(libinit2.o)
    0x080001be   0x080001be   0x00000002   Code   RO          633    .ARM.Collect$$libinit$$00000033  c_w.l(libinit2.o)
    0x080001c0   0x080001c0   0x00000002   Code   RO          768    .ARM.Collect$$libshutdown$$00000000  c_w.l(libshutdown.o)
    0x080001c2   0x080001c2   0x00000000   Code   RO          774    .ARM.Collect$$libshutdown$$00000002  c_w.l(libshutdown2.o)
    0x080001c2   0x080001c2   0x00000000   Code   RO          776    .ARM.Collect$$libshutdown$$00000004  c_w.l(libshutdown2.o)
    0x080001c2   0x080001c2   0x00000000   Code   RO          779    .ARM.Collect$$libshutdown$$00000007  c_w.l(libshutdown2.o)
    0x080001c2   0x080001c2   0x00000000   Code   RO          782    .ARM.Collect$$libshutdown$$0000000A  c_w.l(libshutdown2.o)
    0x080001c2   0x080001c2   0x00000000   Code   RO          784    .ARM.Collect$$libshutdown$$0000000C  c_w.l(libshutdown2.o)
    0x080001c2   0x080001c2   0x00000000   Code   RO          787    .ARM.Collect$$libshutdown$$0000000F  c_w.l(libshutdown2.o)
    0x080001c2   0x080001c2   0x00000002   Code   RO          788    .ARM.Collect$$libshutdown$$00000010  c_w.l(libshutdown2.o)
    0x080001c4   0x080001c4   0x00000000   Code   RO          575    .ARM.Collect$$rtentry$$00000000  c_w.l(__rtentry.o)
    0x080001c4   0x080001c4   0x00000000   Code   RO          672    .ARM.Collect$$rtentry$$00000002  c_w.l(__rtentry2.o)
    0x080001c4   0x080001c4   0x00000006   Code   RO          684    .ARM.Collect$$rtentry$$00000004  c_w.l(__rtentry4.o)
    0x080001ca   0x080001ca   0x00000000   Code   RO          674    .ARM.Collect$$rtentry$$00000009  c_w.l(__rtentry2.o)
    0x080001ca   0x080001ca   0x00000004   Code   RO          675    .ARM.Collect$$rtentry$$0000000A  c_w.l(__rtentry2.o)
    0x080001ce   0x080001ce   0x00000000   Code   RO          677    .ARM.Collect$$rtentry$$0000000C  c_w.l(__rtentry2.o)
    0x080001ce   0x080001ce   0x00000008   Code   RO          678    .ARM.Collect$$rtentry$$0000000D  c_w.l(__rtentry2.o)
    0x080001d6   0x080001d6   0x00000002   Code   RO          736    .ARM.Collect$$rtexit$$00000000  c_w.l(rtexit.o)
    0x080001d8   0x080001d8   0x00000000   Code   RO          748    .ARM.Collect$$rtexit$$00000002  c_w.l(rtexit2.o)
    0x080001d8   0x080001d8   0x00000004   Code   RO          749    .ARM.Collect$$rtexit$$00000003  c_w.l(rtexit2.o)
    0x080001dc   0x080001dc   0x00000006   Code   RO          750    .ARM.Collect$$rtexit$$00000004  c_w.l(rtexit2.o)
    0x080001e2   0x080001e2   0x00000002   PAD
    0x080001e4   0x080001e4   0x00000034   Code   RO          504    .emb_text           c_w.l(rand.o)
    0x08000218   0x08000218   0x00000074   Code   RO            1    .text               main.o
    0x0800028c   0x0800028c   0x0000001a   Code   RO          135    .text               stm32f10x_it.o
    0x080002a6   0x080002a6   0x00000002   PAD
    0x080002a8   0x080002a8   0x000001e0   Code   RO          176    .text               system_stm32f10x.o
    0x08000488   0x08000488   0x000007c4   Code   RO          194    .text               gui.o
    0x08000c4c   0x08000c4c   0x00000520   Code   RO          216    .text               lcd.o
    0x0800116c   0x0800116c   0x00000170   Code   RO          235    .text               adc.o
    0x080012dc   0x080012dc   0x0000032c   Code   RO          253    .text               key.o
    0x08001608   0x08001608   0x000022c4   Code   RO          271    .text               act.o
    0x080038cc   0x080038cc   0x000000d4   Code   RO          294    .text               delay.o
    0x080039a0   0x080039a0   0x00000198   Code   RO          325    .text               usart.o
    0x08003b38   0x08003b38   0x00000040   Code   RO          361    .text               startup_stm32f10x_md.o
    0x08003b78   0x08003b78   0x0000035c   Code   RO          365    .text               stm32f10x_gpio.o
    0x08003ed4   0x08003ed4   0x000003a4   Code   RO          377    .text               stm32f10x_rcc.o
    0x08004278   0x08004278   0x00000408   Code   RO          391    .text               stm32f10x_usart.o
    0x08004680   0x08004680   0x000000dc   Code   RO          403    .text               misc.o
    0x0800475c   0x0800475c   0x0000044e   Code   RO          427    .text               stm32f10x_adc.o
    0x08004baa   0x08004baa   0x00000002   PAD
    0x08004bac   0x08004bac   0x0000030c   Code   RO          439    .text               stm32f10x_spi.o
    0x08004eb8   0x08004eb8   0x00000254   Code   RO          451    .text               stm32f10x_dma.o
    0x0800510c   0x0800510c   0x00000002   Code   RO          465    .text               c_w.l(use_no_semi_2.o)
    0x0800510e   0x0800510e   0x00000002   PAD
    0x08005110   0x08005110   0x00000018   Code   RO          471    .text               c_w.l(noretval__2printf.o)
    0x08005128   0x08005128   0x00000028   Code   RO          473    .text               c_w.l(noretval__2sprintf.o)
    0x08005150   0x08005150   0x00000068   Code   RO          475    .text               c_w.l(__printf.o)
    0x080051b8   0x080051b8   0x00000052   Code   RO          477    .text               c_w.l(_printf_str.o)
    0x0800520a   0x0800520a   0x00000002   PAD
    0x0800520c   0x0800520c   0x00000078   Code   RO          479    .text               c_w.l(_printf_dec.o)
    0x08005284   0x08005284   0x0000003c   Code   RO          505    .text               c_w.l(rand.o)
    0x080052c0   0x080052c0   0x00000006   Code   RO          509    .text               c_w.l(heapauxi.o)
    0x080052c6   0x080052c6   0x00000002   Code   RO          573    .text               c_w.l(use_no_semi.o)
    0x080052c8   0x080052c8   0x00000016   Code   RO          576    .text               c_w.l(_rserrno.o)
    0x080052de   0x080052de   0x000000b2   Code   RO          578    .text               c_w.l(_printf_intcommon.o)
    0x08005390   0x08005390   0x00000030   Code   RO          580    .text               c_w.l(_printf_char_common.o)
    0x080053c0   0x080053c0   0x0000000a   Code   RO          582    .text               c_w.l(_sputc.o)
    0x080053ca   0x080053ca   0x0000002c   Code   RO          584    .text               c_w.l(_printf_char.o)
    0x080053f6   0x080053f6   0x00000002   PAD
    0x080053f8   0x080053f8   0x00000024   Code   RO          586    .text               c_w.l(_printf_char_file.o)
    0x0800541c   0x0800541c   0x00000008   Code   RO          689    .text               c_w.l(rt_errno_addr_intlibspace.o)
    0x08005424   0x08005424   0x00000008   Code   RO          693    .text               c_w.l(ferror.o)
    0x0800542c   0x0800542c   0x00000008   Code   RO          715    .text               c_w.l(libspace.o)
    0x08005434   0x08005434   0x0000004a   Code   RO          718    .text               c_w.l(sys_stackheap_outer.o)
    0x0800547e   0x0800547e   0x00000012   Code   RO          720    .text               c_w.l(exit.o)
    0x08005490   0x08005490   0x00000028   Code   RO          711    i.__ARM_fpclassify  m_ws.l(fpclassify.o)
    0x080054b8   0x080054b8   0x00000388   Code   RO          660    i.__ieee754_rem_pio2  m_ws.l(rred.o)
    0x08005840   0x08005840   0x000000fc   Code   RO          643    i.__kernel_cos      m_ws.l(cos_i.o)
    0x0800593c   0x0800593c   0x000000aa   Code   RO          713    i.__kernel_poly     m_ws.l(poly.o)
    0x080059e6   0x080059e6   0x00000002   PAD
    0x080059e8   0x080059e8   0x000000ec   Code   RO          665    i.__kernel_sin      m_ws.l(sin_i.o)
    0x08005ad4   0x08005ad4   0x00000006   Code   RO          647    i.__mathlib_dbl_infnan  m_ws.l(dunder.o)
    0x08005ada   0x08005ada   0x0000000c   Code   RO          649    i.__mathlib_dbl_invalid  m_ws.l(dunder.o)
    0x08005ae6   0x08005ae6   0x00000002   PAD
    0x08005ae8   0x08005ae8   0x00000010   Code   RO          652    i.__mathlib_dbl_underflow  m_ws.l(dunder.o)
    0x08005af8   0x08005af8   0x0000009c   Code   RO          558    i.cos               m_ws.l(cos.o)
    0x08005b94   0x08005b94   0x000000a0   Code   RO          566    i.sin               m_ws.l(sin.o)
    0x08005c34   0x08005c34   0x00000150   Code   RO          513    x$fpl$dadd          fz_ws.l(daddsub_clz.o)
    0x08005d84   0x08005d84   0x00000010   Code   RO          732    x$fpl$dcheck1       fz_ws.l(dcheck1.o)
    0x08005d94   0x08005d94   0x000002b0   Code   RO          700    x$fpl$ddiv          fz_ws.l(ddiv.o)
    0x08006044   0x08006044   0x0000005e   Code   RO          703    x$fpl$dfix          fz_ws.l(dfix.o)
    0x080060a2   0x080060a2   0x00000002   PAD
    0x080060a4   0x080060a4   0x0000005a   Code   RO          519    x$fpl$dfixu         fz_ws.l(dfixu.o)
    0x080060fe   0x080060fe   0x0000002e   Code   RO          524    x$fpl$dflt          fz_ws.l(dflt_clz.o)
    0x0800612c   0x0800612c   0x00000026   Code   RO          523    x$fpl$dfltu         fz_ws.l(dflt_clz.o)
    0x08006152   0x08006152   0x00000002   PAD
    0x08006154   0x08006154   0x00000154   Code   RO          529    x$fpl$dmul          fz_ws.l(dmul.o)
    0x080062a8   0x080062a8   0x0000009c   Code   RO          634    x$fpl$dnaninf       fz_ws.l(dnaninf.o)
    0x08006344   0x08006344   0x0000000c   Code   RO          636    x$fpl$dretinf       fz_ws.l(dretinf.o)
    0x08006350   0x08006350   0x00000016   Code   RO          514    x$fpl$drsb          fz_ws.l(daddsub_clz.o)
    0x08006366   0x08006366   0x00000002   PAD
    0x08006368   0x08006368   0x000001d4   Code   RO          515    x$fpl$dsub          fz_ws.l(daddsub_clz.o)
    0x0800653c   0x0800653c   0x000000c4   Code   RO          531    x$fpl$fadd          fz_ws.l(faddsub_clz.o)
    0x08006600   0x08006600   0x00000184   Code   RO          538    x$fpl$fdiv          fz_ws.l(fdiv.o)
    0x08006784   0x08006784   0x00000036   Code   RO          541    x$fpl$ffix          fz_ws.l(ffix.o)
    0x080067ba   0x080067ba   0x00000002   PAD
    0x080067bc   0x080067bc   0x0000003e   Code   RO          545    x$fpl$ffixu         fz_ws.l(ffixu.o)
    0x080067fa   0x080067fa   0x00000002   PAD
    0x080067fc   0x080067fc   0x00000030   Code   RO          550    x$fpl$fflt          fz_ws.l(fflt_clz.o)
    0x0800682c   0x0800682c   0x00000026   Code   RO          549    x$fpl$ffltu         fz_ws.l(fflt_clz.o)
    0x08006852   0x08006852   0x00000002   PAD
    0x08006854   0x08006854   0x00000102   Code   RO          555    x$fpl$fmul          fz_ws.l(fmul.o)
    0x08006956   0x08006956   0x0000008c   Code   RO          638    x$fpl$fnaninf       fz_ws.l(fnaninf.o)
    0x080069e2   0x080069e2   0x0000000a   Code   RO          640    x$fpl$fretinf       fz_ws.l(fretinf.o)
    0x080069ec   0x080069ec   0x000000ea   Code   RO          533    x$fpl$fsub          fz_ws.l(faddsub_clz.o)
    0x08006ad6   0x08006ad6   0x00000064   Code   RO          744    x$fpl$retnan        fz_ws.l(retnan.o)
    0x08006b3a   0x08006b3a   0x0000005c   Code   RO          709    x$fpl$scalbn        fz_ws.l(scalbn.o)
    0x08006b96   0x08006b96   0x00000030   Code   RO          760    x$fpl$trapveneer    fz_ws.l(trapv.o)
    0x08006bc6   0x08006bc6   0x00000000   Code   RO          642    x$fpl$usenofp       fz_ws.l(usenofp.o)
    0x08006bc6   0x08006bc6   0x00000a64   Data   RO          195    .constdata          gui.o
    0x0800762a   0x0800762a   0x00000006   PAD
    0x08007630   0x08007630   0x00000030   Data   RO          644    .constdata          m_ws.l(cos_i.o)
    0x08007660   0x08007660   0x000000c8   Data   RO          662    .constdata          m_ws.l(rred.o)
    0x08007728   0x08007728   0x00000028   Data   RO          666    .constdata          m_ws.l(sin_i.o)
    0x08007750   0x08007750   0x00000020   Data   RO          805    Region$$Table       anon$$obj.o


    Execution Region RW_IRAM1 (Exec base: 0x20000000, Load base: 0x08007770, Size: 0x00000eb0, Max: 0x00005000, ABSOLUTE, COMPRESSED[0x00000498])

    Exec Addr    Load Addr    Size         Type   Attr      Idx    E Section Name        Object

    0x20000000   COMPRESSED   0x00000014   Data   RW          177    .data               system_stm32f10x.o
    0x20000014   COMPRESSED   0x00000600   Data   RW          196    .data               gui.o
    0x20000614   COMPRESSED   0x00000006   Data   RW          218    .data               lcd.o
    0x2000061a   COMPRESSED   0x00000020   Data   RW          254    .data               key.o
    0x2000063a   COMPRESSED   0x00000002   PAD
    0x2000063c   COMPRESSED   0x0000003a   Data   RW          273    .data               act.o
    0x20000676   COMPRESSED   0x00000004   Data   RW          295    .data               delay.o
    0x2000067a   COMPRESSED   0x00000002   PAD
    0x2000067c   COMPRESSED   0x00000010   Data   RW          327    .data               usart.o
    0x2000068c   COMPRESSED   0x00000014   Data   RW          378    .data               stm32f10x_rcc.o
    0x200006a0        -       0x0000000e   Zero   RW          217    .bss                lcd.o
    0x200006ae        -       0x0000000c   Zero   RW          236    .bss                adc.o
    0x200006ba        -       0x000000a0   Zero   RW          272    .bss                act.o
    0x2000075a        -       0x0000000f   Zero   RW          326    .bss                usart.o
    0x20000769   COMPRESSED   0x00000003   PAD
    0x2000076c        -       0x000000e4   Zero   RW          506    .bss                c_w.l(rand.o)
    0x20000850        -       0x00000060   Zero   RW          716    .bss                c_w.l(libspace.o)
    0x200008b0        -       0x00000200   Zero   RW          359    HEAP                startup_stm32f10x_md.o
    0x20000ab0        -       0x00000400   Zero   RW          358    STACK               startup_stm32f10x_md.o


==============================================================================

Image component sizes


      Code (inc. data)   RO Data    RW Data    ZI Data      Debug   Object Name

      8900       1084          0         58        160       7865   act.o
       368         16          0          0         12       1843   adc.o
       212         18          0          4          0       1039   delay.o
      1988         32       2660       1536          0       8262   gui.o
       812        130          0         32          0       1975   key.o
      1312         22          0          6         14       6582   lcd.o
       116          0          0          0          0     257323   main.o
       220         22          0          0          0       1797   misc.o
        64         26        236          0       1536        796   startup_stm32f10x_md.o
      1102         26          0          0          0      11041   stm32f10x_adc.o
       596          8          0          0          0       4362   stm32f10x_dma.o
       860         38          0          0          0       5729   stm32f10x_gpio.o
        26          0          0          0          0       1178   stm32f10x_it.o
       932         36          0         20          0       8908   stm32f10x_rcc.o
       780         14          0          0          0       6614   stm32f10x_spi.o
      1032         22          0          0          0       8456   stm32f10x_usart.o
         0          0          0          0          0         32   sys.o
       480         38          0         20          0       1731   system_stm32f10x.o
       408         28          0         16         15       3394   usart.o

    ----------------------------------------------------------------------
     20212       1560       2934       1696       1740     338927   Object Totals
         0          0         32          0          0          0   (incl. Generated)
         4          0          6          4          3          0   (incl. Padding)

    ----------------------------------------------------------------------

      Code (inc. data)   RO Data    RW Data    ZI Data      Debug   Library Member Name

       100          0          0          0          0          0   __dclz77c.o
         8          0          0          0          0         68   __main.o
       104          0          0          0          0         84   __printf.o
         0          0          0          0          0          0   __rtentry.o
        12          0          0          0          0          0   __rtentry2.o
         6          0          0          0          0          0   __rtentry4.o
        52          8          0          0          0          0   __scatter.o
        28          0          0          0          0          0   __scatter_zi.o
        44          0          0          0          0        108   _printf_char.o
        48          6          0          0          0         96   _printf_char_common.o
        36          4          0          0          0         80   _printf_char_file.o
         6          0          0          0          0          0   _printf_d.o
       120         16          0          0          0         92   _printf_dec.o
       178          0          0          0          0         88   _printf_intcommon.o
         0          0          0          0          0          0   _printf_percent.o
         4          0          0          0          0          0   _printf_percent_end.o
         6          0          0          0          0          0   _printf_s.o
        82          0          0          0          0         80   _printf_str.o
        22          0          0          0          0        100   _rserrno.o
        10          0          0          0          0         68   _sputc.o
        18          0          0          0          0         80   exit.o
         8          0          0          0          0         68   ferror.o
         6          0          0          0          0        152   heapauxi.o
         2          0          0          0          0          0   libinit.o
         6          0          0          0          0          0   libinit2.o
         2          0          0          0          0          0   libshutdown.o
         2          0          0          0          0          0   libshutdown2.o
         8          4          0          0         96         68   libspace.o
        24          4          0          0          0         84   noretval__2printf.o
        40          6          0          0          0         84   noretval__2sprintf.o
       112         18          0          0        228        160   rand.o
         8          4          0          0          0         68   rt_errno_addr_intlibspace.o
         2          0          0          0          0          0   rtexit.o
        10          0          0          0          0          0   rtexit2.o
        74          0          0          0          0         80   sys_stackheap_outer.o
         2          0          0          0          0         68   use_no_semi.o
         2          0          0          0          0         68   use_no_semi_2.o
       826         16          0          0          0        348   daddsub_clz.o
        16          4          0          0          0         68   dcheck1.o
       688        140          0          0          0        208   ddiv.o
        94          4          0          0          0         92   dfix.o
        90          4          0          0          0         92   dfixu.o
        84          0          0          0          0        136   dflt_clz.o
       340         12          0          0          0        104   dmul.o
       156          4          0          0          0         92   dnaninf.o
        12          0          0          0          0         68   dretinf.o
       430          8          0          0          0        168   faddsub_clz.o
       388         76          0          0          0         96   fdiv.o
        54          4          0          0          0         84   ffix.o
        62          4          0          0          0         84   ffixu.o
        86          0          0          0          0        136   fflt_clz.o
       258          4          0          0          0         84   fmul.o
       140          4          0          0          0         84   fnaninf.o
        10          0          0          0          0         68   fretinf.o
       100          0          0          0          0         68   retnan.o
        92          0          0          0          0         68   scalbn.o
        48          0          0          0          0         68   trapv.o
         0          0          0          0          0          0   usenofp.o
       156          8          0          0          0        104   cos.o
       252         22         48          0          0        124   cos_i.o
        34          6          0          0          0        204   dunder.o
        40          0          0          0          0         68   fpclassify.o
       170          0          0          0          0         96   poly.o
       904         76        200          0          0        140   rred.o
       160         10          0          0          0        108   sin.o
       236         12         40          0          0        128   sin_i.o

    ----------------------------------------------------------------------
      7142        488        288          0        324       5032   Library Totals
        24          0          0          0          0          0   (incl. Padding)

    ----------------------------------------------------------------------

      Code (inc. data)   RO Data    RW Data    ZI Data      Debug   Library Name

      1192         70          0          0        324       1844   c_w.l
      3974        284          0          0          0       2216   fz_ws.l
      1952        134        288          0          0        972   m_ws.l

    ----------------------------------------------------------------------
      7142        488        288          0        324       5032   Library Totals

    ----------------------------------------------------------------------

==============================================================================


      Code (inc. data)   RO Data    RW Data    ZI Data      Debug   

     27354       2048       3222       1696       2064     339691   Grand Totals
     27354       2048       3222       1176       2064     339691   ELF Image Totals (compressed)
     27354       2048       3222       1176          0          0   ROM Totals

==============================================================================

    Total RO  Size (Code + RO Data)                30576 (  29.86kB)
    Total RW  Size (RW Data + ZI Data)              3760 (   3.67kB)
    Total ROM Size (Code + RO Data + RW Data)      31752 (  31.01kB)

==============================================================================

