Component: ARM Compiler 5.06 update 5 (build 528) Tool: armlink [4d35e2]

==============================================================================

Section Cross References

    main.o(.text) refers to system_stm32f10x.o(.text) for SystemInit
    main.o(.text) refers to delay.o(.text) for delay_init
    main.o(.text) refers to lcd.o(.text) for LCD_Init
    main.o(.text) refers to usart.o(.text) for uart_init
    main.o(.text) refers to adc.o(.text) for Analog_Sample_Init
    main.o(.text) refers to key.o(.text) for Key_Init
    main.o(.text) refers to act.o(.text) for work
    system_stm32f10x.o(.text) refers to system_stm32f10x.o(.data) for SystemCoreClock
    gui.o(.text) refers to lcd.o(.text) for LCD_SetCursor
    gui.o(.text) refers to lcd.o(.bss) for lcddev
    gui.o(.text) refers to lcd.o(.data) for POINT_COLOR
    gui.o(.text) refers to gui.o(.constdata) for asc2_1206
    gui.o(.text) refers to strlen.o(.text) for strlen
    lcd.o(.text) refers to stm32f10x_rcc.o(.text) for RCC_APB2PeriphClockCmd
    lcd.o(.text) refers to stm32f10x_gpio.o(.text) for GPIO_Init
    lcd.o(.text) refers to stm32f10x_spi.o(.text) for SPI_Init
    lcd.o(.text) refers to delay.o(.text) for delay_ms
    lcd.o(.text) refers to lcd.o(.bss) for lcddev
    lcd.o(.text) refers to lcd.o(.data) for POINT_COLOR
    adc.o(.text) refers to stm32f10x_rcc.o(.text) for RCC_APB2PeriphClockCmd
    adc.o(.text) refers to stm32f10x_gpio.o(.text) for GPIO_Init
    adc.o(.text) refers to stm32f10x_adc.o(.text) for ADC_DeInit
    adc.o(.text) refers to stm32f10x_dma.o(.text) for DMA_DeInit
    adc.o(.text) refers to adc.o(.data) for AD_Value
    key.o(.text) refers to stm32f10x_rcc.o(.text) for RCC_APB2PeriphClockCmd
    key.o(.text) refers to stm32f10x_gpio.o(.text) for GPIO_Init
    key.o(.text) refers to key.o(.data) for temp_key_value
    act.o(.text) refers to _printf_percent.o(.ARM.Collect$$_printf_percent$$00000000) for _printf_percent
    act.o(.text) refers to _printf_d.o(.ARM.Collect$$_printf_percent$$00000009) for _printf_d
    act.o(.text) refers to _printf_dec.o(.text) for _printf_int_dec
    act.o(.text) refers to _printf_s.o(.ARM.Collect$$_printf_percent$$00000014) for _printf_s
    act.o(.text) refers to _printf_str.o(.text) for _printf_str
    act.o(.text) refers to gui.o(.text) for LCD_Fill
    act.o(.text) refers to lcd.o(.text) for LCD_Clear
    act.o(.text) refers to fflt_clz.o(x$fpl$ffltu) for __aeabi_ui2f
    act.o(.text) refers to fmul.o(x$fpl$fmul) for __aeabi_fmul
    act.o(.text) refers to fdiv.o(x$fpl$fdiv) for __aeabi_fdiv
    act.o(.text) refers to ffixu.o(x$fpl$ffixu) for __aeabi_f2uiz
    act.o(.text) refers to faddsub_clz.o(x$fpl$fadd) for __aeabi_fadd
    act.o(.text) refers to act.o(.data) for mode
    act.o(.text) refers to adc.o(.data) for AD_Value
    act.o(.text) refers to fflt_clz.o(x$fpl$fflt) for __aeabi_i2f
    act.o(.text) refers to ffix.o(x$fpl$ffix) for __aeabi_f2iz
    act.o(.text) refers to delay.o(.text) for delay_ms
    act.o(.text) refers to key.o(.text) for read_key
    act.o(.text) refers to noretval__2printf.o(.text) for __2printf
    act.o(.text) refers to noretval__2sprintf.o(.text) for __2sprintf
    act.o(.text) refers to key.o(.data) for key_value
    delay.o(.text) refers to misc.o(.text) for SysTick_CLKSourceConfig
    delay.o(.text) refers to system_stm32f10x.o(.data) for SystemCoreClock
    delay.o(.text) refers to delay.o(.data) for fac_us
    usart.o(.text) refers (Special) to use_no_semi_2.o(.text) for __use_no_semihosting
    usart.o(.text) refers to _printf_percent.o(.ARM.Collect$$_printf_percent$$00000000) for _printf_percent
    usart.o(.text) refers to _printf_d.o(.ARM.Collect$$_printf_percent$$00000009) for _printf_d
    usart.o(.text) refers to _printf_s.o(.ARM.Collect$$_printf_percent$$00000014) for _printf_s
    usart.o(.text) refers to _printf_dec.o(.text) for _printf_int_dec
    usart.o(.text) refers to _printf_str.o(.text) for _printf_str
    usart.o(.text) refers to stm32f10x_rcc.o(.text) for RCC_APB2PeriphClockCmd
    usart.o(.text) refers to stm32f10x_gpio.o(.text) for GPIO_Init
    usart.o(.text) refers to misc.o(.text) for NVIC_Init
    usart.o(.text) refers to stm32f10x_usart.o(.text) for USART_Init
    usart.o(.text) refers to noretval__2sprintf.o(.text) for __2sprintf
    usart.o(.text) refers to act.o(.text) for writefeedback
    usart.o(.text) refers to usart.o(.data) for cnum
    usart.o(.text) refers to usart.o(.bss) for tempstr2
    usart.o(.bss) refers (Special) to use_no_semi_2.o(.text) for __use_no_semihosting
    usart.o(.data) refers (Special) to use_no_semi_2.o(.text) for __use_no_semihosting
    startup_stm32f10x_md.o(STACK) refers (Special) to heapauxi.o(.text) for __use_two_region_memory
    startup_stm32f10x_md.o(HEAP) refers (Special) to heapauxi.o(.text) for __use_two_region_memory
    startup_stm32f10x_md.o(RESET) refers (Special) to heapauxi.o(.text) for __use_two_region_memory
[...]
    libinit2.o(.ARM.Collect$$libinit$$00000010) refers to libinit2.o(.ARM.Collect$$libinit$$0000000F) for .ARM.Collect$$libinit$$0000000F
    libinit2.o(.ARM.Collect$$libinit$$00000012) refers to libinit2.o(.ARM.Collect$$libinit$$0000000F) for .ARM.Collect$$libinit$$0000000F
    libinit2.o(.ARM.Collect$$libinit$$00000014) refers to libinit2.o(.ARM.Collect$$libinit$$0000000F) for .ARM.Collect$$libinit$$0000000F
    libinit2.o(.ARM.Collect$$libinit$$00000016) refers to libinit2.o(.ARM.Collect$$libinit$$0000000F) for .ARM.Collect$$libinit$$0000000F
    libinit2.o(.ARM.Collect$$libinit$$00000018) refers to libinit2.o(.ARM.Collect$$libinit$$0000000F) for .ARM.Collect$$libinit$$0000000F
    libinit2.o(.ARM.Collect$$libinit$$00000026) refers to argv_veneer.o(.emb_text) for __ARM_argv_veneer
    libinit2.o(.ARM.Collect$$libinit$$00000027) refers to argv_veneer.o(.emb_text) for __ARM_argv_veneer
    rtexit2.o(.ARM.Collect$$rtexit$$00000003) refers to libshutdown.o(.ARM.Collect$$libshutdown$$00000000) for __rt_lib_shutdown
    rtexit2.o(.ARM.Collect$$rtexit$$00000004) refers to usart.o(.text) for _sys_exit
    rtexit2.o(.ARM.exidx) refers to rtexit2.o(.ARM.Collect$$rtexit$$00000001) for .ARM.Collect$$rtexit$$00000001
    rtexit2.o(.ARM.exidx) refers to rtexit2.o(.ARM.Collect$$rtexit$$00000003) for .ARM.Collect$$rtexit$$00000003
    rtexit2.o(.ARM.exidx) refers to rtexit2.o(.ARM.Collect$$rtexit$$00000004) for .ARM.Collect$$rtexit$$00000004
    argv_veneer.o(.emb_text) refers to no_argv.o(.text) for __ARM_get_argv
    _get_argv_nomalloc.o(.text) refers (Special) to hrguard.o(.text) for __heap_region$guard
    _get_argv_nomalloc.o(.text) refers to defsig_rtmem_outer.o(.text) for __rt_SIGRTMEM
    _get_argv_nomalloc.o(.text) refers to sys_command.o(.text) for _sys_command_string
    libshutdown.o(.ARM.Collect$$libshutdown$$00000000) refers (Special) to libshutdown2.o(.ARM.Collect$$libshutdown$$00000002) for __rt_lib_shutdown_cpp_1
    libshutdown.o(.ARM.Collect$$libshutdown$$00000000) refers (Special) to libshutdown2.o(.ARM.Collect$$libshutdown$$00000007) for __rt_lib_shutdown_fp_trap_1
    libshutdown.o(.ARM.Collect$$libshutdown$$00000000) refers (Special) to libshutdown2.o(.ARM.Collect$$libshutdown$$0000000F) for __rt_lib_shutdown_heap_1
    libshutdown.o(.ARM.Collect$$libshutdown$$00000000) refers (Special) to libshutdown2.o(.ARM.Collect$$libshutdown$$00000010) for __rt_lib_shutdown_return
    libshutdown.o(.ARM.Collect$$libshutdown$$00000000) refers (Special) to libshutdown2.o(.ARM.Collect$$libshutdown$$0000000A) for __rt_lib_shutdown_signal_1
    libshutdown.o(.ARM.Collect$$libshutdown$$00000000) refers (Special) to libshutdown2.o(.ARM.Collect$$libshutdown$$00000004) for __rt_lib_shutdown_stdio_1
    libshutdown.o(.ARM.Collect$$libshutdown$$00000000) refers (Special) to libshutdown2.o(.ARM.Collect$$libshutdown$$0000000C) for __rt_lib_shutdown_user_alloc_1
    sys_command.o(.text) refers (Special) to use_no_semi.o(.text) for __I$use$semihosting
    sys_command.o(.text) refers (Special) to indicate_semi.o(.text) for __semihosting_library_function
    defsig_rtmem_outer.o(.text) refers to defsig_rtmem_inner.o(.text) for __rt_SIGRTMEM_inner
    defsig_rtmem_outer.o(.text) refers to defsig_exit.o(.text) for __sig_exit
    defsig_rtmem_formal.o(.text) refers to rt_raise.o(.text) for __rt_raise
    rt_raise.o(.text) refers to __raise.o(.text) for __raise
    rt_raise.o(.text) refers to usart.o(.text) for _sys_exit
    defsig_exit.o(.text) refers to usart.o(.text) for _sys_exit
    defsig_rtmem_inner.o(.text) refers to defsig_general.o(.text) for __default_signal_display
    __raise.o(.text) refers to defsig.o(CL$$defsig) for __default_signal_handler
    defsig_general.o(.text) refers to sys_wrch.o(.text) for _ttywrch
    sys_wrch.o(.text) refers (Special) to use_no_semi.o(.text) for __I$use$semihosting
    sys_wrch.o(.text) refers (Special) to indicate_semi.o(.text) for __semihosting_library_function
    defsig.o(CL$$defsig) refers to defsig_rtmem_inner.o(.text) for __rt_SIGRTMEM_inner
    defsig_abrt_inner.o(.text) refers to defsig_general.o(.text) for __default_signal_display
    defsig_fpe_inner.o(.text) refers to defsig_general.o(.text) for __default_signal_display
    defsig_rtred_inner.o(.text) refers to defsig_general.o(.text) for __default_signal_display
    defsig_stak_inner.o(.text) refers to defsig_general.o(.text) for __default_signal_display
    defsig_pvfn_inner.o(.text) refers to defsig_general.o(.text) for __default_signal_display
    defsig_cppl_inner.o(.text) refers to defsig_general.o(.text) for __default_signal_display
    defsig_segv_inner.o(.text) refers to defsig_general.o(.text) for __default_signal_display
    defsig_other.o(.text) refers to defsig_general.o(.text) for __default_signal_display


==============================================================================

Removing Unused input sections from the image.

    Removing sys.o(.emb_text), (6 bytes).
    Removing sys.o(.text), (12 bytes).
    Removing core_cm3.o(.emb_text), (32 bytes).
    Removing stm32f10x_tim.o(.text), (3610 bytes).

4 unused section(s) (total 3660 bytes) removed from the image.

==============================================================================

Image Symbol Table

    Local Symbols

    Symbol Name                              Value     Ov Type        Size  Object(Section)

    ../clib/angel/boardlib.s                 0x00000000   Number         0  boardinit1.o ABSOLUTE
    ../clib/angel/boardlib.s                 0x00000000   Number         0  boardinit2.o ABSOLUTE
    ../clib/angel/boardlib.s                 0x00000000   Number         0  boardinit3.o ABSOLUTE
    ../clib/angel/boardlib.s                 0x00000000   Number         0  boardshut.o ABSOLUTE
    ../clib/angel/handlers.s                 0x00000000   Number         0  __scatter_zi.o ABSOLUTE
    ../clib/angel/handlers.s                 0x00000000   Number         0  __scatter_copy.o ABSOLUTE
    ../clib/angel/kernel.s                   0x00000000   Number         0  rtexit2.o ABSOLUTE
    ../clib/angel/kernel.s                   0x00000000   Number         0  __rtentry2.o ABSOLUTE
    ../clib/angel/kernel.s                   0x00000000   Number         0  __rtentry4.o ABSOLUTE
    ../clib/angel/kernel.s                   0x00000000   Number         0  __rtentry.o ABSOLUTE
    ../clib/angel/kernel.s                   0x00000000   Number         0  rtexit.o ABSOLUTE
    ../clib/angel/rt.s                       0x00000000   Number         0  rt_raise.o ABSOLUTE
    ../clib/angel/scatter.s                  0x00000000   Number         0  __scatter.o ABSOLUTE
    ../clib/angel/startup.s                  0x00000000   Number         0  __main.o ABSOLUTE
    ../clib/angel/sys.s                      0x00000000   Number         0  use_no_semi.o ABSOLUTE
    ../clib/angel/sys.s                      0x00000000   Number         0  sys_stackheap_outer.o ABSOLUTE
    ../clib/angel/sys.s                      0x00000000   Number         0  indicate_semi.o ABSOLUTE
    ../clib/angel/sys.s                      0x00000000   Number         0  libspace.o ABSOLUTE
    ../clib/angel/sys.s                      0x00000000   Number         0  use_no_semi_2.o ABSOLUTE
    ../clib/angel/sysapp.c                   0x00000000   Number         0  sys_command.o ABSOLUTE
    ../clib/angel/sysapp.c                   0x00000000   Number         0  sys_wrch.o ABSOLUTE
    ../clib/armsys.c                         0x00000000   Number         0  argv_veneer.o ABSOLUTE
    ../clib/armsys.c                         0x00000000   Number         0  no_argv.o ABSOLUTE
    ../clib/armsys.c                         0x00000000   Number         0  _get_argv_nomalloc.o ABSOLUTE
    ../clib/armsys.c                         0x00000000   Number         0  argv_veneer.o ABSOLUTE
    ../clib/heapalloc.c                      0x00000000   Number         0  hrguard.o ABSOLUTE
    ../clib/heapaux.c                        0x00000000   Number         0  heapauxi.o ABSOLUTE
    ../clib/libinit.s                        0x00000000   Number         0  libinit.o ABSOLUTE
    ../clib/libinit.s                        0x00000000   Number         0  libshutdown.o ABSOLUTE
    ../clib/libinit.s                        0x00000000   Number         0  libinit2.o ABSOLUTE
    ../clib/libinit.s                        0x00000000   Number         0  libshutdown2.o ABSOLUTE
    ../clib/printf.c                         0x00000000   Number         0  __printf_flags_ss_wp.o ABSOLUTE
    ../clib/printf.c                         0x00000000   Number         0  _printf_intcommon.o ABSOLUTE
    ../clib/printf.c                         0x00000000   Number         0  __printf_nopercent.o ABSOLUTE
    ../clib/printf.c                         0x00000000   Number         0  _printf_char_file.o ABSOLUTE
    ../clib/printf.c                         0x00000000   Number         0  _printf_char.o ABSOLUTE
    ../clib/printf.c                         0x00000000   Number         0  _sputc.o ABSOLUTE
    ../clib/printf.c                         0x00000000   Number         0  _printf_char_common.o ABSOLUTE
    ../clib/printf.c                         0x00000000   Number         0  __2printf.o ABSOLUTE
    ../clib/printf.c                         0x00000000   Number         0  __2sprintf.o ABSOLUTE
    ../clib/printf.c                         0x00000000   Number         0  noretval__2printf.o ABSOLUTE
    ../clib/printf.c                         0x00000000   Number         0  noretval__2sprintf.o ABSOLUTE
    ../clib/printf.c                         0x00000000   Number         0  __printf.o ABSOLUTE
    ../clib/printf.c                         0x00000000   Number         0  _printf_str.o ABSOLUTE
    ../clib/printf.c                         0x00000000   Number         0  _printf_dec.o ABSOLUTE
    ../clib/printf.c                         0x00000000   Number         0  __printf_flags.o ABSOLUTE
    ../clib/printf.c                         0x00000000   Number         0  __printf_ss.o ABSOLUTE
    ../clib/printf.c                         0x00000000   Number         0  __printf_flags_ss.o ABSOLUTE
    ../clib/printf.c                         0x00000000   Number         0  __printf_wp.o ABSOLUTE
    ../clib/printf.c                         0x00000000   Number         0  __printf_flags_wp.o ABSOLUTE
    ../clib/printf.c                         0x00000000   Number         0  __printf_ss_wp.o ABSOLUTE
    ../clib/printf_percent.s                 0x00000000   Number         0  _printf_percent_end.o ABSOLUTE
    ../clib/printf_percent.s                 0x00000000   Number         0  _printf_percent.o ABSOLUTE
    ../clib/printf_percent.s                 0x00000000   Number         0  _printf_s.o ABSOLUTE
    ../clib/printf_percent.s                 0x00000000   Number         0  _printf_d.o ABSOLUTE
    ../clib/signal.c                         0x00000000   Number         0  defsig_other.o ABSOLUTE
    ../clib/signal.c                         0x00000000   Number         0  defsig_exit.o ABSOLUTE
    ../clib/signal.c                         0x00000000   Number         0  defsig_rtmem_inner.o ABSOLUTE
    ../clib/signal.c                         0x00000000   Number         0  defsig_fpe_inner.o ABSOLUTE
    ../clib/signal.c                         0x00000000   Number         0  defsig_abrt_inner.o ABSOLUTE
    ../clib/signal.c                         0x00000000   Number         0  __raise.o ABSOLUTE
    ../clib/signal.c                         0x00000000   Number         0  defsig_rtmem_formal.o ABSOLUTE
    ../clib/signal.c                         0x00000000   Number         0  defsig_rtred_inner.o ABSOLUTE
    ../clib/signal.c                         0x00000000   Number         0  defsig_segv_inner.o ABSOLUTE
    ../clib/signal.c                         0x00000000   Number         0  defsig_general.o ABSOLUTE
    ../clib/signal.c                         0x00000000   Number         0  defsig_cppl_inner.o ABSOLUTE
    ../clib/signal.c                         0x00000000   Number         0  defsig_pvfn_inner.o ABSOLUTE
    ../clib/signal.c                         0x00000000   Number         0  defsig_rtmem_outer.o ABSOLUTE
    ../clib/signal.c                         0x00000000   Number         0  defsig_stak_inner.o ABSOLUTE
    ../clib/signal.s                         0x00000000   Number         0  defsig.o ABSOLUTE
    ../clib/stdio.c                          0x00000000   Number         0  ferror.o ABSOLUTE
    ../clib/stdio.c                          0x00000000   Number         0  ferror_locked.o ABSOLUTE
    ../clib/stdlib.c                         0x00000000   Number         0  exit.o ABSOLUTE
    ../clib/string.c                         0x00000000   Number         0  strlen.o ABSOLUTE
    ../fplib/faddsub.s                       0x00000000   Number         0  faddsub_clz.o ABSOLUTE
    ../fplib/fdiv.s                          0x00000000   Number         0  fdiv.o ABSOLUTE
    ../fplib/ffix.s                          0x00000000   Number         0  ffix.o ABSOLUTE
    ../fplib/ffixu.s                         0x00000000   Number         0  ffixu.o ABSOLUTE
    ../fplib/fflt.s                          0x00000000   Number         0  fflt_clz.o ABSOLUTE
    ../fplib/fmul.s                          0x00000000   Number         0  fmul.o ABSOLUTE
    ../fplib/fnaninf.s                       0x00000000   Number         0  fnaninf.o ABSOLUTE
    ../fplib/fpinit.s                        0x00000000   Number         0  fpinit.o ABSOLUTE
    ../fplib/fretinf.s                       0x00000000   Number         0  fretinf.o ABSOLUTE
    ../fplib/usenofp.s                       0x00000000   Number         0  usenofp.o ABSOLUTE
    ..\CORE\core_cm3.c                       0x00000000   Number         0  core_cm3.o ABSOLUTE
    ..\CORE\startup_stm32f10x_md.s           0x00000000   Number         0  startup_stm32f10x_md.o ABSOLUTE
    ..\HARDWARE\ACT\act.c                    0x00000000   Number         0  act.o ABSOLUTE
    ..\HARDWARE\ADC\adc.c                    0x00000000   Number         0  adc.o ABSOLUTE
    ..\HARDWARE\GUI\GUI.c                    0x00000000   Number         0  gui.o ABSOLUTE
    ..\HARDWARE\KEY\key.c                    0x00000000   Number         0  key.o ABSOLUTE
    ..\HARDWARE\LCD\lcd.c                    0x00000000   Number         0  lcd.o ABSOLUTE
    ..\STM32F10x_FWLib\src\misc.c            0x00000000   Number         0  misc.o ABSOLUTE
    ..\STM32F10x_FWLib\src\stm32f10x_adc.c   0x00000000   Number         0  stm32f10x_adc.o ABSOLUTE
    ..\STM32F10x_FWLib\src\stm32f10x_dma.c   0x00000000   Number         0  stm32f10x_dma.o ABSOLUTE
    ..\STM32F10x_FWLib\src\stm32f10x_gpio.c  0x00000000   Number         0  stm32f10x_gpio.o ABSOLUTE
    ..\STM32F10x_FWLib\src\stm32f10x_rcc.c   0x00000000   Number         0  stm32f10x_rcc.o ABSOLUTE
    ..\STM32F10x_FWLib\src\stm32f10x_spi.c   0x00000000   Number         0  stm32f10x_spi.o ABSOLUTE
    ..\STM32F10x_FWLib\src\stm32f10x_tim.c   0x00000000   Number         0  stm32f10x_tim.o ABSOLUTE
    ..\STM32F10x_FWLib\src\stm32f10x_usart.c 0x00000000   Number         0  stm32f10x_usart.o ABSOLUTE
    ..\SYSTEM\delay\delay.c                  0x00000000   Number         0  delay.o ABSOLUTE
    ..\SYSTEM\sys\sys.c                      0x00000000   Number         0  sys.o ABSOLUTE
    ..\SYSTEM\usart\usart.c                  0x00000000   Number         0  usart.o ABSOLUTE
    ..\\CORE\\core_cm3.c                     0x00000000   Number         0  core_cm3.o ABSOLUTE
    ..\\SYSTEM\\sys\\sys.c                   0x00000000   Number         0  sys.o ABSOLUTE
    dc.s                                     0x00000000   Number         0  dc.o ABSOLUTE
    main.c                                   0x00000000   Number         0  main.o ABSOLUTE
    stm32f10x_it.c                           0x00000000   Number         0  stm32f10x_it.o ABSOLUTE
    system_stm32f10x.c                       0x00000000   Number         0  system_stm32f10x.o ABSOLUTE
    RESET                                    0x08000000   Section      236  startup_stm32f10x_md.o(RESET)
    !!!main                                  0x080000ec   Section        8  __main.o(!!!main)
    !!!scatter                               0x080000f4   Section       52  __scatter.o(!!!scatter)
    !!handler_copy                           0x08000128   Section       26  __scatter_copy.o(!!handler_copy)
    !!handler_zi                             0x08000144   Section       28  __scatter_zi.o(!!handler_zi)
    .ARM.Collect$$_printf_percent$$00000000  0x08000160   Section        0  _printf_percent.o(.ARM.Collect$$_printf_percent$$00000000)
    .ARM.Collect$$_printf_percent$$00000009  0x08000160   Section        6  _printf_d.o(.ARM.Collect$$_printf_percent$$00000009)
    .ARM.Collect$$_printf_percent$$00000014  0x08000166   Section        6  _printf_s.o(.ARM.Collect$$_printf_percent$$00000014)
    .ARM.Collect$$_printf_percent$$00000017  0x0800016c   Section        4  _printf_percent_end.o(.ARM.Collect$$_printf_percent$$00000017)
    .ARM.Collect$$libinit$$00000000          0x08000170   Section        2  libinit.o(.ARM.Collect$$libinit$$00000000)
    .ARM.Collect$$libinit$$00000002          0x08000172   Section        0  libinit2.o(.ARM.Collect$$libinit$$00000002)
    .ARM.Collect$$libinit$$00000004          0x08000172   Section        0  libinit2.o(.ARM.Collect$$libinit$$00000004)
    .ARM.Collect$$libinit$$0000000A          0x08000172   Section        0  libinit2.o(.ARM.Collect$$libinit$$0000000A)
    .ARM.Collect$$libinit$$0000000C          0x08000172   Section        0  libinit2.o(.ARM.Collect$$libinit$$0000000C)
    .ARM.Collect$$libinit$$0000000E          0x08000172   Section        0  libinit2.o(.ARM.Collect$$libinit$$0000000E)
    .ARM.Collect$$libinit$$00000011          0x08000172   Section        0  libinit2.o(.ARM.Collect$$libinit$$00000011)
    .ARM.Collect$$libinit$$00000013          0x08000172   Section        0  libinit2.o(.ARM.Collect$$libinit$$00000013)
    .ARM.Collect$$libinit$$00000015          0x08000172   Section        0  libinit2.o(.ARM.Collect$$libinit$$00000015)
    .ARM.Collect$$libinit$$00000017          0x08000172   Section        0  libinit2.o(.ARM.Collect$$libinit$$00000017)
    .ARM.Collect$$libinit$$00000019          0x08000172   Section        0  libinit2.o(.ARM.Collect$$libinit$$00000019)
    .ARM.Collect$$libinit$$0000001B          0x08000172   Section        0  libinit2.o(.ARM.Collect$$libinit$$0000001B)
    .ARM.Collect$$libinit$$0000001D          0x08000172   Section        0  libinit2.o(.ARM.Collect$$libinit$$0000001D)
    .ARM.Collect$$libinit$$0000001F          0x08000172   Section        0  libinit2.o(.ARM.Collect$$libinit$$0000001F)
    .ARM.Collect$$libinit$$00000021          0x08000172   Section        0  libinit2.o(.ARM.Collect$$libinit$$00000021)
    .ARM.Collect$$libinit$$00000023          0x08000172   Section        0  libinit2.o(.ARM.Collect$$libinit$$00000023)
    .ARM.Collect$$libinit$$00000025          0x08000172   Section        0  libinit2.o(.ARM.Collect$$libinit$$00000025)
    .ARM.Collect$$libinit$$0000002C          0x08000172   Section        0  libinit2.o(.ARM.Collect$$libinit$$0000002C)
    .ARM.Collect$$libinit$$0000002E          0x08000172   Section        0  libinit2.o(.ARM.Collect$$libinit$$0000002E)
    .ARM.Collect$$libinit$$00000030          0x08000172   Section        0  libinit2.o(.ARM.Collect$$libinit$$00000030)
    .ARM.Collect$$libinit$$00000032          0x08000172   Section        0  libinit2.o(.ARM.Collect$$libinit$$00000032)
    .ARM.Collect$$libinit$$00000033          0x08000172   Section        2  libinit2.o(.ARM.Collect$$libinit$$00000033)
    .ARM.Collect$$libshutdown$$00000000      0x08000174   Section        2  libshutdown.o(.ARM.Collect$$libshutdown$$00000000)
    .ARM.Collect$$libshutdown$$00000002      0x08000176   Section        0  libshutdown2.o(.ARM.Collect$$libshutdown$$00000002)
    .ARM.Collect$$libshutdown$$00000004      0x08000176   Section        0  libshutdown2.o(.ARM.Collect$$libshutdown$$00000004)
    .ARM.Collect$$libshutdown$$00000007      0x08000176   Section        0  libshutdown2.o(.ARM.Collect$$libshutdown$$00000007)
    .ARM.Collect$$libshutdown$$0000000A      0x08000176   Section        0  libshutdown2.o(.ARM.Collect$$libshutdown$$0000000A)
    .ARM.Collect$$libshutdown$$0000000C      0x08000176   Section        0  libshutdown2.o(.ARM.Collect$$libshutdown$$0000000C)
    .ARM.Collect$$libshutdown$$0000000F      0x08000176   Section        0  libshutdown2.o(.ARM.Collect$$libshutdown$$0000000F)
    .ARM.Collect$$libshutdown$$00000010      0x08000176   Section        2  libshutdown2.o(.ARM.Collect$$libshutdown$$00000010)
    .ARM.Collect$$rtentry$$00000000          0x08000178   Section        0  __rtentry.o(.ARM.Collect$$rtentry$$00000000)
    .ARM.Collect$$rtentry$$00000002          0x08000178   Section        0  __rtentry2.o(.ARM.Collect$$rtentry$$00000002)
    .ARM.Collect$$rtentry$$00000004          0x08000178   Section        6  __rtentry4.o(.ARM.Collect$$rtentry$$00000004)
    .ARM.Collect$$rtentry$$00000009          0x0800017e   Section        0  __rtentry2.o(.ARM.Collect$$rtentry$$00000009)
    .ARM.Collect$$rtentry$$0000000A          0x0800017e   Section        4  __rtentry2.o(.ARM.Collect$$rtentry$$0000000A)
    .ARM.Collect$$rtentry$$0000000C          0x08000182   Section        0  __rtentry2.o(.ARM.Collect$$rtentry$$0000000C)
    .ARM.Collect$$rtentry$$0000000D          0x08000182   Section        8  __rtentry2.o(.ARM.Collect$$rtentry$$0000000D)
    .ARM.Collect$$rtexit$$00000000           0x0800018a   Section        2  rtexit.o(.ARM.Collect$$rtexit$$00000000)
    .ARM.Collect$$rtexit$$00000002           0x0800018c   Section        0  rtexit2.o(.ARM.Collect$$rtexit$$00000002)
    .ARM.Collect$$rtexit$$00000003           0x0800018c   Section        4  rtexit2.o(.ARM.Collect$$rtexit$$00000003)
    .ARM.Collect$$rtexit$$00000004           0x08000190   Section        6  rtexit2.o(.ARM.Collect$$rtexit$$00000004)
    .text                                    0x08000196   Section        0  main.o(.text)
    .text                                    0x080001ce   Section        0  stm32f10x_it.o(.text)
    .text                                    0x080001e8   Section        0  system_stm32f10x.o(.text)
    SetSysClockTo72                          0x080001e9   Thumb Code   214  system_stm32f10x.o(.text)
    SetSysClock                              0x080002bf   Thumb Code     8  system_stm32f10x.o(.text)
    .text                                    0x080003c8   Section        0  gui.o(.text)
    .text                                    0x080009a8   Section        0  lcd.o(.text)
    .text                                    0x08000ef4   Section        0  adc.o(.text)
    .text                                    0x08001080   Section        0  key.o(.text)
    .text                                    0x08001234   Section        0  act.o(.text)
    .text                                    0x08002228   Section        0  delay.o(.text)
    .text                                    0x080022fc   Section        0  usart.o(.text)
    .text                                    0x080024b0   Section       64  startup_stm32f10x_md.o(.text)
    .text                                    0x080024f0   Section        0  stm32f10x_gpio.o(.text)
    .text                                    0x0800284c   Section        0  stm32f10x_rcc.o(.text)
    .text                                    0x08002bf0   Section        0  stm32f10x_usart.o(.text)
    .text                                    0x08002ff8   Section        0  misc.o(.text)
    .text                                    0x080030d4   Section        0  stm32f10x_adc.o(.text)
    .text                                    0x08003524   Section        0  stm32f10x_spi.o(.text)
    .text                                    0x08003830   Section        0  stm32f10x_dma.o(.text)
    .text                                    0x08003a84   Section        2  use_no_semi_2.o(.text)
    .text                                    0x08003a88   Section        0  noretval__2printf.o(.text)
    .text                                    0x08003aa0   Section        0  noretval__2sprintf.o(.text)
    .text                                    0x08003ac8   Section        0  __printf.o(.text)
    .text                                    0x08003b30   Section        0  _printf_str.o(.text)
    .text                                    0x08003b84   Section        0  _printf_dec.o(.text)
    .text                                    0x08003bfc   Section        0  strlen.o(.text)
    .text                                    0x08003c3a   Section        0  heapauxi.o(.text)
    .text                                    0x08003c40   Section        2  use_no_semi.o(.text)
    .text                                    0x08003c42   Section        0  _printf_intcommon.o(.text)
    .text                                    0x08003cf4   Section        0  _printf_char_common.o(.text)
    _printf_input_char                       0x08003cf5   Thumb Code    10  _printf_char_common.o(.text)
    .text                                    0x08003d24   Section        0  _sputc.o(.text)
    .text                                    0x08003d2e   Section        0  _printf_char.o(.text)
    .text                                    0x08003d5c   Section        0  _printf_char_file.o(.text)
    .text                                    0x08003d80   Section        0  ferror.o(.text)
    .text                                    0x08003d88   Section       74  sys_stackheap_outer.o(.text)
    .text                                    0x08003dd2   Section        0  exit.o(.text)
    .text                                    0x08003de4   Section        8  libspace.o(.text)
    x$fpl$fadd                               0x08003dec   Section      196  faddsub_clz.o(x$fpl$fadd)
    _fadd1                                   0x08003dfb   Thumb Code     0  faddsub_clz.o(x$fpl$fadd)
    x$fpl$fdiv                               0x08003eb0   Section      388  fdiv.o(x$fpl$fdiv)
    _fdiv1                                   0x08003eb1   Thumb Code     0  fdiv.o(x$fpl$fdiv)
    x$fpl$ffix                               0x08004034   Section       54  ffix.o(x$fpl$ffix)
    x$fpl$ffixu                              0x0800406c   Section       62  ffixu.o(x$fpl$ffixu)
    x$fpl$fflt                               0x080040ac   Section       48  fflt_clz.o(x$fpl$fflt)
    x$fpl$ffltu                              0x080040dc   Section       38  fflt_clz.o(x$fpl$ffltu)
    x$fpl$fmul                               0x08004104   Section      258  fmul.o(x$fpl$fmul)
    x$fpl$fnaninf                            0x08004206   Section      140  fnaninf.o(x$fpl$fnaninf)
    x$fpl$fretinf                            0x08004292   Section       10  fretinf.o(x$fpl$fretinf)
    x$fpl$fsub                               0x0800429c   Section      234  faddsub_clz.o(x$fpl$fsub)
    _fsub1                                   0x080042ab   Thumb Code     0  faddsub_clz.o(x$fpl$fsub)
    .constdata                               0x08004386   Section     2660  gui.o(.constdata)
    x$fpl$usenofp                            0x08004386   Section        0  usenofp.o(x$fpl$usenofp)
    .data                                    0x20000000   Section       20  system_stm32f10x.o(.data)
    .data                                    0x20000014   Section        6  lcd.o(.data)
    .data                                    0x2000001a   Section       16  adc.o(.data)
    .data                                    0x2000002a   Section       18  key.o(.data)
    .data                                    0x2000003c   Section       38  act.o(.data)
    .data                                    0x20000062   Section        4  delay.o(.data)
    fac_us                                   0x20000062   Data           1  delay.o(.data)
    fac_ms                                   0x20000064   Data           2  delay.o(.data)
    .data                                    0x20000068   Section       16  usart.o(.data)
    .data                                    0x20000078   Section       20  stm32f10x_rcc.o(.data)
    APBAHBPrescTable                         0x20000078   Data          16  stm32f10x_rcc.o(.data)
    ADCPrescTable                            0x20000088   Data           4  stm32f10x_rcc.o(.data)
    .bss                                     0x2000008c   Section       14  lcd.o(.bss)
    .bss                                     0x2000009a   Section       15  usart.o(.bss)
    .bss                                     0x200000ac   Section       96  libspace.o(.bss)
    HEAP                                     0x20000110   Section      512  startup_stm32f10x_md.o(HEAP)
    Heap_Mem                                 0x20000110   Data         512  startup_stm32f10x_md.o(HEAP)
    STACK                                    0x20000310   Section     1024  startup_stm32f10x_md.o(STACK)
    Stack_Mem                                0x20000310   Data        1024  startup_stm32f10x_md.o(STACK)
    __initial_sp                             0x20000710   Data           0  startup_stm32f10x_md.o(STACK)

    Global Symbols

    Symbol Name                              Value     Ov Type        Size  Object(Section)

    BuildAttributes$$THM_ISAv4$P$D$K$B$S$PE$A:L22UL41UL21$X:L11$S22US41US21$IEEE1$IW$USESV6$~STKCKD$USESV7$~SHL$OSPACE$ROPI$EBA8$UX$STANDARDLIB$REQ8$PRES8$EABIv2 0x00000000   Number         0  anon$$obj.o ABSOLUTE
    __ARM_use_no_argv                        0x00000000   Number         0  main.o ABSOLUTE
    __ARM_exceptions_init                     - Undefined Weak Reference
    __alloca_initialize                       - Undefined Weak Reference
    __arm_preinit_                            - Undefined Weak Reference
    __cpp_initialize__aeabi_                  - Undefined Weak Reference
    __cxa_finalize                            - Undefined Weak Reference
    __rt_locale                               - Undefined Weak Reference
    __sigvec_lookup                           - Undefined Weak Reference
    _atexit_init                              - Undefined Weak Reference
    _call_atexit_fns                          - Undefined Weak Reference
    _clock_init                               - Undefined Weak Reference
    _fp_trap_init                             - Undefined Weak Reference
    _fp_trap_shutdown                         - Undefined Weak Reference
    _get_lc_collate                           - Undefined Weak Reference
    _get_lc_ctype                             - Undefined Weak Reference
    _get_lc_monetary                          - Undefined Weak Reference
    _get_lc_numeric                           - Undefined Weak Reference
    _get_lc_time                              - Undefined Weak Reference
    _getenv_init                              - Undefined Weak Reference
    _handle_redirection                       - Undefined Weak Reference
    _init_alloc                               - Undefined Weak Reference
    _init_user_alloc                          - Undefined Weak Reference
    _initio                                   - Undefined Weak Reference
    _mutex_acquire                            - Undefined Weak Reference
    _mutex_release                            - Undefined Weak Reference
    _printf_mbtowc                            - Undefined Weak Reference
    _printf_post_padding                      - Undefined Weak Reference
    _printf_pre_padding                       - Undefined Weak Reference
    _printf_truncate_signed                   - Undefined Weak Reference
    _printf_truncate_unsigned                 - Undefined Weak Reference
    _rand_init                                - Undefined Weak Reference
    _signal_finish                            - Undefined Weak Reference
    _signal_init                              - Undefined Weak Reference
    _terminate_alloc                          - Undefined Weak Reference
    _terminate_user_alloc                     - Undefined Weak Reference
    _terminateio                              - Undefined Weak Reference
    __Vectors_Size                           0x000000ec   Number         0  startup_stm32f10x_md.o ABSOLUTE
    __Vectors                                0x08000000   Data           4  startup_stm32f10x_md.o(RESET)
    __Vectors_End                            0x080000ec   Data           0  startup_stm32f10x_md.o(RESET)
    __main                                   0x080000ed   Thumb Code     8  __main.o(!!!main)
    __scatterload                            0x080000f5   Thumb Code     0  __scatter.o(!!!scatter)
    __scatterload_rt2                        0x080000f5   Thumb Code    44  __scatter.o(!!!scatter)
    __scatterload_rt2_thumb_only             0x080000f5   Thumb Code     0  __scatter.o(!!!scatter)
    __scatterload_null                       0x08000103   Thumb Code     0  __scatter.o(!!!scatter)
    __scatterload_copy                       0x08000129   Thumb Code    26  __scatter_copy.o(!!handler_copy)
    __scatterload_zeroinit                   0x08000145   Thumb Code    28  __scatter_zi.o(!!handler_zi)
    _printf_d                                0x08000161   Thumb Code     0  _printf_d.o(.ARM.Collect$$_printf_percent$$00000009)
    _printf_percent                          0x08000161   Thumb Code     0  _printf_percent.o(.ARM.Collect$$_printf_percent$$00000000)
    _printf_s                                0x08000167   Thumb Code     0  _printf_s.o(.ARM.Collect$$_printf_percent$$00000014)
    _printf_percent_end                      0x0800016d   Thumb Code     0  _printf_percent_end.o(.ARM.Collect$$_printf_percent$$00000017)
    __rt_lib_init                            0x08000171   Thumb Code     0  libinit.o(.ARM.Collect$$libinit$$00000000)
    __rt_lib_init_alloca_1                   0x08000173   Thumb Code     0  libinit2.o(.ARM.Collect$$libinit$$0000002E)
    __rt_lib_init_argv_1                     0x08000173   Thumb Code     0  libinit2.o(.ARM.Collect$$libinit$$0000002C)
    __rt_lib_init_atexit_1                   0x08000173   Thumb Code     0  libinit2.o(.ARM.Collect$$libinit$$0000001B)
    __rt_lib_init_clock_1                    0x08000173   Thumb Code     0  libinit2.o(.ARM.Collect$$libinit$$00000021)
    __rt_lib_init_cpp_1                      0x08000173   Thumb Code     0  libinit2.o(.ARM.Collect$$libinit$$00000032)
    __rt_lib_init_exceptions_1               0x08000173   Thumb Code     0  libinit2.o(.ARM.Collect$$libinit$$00000030)
    __rt_lib_init_fp_1                       0x08000173   Thumb Code     0  libinit2.o(.ARM.Collect$$libinit$$00000002)
    __rt_lib_init_fp_trap_1                  0x08000173   Thumb Code     0  libinit2.o(.ARM.Collect$$libinit$$0000001F)
    __rt_lib_init_getenv_1                   0x08000173   Thumb Code     0  libinit2.o(.ARM.Collect$$libinit$$00000023)
    __rt_lib_init_heap_1                     0x08000173   Thumb Code     0  libinit2.o(.ARM.Collect$$libinit$$0000000A)
    __rt_lib_init_lc_collate_1               0x08000173   Thumb Code     0  libinit2.o(.ARM.Collect$$libinit$$00000011)
    __rt_lib_init_lc_ctype_1                 0x08000173   Thumb Code     0  libinit2.o(.ARM.Collect$$libinit$$00000013)
    __rt_lib_init_lc_monetary_1              0x08000173   Thumb Code     0  libinit2.o(.ARM.Collect$$libinit$$00000015)
    __rt_lib_init_lc_numeric_1               0x08000173   Thumb Code     0  libinit2.o(.ARM.Collect$$libinit$$00000017)
    __rt_lib_init_lc_time_1                  0x08000173   Thumb Code     0  libinit2.o(.ARM.Collect$$libinit$$00000019)
    __rt_lib_init_preinit_1                  0x08000173   Thumb Code     0  libinit2.o(.ARM.Collect$$libinit$$00000004)
    __rt_lib_init_rand_1                     0x08000173   Thumb Code     0  libinit2.o(.ARM.Collect$$libinit$$0000000E)
    __rt_lib_init_return                     0x08000173   Thumb Code     0  libinit2.o(.ARM.Collect$$libinit$$00000033)
    __rt_lib_init_signal_1                   0x08000173   Thumb Code     0  libinit2.o(.ARM.Collect$$libinit$$0000001D)
    __rt_lib_init_stdio_1                    0x08000173   Thumb Code     0  libinit2.o(.ARM.Collect$$libinit$$00000025)
    __rt_lib_init_user_alloc_1               0x08000173   Thumb Code     0  libinit2.o(.ARM.Collect$$libinit$$0000000C)
    __rt_lib_shutdown                        0x08000175   Thumb Code     0  libshutdown.o(.ARM.Collect$$libshutdown$$00000000)
    __rt_lib_shutdown_cpp_1                  0x08000177   Thumb Code     0  libshutdown2.o(.ARM.Collect$$libshutdown$$00000002)
    __rt_lib_shutdown_fp_trap_1              0x08000177   Thumb Code     0  libshutdown2.o(.ARM.Collect$$libshutdown$$00000007)
    __rt_lib_shutdown_heap_1                 0x08000177   Thumb Code     0  libshutdown2.o(.ARM.Collect$$libshutdown$$0000000F)
    __rt_lib_shutdown_return                 0x08000177   Thumb Code     0  libshutdown2.o(.ARM.Collect$$libshutdown$$00000010)
    __rt_lib_shutdown_signal_1               0x08000177   Thumb Code     0  libshutdown2.o(.ARM.Collect$$libshutdown$$0000000A)
    __rt_lib_shutdown_stdio_1                0x08000177   Thumb Code     0  libshutdown2.o(.ARM.Collect$$libshutdown$$00000004)
    __rt_lib_shutdown_user_alloc_1           0x08000177   Thumb Code     0  libshutdown2.o(.ARM.Collect$$libshutdown$$0000000C)
    __rt_entry                               0x08000179   Thumb Code     0  __rtentry.o(.ARM.Collect$$rtentry$$00000000)
    __rt_entry_presh_1                       0x08000179   Thumb Code     0  __rtentry2.o(.ARM.Collect$$rtentry$$00000002)
    __rt_entry_sh                            0x08000179   Thumb Code     0  __rtentry4.o(.ARM.Collect$$rtentry$$00000004)
    __rt_entry_li                            0x0800017f   Thumb Code     0  __rtentry2.o(.ARM.Collect$$rtentry$$0000000A)
    __rt_entry_postsh_1                      0x0800017f   Thumb Code     0  __rtentry2.o(.ARM.Collect$$rtentry$$00000009)
    __rt_entry_main                          0x08000183   Thumb Code     0  __rtentry2.o(.ARM.Collect$$rtentry$$0000000D)
    __rt_entry_postli_1                      0x08000183   Thumb Code     0  __rtentry2.o(.ARM.Collect$$rtentry$$0000000C)
    __rt_exit                                0x0800018b   Thumb Code     0  rtexit.o(.ARM.Collect$$rtexit$$00000000)
    __rt_exit_ls                             0x0800018d   Thumb Code     0  rtexit2.o(.ARM.Collect$$rtexit$$00000003)
    __rt_exit_prels_1                        0x0800018d   Thumb Code     0  rtexit2.o(.ARM.Collect$$rtexit$$00000002)
    __rt_exit_exit                           0x08000191   Thumb Code     0  rtexit2.o(.ARM.Collect$$rtexit$$00000004)
    main                                     0x08000197   Thumb Code    56  main.o(.text)
    NMI_Handler                              0x080001cf   Thumb Code     2  stm32f10x_it.o(.text)
    HardFault_Handler                        0x080001d1   Thumb Code     4  stm32f10x_it.o(.text)
    MemManage_Handler                        0x080001d5   Thumb Code     4  stm32f10x_it.o(.text)
    BusFault_Handler                         0x080001d9   Thumb Code     4  stm32f10x_it.o(.text)
    UsageFault_Handler                       0x080001dd   Thumb Code     4  stm32f10x_it.o(.text)
    SVC_Handler                              0x080001e1   Thumb Code     2  stm32f10x_it.o(.text)
    DebugMon_Handler                         0x080001e3   Thumb Code     2  stm32f10x_it.o(.text)
    PendSV_Handler                           0x080001e5   Thumb Code     2  stm32f10x_it.o(.text)
    SysTick_Handler                          0x080001e7   Thumb Code     2  stm32f10x_it.o(.text)
    SystemInit                               0x080002c7   Thumb Code    78  system_stm32f10x.o(.text)
    SystemCoreClockUpdate                    0x08000315   Thumb Code   142  system_stm32f10x.o(.text)
    GUI_DrawPoint                            0x080003c9   Thumb Code    24  gui.o(.text)
    LCD_Fill                                 0x080003e1   Thumb Code   114  gui.o(.text)
    LCD_DrawLine                             0x08000453   Thumb Code   176  gui.o(.text)
    LCD_DrawRectangle                        0x08000503   Thumb Code    64  gui.o(.text)
    LCD_DrawFillRectangle                    0x08000543   Thumb Code    30  gui.o(.text)
    _draw_circle_8                           0x08000561   Thumb Code   132  gui.o(.text)
    gui_circle                               0x080005e5   Thumb Code   154  gui.o(.text)
    LCD_ShowChar                             0x0800067f   Thumb Code   280  gui.o(.text)
    mypow                                    0x08000797   Thumb Code    22  gui.o(.text)
    LCD_ShowNum                              0x080007ad   Thumb Code   190  gui.o(.text)
    Show_Str                                 0x0800086b   Thumb Code   146  gui.o(.text)
    Gui_StrCenter                            0x080008fd   Thumb Code    68  gui.o(.text)
    Gui_Drawbmp16                            0x08000941   Thumb Code    90  gui.o(.text)
    SPIv_WriteData                           0x080009a9   Thumb Code    60  lcd.o(.text)
    SPI_WriteByte                            0x080009e5   Thumb Code    34  lcd.o(.text)
    SPI_SetSpeed                             0x08000a07   Thumb Code    38  lcd.o(.text)
    SPI2_Init                                0x08000a2d   Thumb Code   204  lcd.o(.text)
    LCD_WR_REG                               0x08000af9   Thumb Code    36  lcd.o(.text)
    LCD_WR_DATA                              0x08000b1d   Thumb Code    38  lcd.o(.text)
    LCD_WR_DATA_16Bit                        0x08000b43   Thumb Code    46  lcd.o(.text)
    LCD_WriteReg                             0x08000b71   Thumb Code    20  lcd.o(.text)
    LCD_WriteRAM_Prepare                     0x08000b85   Thumb Code    12  lcd.o(.text)
    LCD_SetWindows                           0x08000b91   Thumb Code    88  lcd.o(.text)
    LCD_SetCursor                            0x08000be9   Thumb Code    20  lcd.o(.text)
    LCD_DrawPoint                            0x08000bfd   Thumb Code    24  lcd.o(.text)
    LCD_GPIOInit                             0x08000c15   Thumb Code    42  lcd.o(.text)
    LCD_RESET                                0x08000c3f   Thumb Code    16  lcd.o(.text)
    LCD_SetParam                             0x08000c4f   Thumb Code    36  lcd.o(.text)
    LCD_Init                                 0x08000c73   Thumb Code   570  lcd.o(.text)
    LCD_Clear                                0x08000ead   Thumb Code    68  lcd.o(.text)
    Adc_Init                                 0x08000ef5   Thumb Code   198  adc.o(.text)
    Dma_Init                                 0x08000fbb   Thumb Code    76  adc.o(.text)
    Analog_Sample_Init                       0x08001007   Thumb Code    12  adc.o(.text)
    Analog_Sample_Switch                     0x08001013   Thumb Code    42  adc.o(.text)
    Get_Analog_Value                         0x0800103d   Thumb Code    34  adc.o(.text)
    Key_Init                                 0x08001081   Thumb Code    40  key.o(.text)
    read_key                                 0x080010a9   Thumb Code   326  key.o(.text)
    refresh_mode                             0x08001235   Thumb Code   730  act.o(.text)
    display_init                             0x0800150f   Thumb Code   140  act.o(.text)
    togglemode                               0x0800159b   Thumb Code    60  act.o(.text)
    trans_analog_value                       0x080015d7   Thumb Code   958  act.o(.text)
    refresh_analog_value                     0x08001995   Thumb Code   804  act.o(.text)
    writelastsent                            0x08001cb9   Thumb Code    44  act.o(.text)
    writefeedback                            0x08001ce5   Thumb Code    44  act.o(.text)
    work                                     0x08001d11   Thumb Code  1200  act.o(.text)
    delay_init                               0x08002229   Thumb Code    50  delay.o(.text)
    delay_us                                 0x0800225b   Thumb Code    72  delay.o(.text)
    delay_ms                                 0x080022a3   Thumb Code    72  delay.o(.text)
    _sys_exit                                0x080022fd   Thumb Code     6  usart.o(.text)
    fputc                                    0x08002303   Thumb Code    24  usart.o(.text)
    uart_init                                0x0800231b   Thumb Code   152  usart.o(.text)
    USART1_IRQHandler                        0x080023b3   Thumb Code   204  usart.o(.text)
    Reset_Handler                            0x080024b1   Thumb Code     8  startup_stm32f10x_md.o(.text)
    ADC1_2_IRQHandler                        0x080024cb   Thumb Code     0  startup_stm32f10x_md.o(.text)
    CAN1_RX1_IRQHandler                      0x080024cb   Thumb Code     0  startup_stm32f10x_md.o(.text)
    CAN1_SCE_IRQHandler                      0x080024cb   Thumb Code     0  startup_stm32f10x_md.o(.text)
    DMA1_Channel1_IRQHandler                 0x080024cb   Thumb Code     0  startup_stm32f10x_md.o(.text)
    DMA1_Channel2_IRQHandler                 0x080024cb   Thumb Code     0  startup_stm32f10x_md.o(.text)
    DMA1_Channel3_IRQHandler                 0x080024cb   Thumb Code     0  startup_stm32f10x_md.o(.text)
    DMA1_Channel4_IRQHandler                 0x080024cb   Thumb Code     0  startup_stm32f10x_md.o(.text)
    DMA1_Channel5_IRQHandler                 0x080024cb   Thumb Code     0  startup_stm32f10x_md.o(.text)
    DMA1_Channel6_IRQHandler                 0x080024cb   Thumb Code     0  startup_stm32f10x_md.o(.text)
    DMA1_Channel7_IRQHandler                 0x080024cb   Thumb Code     0  startup_stm32f10x_md.o(.text)
    EXTI0_IRQHandler                         0x080024cb   Thumb Code     0  startup_stm32f10x_md.o(.text)
    EXTI15_10_IRQHandler                     0x080024cb   Thumb Code     0  startup_stm32f10x_md.o(.text)
    EXTI1_IRQHandler                         0x080024cb   Thumb Code     0  startup_stm32f10x_md.o(.text)
    EXTI2_IRQHandler                         0x080024cb   Thumb Code     0  startup_stm32f10x_md.o(.text)
    EXTI3_IRQHandler                         0x080024cb   Thumb Code     0  startup_stm32f10x_md.o(.text)
    EXTI4_IRQHandler                         0x080024cb   Thumb Code     0  startup_stm32f10x_md.o(.text)
    EXTI9_5_IRQHandler                       0x080024cb   Thumb Code     0  startup_stm32f10x_md.o(.text)
    FLASH_IRQHandler                         0x080024cb   Thumb Code     0  startup_stm32f10x_md.o(.text)
    I2C1_ER_IRQHandler                       0x080024cb   Thumb Code     0  startup_stm32f10x_md.o(.text)
    I2C1_EV_IRQHandler                       0x080024cb   Thumb Code     0  startup_stm32f10x_md.o(.text)
    I2C2_ER_IRQHandler                       0x080024cb   Thumb Code     0  startup_stm32f10x_md.o(.text)
    I2C2_EV_IRQHandler                       0x080024cb   Thumb Code     0  startup_stm32f10x_md.o(.text)
    PVD_IRQHandler                           0x080024cb   Thumb Code     0  startup_stm32f10x_md.o(.text)
    RCC_IRQHandler                           0x080024cb   Thumb Code     0  startup_stm32f10x_md.o(.text)
    RTCAlarm_IRQHandler                      0x080024cb   Thumb Code     0  startup_stm32f10x_md.o(.text)
    RTC_IRQHandler                           0x080024cb   Thumb Code     0  startup_stm32f10x_md.o(.text)
    SPI1_IRQHandler                          0x080024cb   Thumb Code     0  startup_stm32f10x_md.o(.text)
    SPI2_IRQHandler                          0x080024cb   Thumb Code     0  startup_stm32f10x_md.o(.text)
    TAMPER_IRQHandler                        0x080024cb   Thumb Code     0  startup_stm32f10x_md.o(.text)
    TIM1_BRK_IRQHandler                      0x080024cb   Thumb Code     0  startup_stm32f10x_md.o(.text)
    TIM1_CC_IRQHandler                       0x080024cb   Thumb Code     0  startup_stm32f10x_md.o(.text)
    TIM1_TRG_COM_IRQHandler                  0x080024cb   Thumb Code     0  startup_stm32f10x_md.o(.text)
    TIM1_UP_IRQHandler                       0x080024cb   Thumb Code     0  startup_stm32f10x_md.o(.text)
    TIM2_IRQHandler                          0x080024cb   Thumb Code     0  startup_stm32f10x_md.o(.text)
    TIM3_IRQHandler                          0x080024cb   Thumb Code     0  startup_stm32f10x_md.o(.text)
    TIM4_IRQHandler                          0x080024cb   Thumb Code     0  startup_stm32f10x_md.o(.text)
    USART2_IRQHandler                        0x080024cb   Thumb Code     0  startup_stm32f10x_md.o(.text)
    USART3_IRQHandler                        0x080024cb   Thumb Code     0  startup_stm32f10x_md.o(.text)
    USBWakeUp_IRQHandler                     0x080024cb   Thumb Code     0  startup_stm32f10x_md.o(.text)
    USB_HP_CAN1_TX_IRQHandler                0x080024cb   Thumb Code     0  startup_stm32f10x_md.o(.text)
    USB_LP_CAN1_RX0_IRQHandler               0x080024cb   Thumb Code     0  startup_stm32f10x_md.o(.text)
    WWDG_IRQHandler                          0x080024cb   Thumb Code     0  startup_stm32f10x_md.o(.text)
    __user_initial_stackheap                 0x080024cd   Thumb Code     0  startup_stm32f10x_md.o(.text)
    GPIO_DeInit                              0x080024f1   Thumb Code   172  stm32f10x_gpio.o(.text)
    GPIO_AFIODeInit                          0x0800259d   Thumb Code    20  stm32f10x_gpio.o(.text)
    GPIO_Init                                0x080025b1   Thumb Code   278  stm32f10x_gpio.o(.text)
    GPIO_StructInit                          0x080026c7   Thumb Code    16  stm32f10x_gpio.o(.text)
    GPIO_ReadInputDataBit                    0x080026d7   Thumb Code    18  stm32f10x_gpio.o(.text)
    GPIO_ReadInputData                       0x080026e9   Thumb Code     8  stm32f10x_gpio.o(.text)
    GPIO_ReadOutputDataBit                   0x080026f1   Thumb Code    18  stm32f10x_gpio.o(.text)
    GPIO_ReadOutputData                      0x08002703   Thumb Code     8  stm32f10x_gpio.o(.text)
    GPIO_SetBits                             0x0800270b   Thumb Code     4  stm32f10x_gpio.o(.text)
    GPIO_ResetBits                           0x0800270f   Thumb Code     4  stm32f10x_gpio.o(.text)
    GPIO_WriteBit                            0x08002713   Thumb Code    10  stm32f10x_gpio.o(.text)
    GPIO_Write                               0x0800271d   Thumb Code     4  stm32f10x_gpio.o(.text)
    GPIO_PinLockConfig                       0x08002721   Thumb Code    18  stm32f10x_gpio.o(.text)
    GPIO_EventOutputConfig                   0x08002733   Thumb Code    26  stm32f10x_gpio.o(.text)
    GPIO_EventOutputCmd                      0x0800274d   Thumb Code     6  stm32f10x_gpio.o(.text)
    GPIO_PinRemapConfig                      0x08002753   Thumb Code   138  stm32f10x_gpio.o(.text)
    GPIO_EXTILineConfig                      0x080027dd   Thumb Code    66  stm32f10x_gpio.o(.text)
    GPIO_ETH_MediaInterfaceConfig            0x0800281f   Thumb Code     8  stm32f10x_gpio.o(.text)
    RCC_DeInit                               0x0800284d   Thumb Code    64  stm32f10x_rcc.o(.text)
    RCC_HSEConfig                            0x0800288d   Thumb Code    70  stm32f10x_rcc.o(.text)
    RCC_GetFlagStatus                        0x080028d3   Thumb Code    56  stm32f10x_rcc.o(.text)
    RCC_WaitForHSEStartUp                    0x0800290b   Thumb Code    56  stm32f10x_rcc.o(.text)
    RCC_AdjustHSICalibrationValue            0x08002943   Thumb Code    20  stm32f10x_rcc.o(.text)
    RCC_HSICmd                               0x08002957   Thumb Code     6  stm32f10x_rcc.o(.text)
    RCC_PLLConfig                            0x0800295d   Thumb Code    24  stm32f10x_rcc.o(.text)
    RCC_PLLCmd                               0x08002975   Thumb Code     6  stm32f10x_rcc.o(.text)
    RCC_SYSCLKConfig                         0x0800297b   Thumb Code    18  stm32f10x_rcc.o(.text)
    RCC_GetSYSCLKSource                      0x0800298d   Thumb Code    10  stm32f10x_rcc.o(.text)
    RCC_HCLKConfig                           0x08002997   Thumb Code    18  stm32f10x_rcc.o(.text)
    RCC_PCLK1Config                          0x080029a9   Thumb Code    18  stm32f10x_rcc.o(.text)
    RCC_PCLK2Config                          0x080029bb   Thumb Code    20  stm32f10x_rcc.o(.text)
    RCC_ITConfig                             0x080029cf   Thumb Code    26  stm32f10x_rcc.o(.text)
    RCC_USBCLKConfig                         0x080029e9   Thumb Code     8  stm32f10x_rcc.o(.text)
    RCC_ADCCLKConfig                         0x080029f1   Thumb Code    18  stm32f10x_rcc.o(.text)
    RCC_LSEConfig                            0x08002a03   Thumb Code    50  stm32f10x_rcc.o(.text)
    RCC_LSICmd                               0x08002a35   Thumb Code     6  stm32f10x_rcc.o(.text)
    RCC_RTCCLKConfig                         0x08002a3b   Thumb Code    12  stm32f10x_rcc.o(.text)
    RCC_RTCCLKCmd                            0x08002a47   Thumb Code     8  stm32f10x_rcc.o(.text)
    RCC_GetClocksFreq                        0x08002a4f   Thumb Code   192  stm32f10x_rcc.o(.text)
    RCC_AHBPeriphClockCmd                    0x08002b0f   Thumb Code    26  stm32f10x_rcc.o(.text)
    RCC_APB2PeriphClockCmd                   0x08002b29   Thumb Code    26  stm32f10x_rcc.o(.text)
    RCC_APB1PeriphClockCmd                   0x08002b43   Thumb Code    26  stm32f10x_rcc.o(.text)
    RCC_APB2PeriphResetCmd                   0x08002b5d   Thumb Code    26  stm32f10x_rcc.o(.text)
    RCC_APB1PeriphResetCmd                   0x08002b77   Thumb Code    26  stm32f10x_rcc.o(.text)
    RCC_BackupResetCmd                       0x08002b91   Thumb Code     8  stm32f10x_rcc.o(.text)
    RCC_ClockSecuritySystemCmd               0x08002b99   Thumb Code     6  stm32f10x_rcc.o(.text)
    RCC_MCOConfig                            0x08002b9f   Thumb Code     6  stm32f10x_rcc.o(.text)
    RCC_ClearFlag                            0x08002ba5   Thumb Code    14  stm32f10x_rcc.o(.text)
    RCC_GetITStatus                          0x08002bb3   Thumb Code    20  stm32f10x_rcc.o(.text)
    RCC_ClearITPendingBit                    0x08002bc7   Thumb Code     6  stm32f10x_rcc.o(.text)
    USART_DeInit                             0x08002bf1   Thumb Code   134  stm32f10x_usart.o(.text)
    USART_Init                               0x08002c77   Thumb Code   210  stm32f10x_usart.o(.text)
    USART_StructInit                         0x08002d49   Thumb Code    24  stm32f10x_usart.o(.text)
    USART_ClockInit                          0x08002d61   Thumb Code    34  stm32f10x_usart.o(.text)
    USART_ClockStructInit                    0x08002d83   Thumb Code    12  stm32f10x_usart.o(.text)
    USART_Cmd                                0x08002d8f   Thumb Code    24  stm32f10x_usart.o(.text)
    USART_ITConfig                           0x08002da7   Thumb Code    74  stm32f10x_usart.o(.text)
    USART_DMACmd                             0x08002df1   Thumb Code    18  stm32f10x_usart.o(.text)
    USART_SetAddress                         0x08002e03   Thumb Code    18  stm32f10x_usart.o(.text)
    USART_WakeUpConfig                       0x08002e15   Thumb Code    18  stm32f10x_usart.o(.text)
    USART_ReceiverWakeUpCmd                  0x08002e27   Thumb Code    24  stm32f10x_usart.o(.text)
    USART_LINBreakDetectLengthConfig         0x08002e3f   Thumb Code    18  stm32f10x_usart.o(.text)
    USART_LINCmd                             0x08002e51   Thumb Code    24  stm32f10x_usart.o(.text)
    USART_SendData                           0x08002e69   Thumb Code     8  stm32f10x_usart.o(.text)
    USART_ReceiveData                        0x08002e71   Thumb Code    10  stm32f10x_usart.o(.text)
    USART_SendBreak                          0x08002e7b   Thumb Code    10  stm32f10x_usart.o(.text)
    USART_SetGuardTime                       0x08002e85   Thumb Code    16  stm32f10x_usart.o(.text)
    USART_SetPrescaler                       0x08002e95   Thumb Code    16  stm32f10x_usart.o(.text)
    USART_SmartCardCmd                       0x08002ea5   Thumb Code    24  stm32f10x_usart.o(.text)
    USART_SmartCardNACKCmd                   0x08002ebd   Thumb Code    24  stm32f10x_usart.o(.text)
    USART_HalfDuplexCmd                      0x08002ed5   Thumb Code    24  stm32f10x_usart.o(.text)
    USART_OverSampling8Cmd                   0x08002eed   Thumb Code    22  stm32f10x_usart.o(.text)
    USART_OneBitMethodCmd                    0x08002f03   Thumb Code    24  stm32f10x_usart.o(.text)
    USART_IrDAConfig                         0x08002f1b   Thumb Code    18  stm32f10x_usart.o(.text)
    USART_IrDACmd                            0x08002f2d   Thumb Code    24  stm32f10x_usart.o(.text)
    USART_GetFlagStatus                      0x08002f45   Thumb Code    26  stm32f10x_usart.o(.text)
    USART_ClearFlag                          0x08002f5f   Thumb Code    18  stm32f10x_usart.o(.text)
    USART_GetITStatus                        0x08002f71   Thumb Code    84  stm32f10x_usart.o(.text)
    USART_ClearITPendingBit                  0x08002fc5   Thumb Code    52  stm32f10x_usart.o(.text)
    NVIC_PriorityGroupConfig                 0x08002ff9   Thumb Code    10  misc.o(.text)
    NVIC_Init                                0x08003003   Thumb Code   100  misc.o(.text)
    NVIC_SetVectorTable                      0x08003067   Thumb Code    14  misc.o(.text)
    NVIC_SystemLPConfig                      0x08003075   Thumb Code    34  misc.o(.text)
    SysTick_CLKSourceConfig                  0x08003097   Thumb Code    40  misc.o(.text)
    ADC_DeInit                               0x080030d5   Thumb Code    78  stm32f10x_adc.o(.text)
    ADC_Init                                 0x08003123   Thumb Code    70  stm32f10x_adc.o(.text)
    ADC_StructInit                           0x08003169   Thumb Code    18  stm32f10x_adc.o(.text)
    ADC_Cmd                                  0x0800317b   Thumb Code    22  stm32f10x_adc.o(.text)
    ADC_DMACmd                               0x08003191   Thumb Code    22  stm32f10x_adc.o(.text)
    ADC_ITConfig                             0x080031a7   Thumb Code    24  stm32f10x_adc.o(.text)
    ADC_ResetCalibration                     0x080031bf   Thumb Code    10  stm32f10x_adc.o(.text)
    ADC_GetResetCalibrationStatus            0x080031c9   Thumb Code    20  stm32f10x_adc.o(.text)
    ADC_StartCalibration                     0x080031dd   Thumb Code    10  stm32f10x_adc.o(.text)
    ADC_GetCalibrationStatus                 0x080031e7   Thumb Code    20  stm32f10x_adc.o(.text)
    ADC_SoftwareStartConvCmd                 0x080031fb   Thumb Code    22  stm32f10x_adc.o(.text)
    ADC_GetSoftwareStartConvStatus           0x08003211   Thumb Code    20  stm32f10x_adc.o(.text)
    ADC_DiscModeChannelCountConfig           0x08003225   Thumb Code    24  stm32f10x_adc.o(.text)
    ADC_DiscModeCmd                          0x0800323d   Thumb Code    22  stm32f10x_adc.o(.text)
    ADC_RegularChannelConfig                 0x08003253   Thumb Code   184  stm32f10x_adc.o(.text)
    ADC_ExternalTrigConvCmd                  0x0800330b   Thumb Code    22  stm32f10x_adc.o(.text)
    ADC_GetConversionValue                   0x08003321   Thumb Code     8  stm32f10x_adc.o(.text)
    ADC_GetDualModeConversionValue           0x08003329   Thumb Code     8  stm32f10x_adc.o(.text)
    ADC_AutoInjectedConvCmd                  0x08003331   Thumb Code    22  stm32f10x_adc.o(.text)
    ADC_InjectedDiscModeCmd                  0x08003347   Thumb Code    22  stm32f10x_adc.o(.text)
    ADC_ExternalTrigInjectedConvConfig       0x0800335d   Thumb Code    16  stm32f10x_adc.o(.text)
    ADC_ExternalTrigInjectedConvCmd          0x0800336d   Thumb Code    22  stm32f10x_adc.o(.text)
    ADC_SoftwareStartInjectedConvCmd         0x08003383   Thumb Code    22  stm32f10x_adc.o(.text)
    ADC_GetSoftwareStartInjectedConvCmdStatus 0x08003399   Thumb Code    20  stm32f10x_adc.o(.text)
    ADC_InjectedChannelConfig                0x080033ad   Thumb Code   130  stm32f10x_adc.o(.text)
    ADC_InjectedSequencerLengthConfig        0x0800342f   Thumb Code    24  stm32f10x_adc.o(.text)
    ADC_SetInjectedOffset                    0x08003447   Thumb Code    20  stm32f10x_adc.o(.text)
    ADC_GetInjectedConversionValue           0x0800345b   Thumb Code    28  stm32f10x_adc.o(.text)
    ADC_AnalogWatchdogCmd                    0x08003477   Thumb Code    16  stm32f10x_adc.o(.text)
    ADC_AnalogWatchdogThresholdsConfig       0x08003487   Thumb Code     6  stm32f10x_adc.o(.text)
    ADC_AnalogWatchdogSingleChannelConfig    0x0800348d   Thumb Code    16  stm32f10x_adc.o(.text)
    ADC_TempSensorVrefintCmd                 0x0800349d   Thumb Code    64  stm32f10x_adc.o(.text)
    ADC_GetFlagStatus                        0x080034dd   Thumb Code    18  stm32f10x_adc.o(.text)
    ADC_ClearFlag                            0x080034ef   Thumb Code     6  stm32f10x_adc.o(.text)
    ADC_GetITStatus                          0x080034f5   Thumb Code    36  stm32f10x_adc.o(.text)
    ADC_ClearITPendingBit                    0x08003519   Thumb Code    10  stm32f10x_adc.o(.text)
    SPI_I2S_DeInit                           0x08003525   Thumb Code    76  stm32f10x_spi.o(.text)
    SPI_Init                                 0x08003571   Thumb Code    60  stm32f10x_spi.o(.text)
    I2S_Init                                 0x080035ad   Thumb Code   226  stm32f10x_spi.o(.text)
    SPI_StructInit                           0x0800368f   Thumb Code    24  stm32f10x_spi.o(.text)
    I2S_StructInit                           0x080036a7   Thumb Code    20  stm32f10x_spi.o(.text)
    SPI_Cmd                                  0x080036bb   Thumb Code    24  stm32f10x_spi.o(.text)
    I2S_Cmd                                  0x080036d3   Thumb Code    24  stm32f10x_spi.o(.text)
    SPI_I2S_ITConfig                         0x080036eb   Thumb Code    32  stm32f10x_spi.o(.text)
    SPI_I2S_DMACmd                           0x0800370b   Thumb Code    18  stm32f10x_spi.o(.text)
    SPI_I2S_SendData                         0x0800371d   Thumb Code     4  stm32f10x_spi.o(.text)
    SPI_I2S_ReceiveData                      0x08003721   Thumb Code     6  stm32f10x_spi.o(.text)
    SPI_NSSInternalSoftwareConfig            0x08003727   Thumb Code    30  stm32f10x_spi.o(.text)
    SPI_SSOutputCmd                          0x08003745   Thumb Code    24  stm32f10x_spi.o(.text)
    SPI_DataSizeConfig                       0x0800375d   Thumb Code    18  stm32f10x_spi.o(.text)
    SPI_TransmitCRC                          0x0800376f   Thumb Code    10  stm32f10x_spi.o(.text)
    SPI_CalculateCRC                         0x08003779   Thumb Code    24  stm32f10x_spi.o(.text)
    SPI_GetCRC                               0x08003791   Thumb Code    16  stm32f10x_spi.o(.text)
    SPI_GetCRCPolynomial                     0x080037a1   Thumb Code     6  stm32f10x_spi.o(.text)
    SPI_BiDirectionalLineConfig              0x080037a7   Thumb Code    28  stm32f10x_spi.o(.text)
    SPI_I2S_GetFlagStatus                    0x080037c3   Thumb Code    18  stm32f10x_spi.o(.text)
    SPI_I2S_ClearFlag                        0x080037d5   Thumb Code     6  stm32f10x_spi.o(.text)
    SPI_I2S_GetITStatus                      0x080037db   Thumb Code    52  stm32f10x_spi.o(.text)
    SPI_I2S_ClearITPendingBit                0x0800380f   Thumb Code    20  stm32f10x_spi.o(.text)
    DMA_DeInit                               0x08003831   Thumb Code   324  stm32f10x_dma.o(.text)
    DMA_Init                                 0x08003975   Thumb Code    60  stm32f10x_dma.o(.text)
    DMA_StructInit                           0x080039b1   Thumb Code    26  stm32f10x_dma.o(.text)
    DMA_Cmd                                  0x080039cb   Thumb Code    24  stm32f10x_dma.o(.text)
    DMA_ITConfig                             0x080039e3   Thumb Code    18  stm32f10x_dma.o(.text)
    DMA_SetCurrDataCounter                   0x080039f5   Thumb Code     4  stm32f10x_dma.o(.text)
    DMA_GetCurrDataCounter                   0x080039f9   Thumb Code     8  stm32f10x_dma.o(.text)
    DMA_GetFlagStatus                        0x08003a01   Thumb Code    40  stm32f10x_dma.o(.text)
    DMA_ClearFlag                            0x08003a29   Thumb Code    22  stm32f10x_dma.o(.text)
    DMA_GetITStatus                          0x08003a3f   Thumb Code    40  stm32f10x_dma.o(.text)
    DMA_ClearITPendingBit                    0x08003a67   Thumb Code    22  stm32f10x_dma.o(.text)
    __use_no_semihosting                     0x08003a85   Thumb Code     2  use_no_semi_2.o(.text)
    __2printf                                0x08003a89   Thumb Code    20  noretval__2printf.o(.text)
    __2sprintf                               0x08003aa1   Thumb Code    34  noretval__2sprintf.o(.text)
    __printf                                 0x08003ac9   Thumb Code   104  __printf.o(.text)
    _printf_str                              0x08003b31   Thumb Code    82  _printf_str.o(.text)
    _printf_int_dec                          0x08003b85   Thumb Code   104  _printf_dec.o(.text)
    strlen                                   0x08003bfd   Thumb Code    62  strlen.o(.text)
    __use_two_region_memory                  0x08003c3b   Thumb Code     2  heapauxi.o(.text)
    __rt_heap_escrow$2region                 0x08003c3d   Thumb Code     2  heapauxi.o(.text)
    __rt_heap_expand$2region                 0x08003c3f   Thumb Code     2  heapauxi.o(.text)
    __I$use$semihosting                      0x08003c41   Thumb Code     0  use_no_semi.o(.text)
    __use_no_semihosting_swi                 0x08003c41   Thumb Code     2  use_no_semi.o(.text)
    _printf_int_common                       0x08003c43   Thumb Code   178  _printf_intcommon.o(.text)
    _printf_char_common                      0x08003cff   Thumb Code    32  _printf_char_common.o(.text)
    _sputc                                   0x08003d25   Thumb Code    10  _sputc.o(.text)
    _printf_cs_common                        0x08003d2f   Thumb Code    20  _printf_char.o(.text)
    _printf_char                             0x08003d43   Thumb Code    16  _printf_char.o(.text)
    _printf_string                           0x08003d53   Thumb Code     8  _printf_char.o(.text)
    _printf_char_file                        0x08003d5d   Thumb Code    32  _printf_char_file.o(.text)
    ferror                                   0x08003d81   Thumb Code     8  ferror.o(.text)
    __user_setup_stackheap                   0x08003d89   Thumb Code    74  sys_stackheap_outer.o(.text)
    exit                                     0x08003dd3   Thumb Code    18  exit.o(.text)
    __user_libspace                          0x08003de5   Thumb Code     8  libspace.o(.text)
    __user_perproc_libspace                  0x08003de5   Thumb Code     0  libspace.o(.text)
    __user_perthread_libspace                0x08003de5   Thumb Code     0  libspace.o(.text)
    __aeabi_fadd                             0x08003ded   Thumb Code     0  faddsub_clz.o(x$fpl$fadd)
    _fadd                                    0x08003ded   Thumb Code   196  faddsub_clz.o(x$fpl$fadd)
    __aeabi_fdiv                             0x08003eb1   Thumb Code     0  fdiv.o(x$fpl$fdiv)
    _fdiv                                    0x08003eb1   Thumb Code   384  fdiv.o(x$fpl$fdiv)
    __aeabi_f2iz                             0x08004035   Thumb Code     0  ffix.o(x$fpl$ffix)
    _ffix                                    0x08004035   Thumb Code    54  ffix.o(x$fpl$ffix)
    __aeabi_f2uiz                            0x0800406d   Thumb Code     0  ffixu.o(x$fpl$ffixu)
    _ffixu                                   0x0800406d   Thumb Code    62  ffixu.o(x$fpl$ffixu)
    __aeabi_i2f                              0x080040ad   Thumb Code     0  fflt_clz.o(x$fpl$fflt)
    _fflt                                    0x080040ad   Thumb Code    48  fflt_clz.o(x$fpl$fflt)
    __aeabi_ui2f                             0x080040dd   Thumb Code     0  fflt_clz.o(x$fpl$ffltu)
    _ffltu                                   0x080040dd   Thumb Code    38  fflt_clz.o(x$fpl$ffltu)
    __aeabi_fmul                             0x08004105   Thumb Code     0  fmul.o(x$fpl$fmul)
    _fmul                                    0x08004105   Thumb Code   258  fmul.o(x$fpl$fmul)
    __fpl_fnaninf                            0x08004207   Thumb Code   140  fnaninf.o(x$fpl$fnaninf)
    __fpl_fretinf                            0x08004293   Thumb Code    10  fretinf.o(x$fpl$fretinf)
    __aeabi_fsub                             0x0800429d   Thumb Code     0  faddsub_clz.o(x$fpl$fsub)
    _fsub                                    0x0800429d   Thumb Code   234  faddsub_clz.o(x$fpl$fsub)
    __I$use$fp                               0x08004386   Number         0  usenofp.o(x$fpl$usenofp)
    asc2_1206                                0x08004386   Data        1140  gui.o(.constdata)
    asc2_1608                                0x080047fa   Data        1520  gui.o(.constdata)
    Region$$Table$$Base                      0x08004dec   Number         0  anon$$obj.o(Region$$Table)
    Region$$Table$$Limit                     0x08004e0c   Number         0  anon$$obj.o(Region$$Table)
    SystemCoreClock                          0x20000000   Data           4  system_stm32f10x.o(.data)
    AHBPrescTable                            0x20000004   Data          16  system_stm32f10x.o(.data)
    POINT_COLOR                              0x20000014   Data           2  lcd.o(.data)
    BACK_COLOR                               0x20000016   Data           2  lcd.o(.data)
    DeviceCode                               0x20000018   Data           2  lcd.o(.data)
    X_value                                  0x2000001a   Data           2  adc.o(.data)
    Y_value                                  0x2000001c   Data           2  adc.o(.data)
    A1_value                                 0x2000001e   Data           2  adc.o(.data)
    A2_value                                 0x20000020   Data           2  adc.o(.data)
    AD_Value                                 0x20000022   Data           8  adc.o(.data)
    temp_key_value                           0x2000002a   Data           2  key.o(.data)
    key_value                                0x2000002c   Data           2  key.o(.data)
    up                                       0x2000002e   Data           1  key.o(.data)
    down                                     0x2000002f   Data           1  key.o(.data)
    left                                     0x20000030   Data           1  key.o(.data)
    right                                    0x20000031   Data           1  key.o(.data)
    pup                                      0x20000032   Data           1  key.o(.data)
    pdown                                    0x20000033   Data           1  key.o(.data)
    pleft                                    0x20000034   Data           1  key.o(.data)
    pright                                   0x20000035   Data           1  key.o(.data)
    ka                                       0x20000036   Data           1  key.o(.data)
    kb                                       0x20000037   Data           1  key.o(.data)
    kc                                       0x20000038   Data           1  key.o(.data)
    pa                                       0x20000039   Data           1  key.o(.data)
    pb                                       0x2000003a   Data           1  key.o(.data)
    pc                                       0x2000003b   Data           1  key.o(.data)
    mode                                     0x2000003c   Data           1  act.o(.data)
    Analogvalue1                             0x2000003e   Data           2  act.o(.data)
    Analogvalue2                             0x20000040   Data           2  act.o(.data)
    Analogvalue3                             0x20000044   Data           4  act.o(.data)
    Analogvalue4                             0x20000048   Data           4  act.o(.data)
    An1Len                                   0x2000004c   Data           1  act.o(.data)
    An2Len                                   0x2000004d   Data           1  act.o(.data)
    preAn1Len                                0x2000004e   Data           1  act.o(.data)
    preAn2Len                                0x2000004f   Data           1  act.o(.data)
    xpointer                                 0x20000050   Data           2  act.o(.data)
    ypointer                                 0x20000052   Data           2  act.o(.data)
    value3base                               0x20000054   Data           2  act.o(.data)
    value4base                               0x20000056   Data           2  act.o(.data)
    value3temp                               0x20000058   Data           4  act.o(.data)
    value4temp                               0x2000005c   Data           4  act.o(.data)
    Valve1                                   0x20000060   Data           1  act.o(.data)
    Valve2                                   0x20000061   Data           1  act.o(.data)
    cnum                                     0x20000068   Data           1  usart.o(.data)
    dectr                                    0x20000069   Data           6  usart.o(.data)
    speed                                    0x20000070   Data           4  usart.o(.data)
    __stdout                                 0x20000074   Data           4  usart.o(.data)
    lcddev                                   0x2000008c   Data          14  lcd.o(.bss)
    tempstr2                                 0x2000009a   Data          15  usart.o(.bss)
    __libspace_start                         0x200000ac   Data          96  libspace.o(.bss)
    __temporary_stack_top$libspace           0x2000010c   Data           0  libspace.o(.bss)



==============================================================================

Memory Map of the image

  Image Entry point : 0x080000ed

  Load Region LR_IROM1 (Base: 0x08000000, Size: 0x00004e98, Max: 0x00010000, ABSOLUTE)

    Execution Region ER_IROM1 (Exec base: 0x08000000, Load base: 0x08000000, Size: 0x00004e0c, Max: 0x00010000, ABSOLUTE)

    Exec Addr    Load Addr    Size         Type   Attr      Idx    E Section Name        Object

    0x08000000   0x08000000   0x000000ec   Data   RO          351    RESET               startup_stm32f10x_md.o
    0x080000ec   0x080000ec   0x00000008   Code   RO          499  * !!!main             c_w.l(__main.o)
    0x080000f4   0x080000f4   0x00000034   Code   RO          702    !!!scatter          c_w.l(__scatter.o)
    0x08000128   0x08000128   0x0000001a   Code   RO          704    !!handler_copy      c_w.l(__scatter_copy.o)
    0x08000142   0x08000142   0x00000002   PAD
    0x08000144   0x08000144   0x0000001c   Code   RO          706    !!handler_zi        c_w.l(__scatter_zi.o)
    0x08000160   0x08000160   0x00000000   Code   RO          494    .ARM.Collect$$_printf_percent$$00000000  c_w.l(_printf_percent.o)
    0x08000160   0x08000160   0x00000006   Code   RO          493    .ARM.Collect$$_printf_percent$$00000009  c_w.l(_printf_d.o)
    0x08000166   0x08000166   0x00000006   Code   RO          492    .ARM.Collect$$_printf_percent$$00000014  c_w.l(_printf_s.o)
    0x0800016c   0x0800016c   0x00000004   Code   RO          540    .ARM.Collect$$_printf_percent$$00000017  c_w.l(_printf_percent_end.o)
    0x08000170   0x08000170   0x00000002   Code   RO          576    .ARM.Collect$$libinit$$00000000  c_w.l(libinit.o)
    0x08000172   0x08000172   0x00000000   Code   RO          583    .ARM.Collect$$libinit$$00000002  c_w.l(libinit2.o)
    0x08000172   0x08000172   0x00000000   Code   RO          585    .ARM.Collect$$libinit$$00000004  c_w.l(libinit2.o)
    0x08000172   0x08000172   0x00000000   Code   RO          588    .ARM.Collect$$libinit$$0000000A  c_w.l(libinit2.o)
    0x08000172   0x08000172   0x00000000   Code   RO          590    .ARM.Collect$$libinit$$0000000C  c_w.l(libinit2.o)
    0x08000172   0x08000172   0x00000000   Code   RO          592    .ARM.Collect$$libinit$$0000000E  c_w.l(libinit2.o)
    0x08000172   0x08000172   0x00000000   Code   RO          595    .ARM.Collect$$libinit$$00000011  c_w.l(libinit2.o)
    0x08000172   0x08000172   0x00000000   Code   RO          597    .ARM.Collect$$libinit$$00000013  c_w.l(libinit2.o)
    0x08000172   0x08000172   0x00000000   Code   RO          599    .ARM.Collect$$libinit$$00000015  c_w.l(libinit2.o)
    0x08000172   0x08000172   0x00000000   Code   RO          601    .ARM.Collect$$libinit$$00000017  c_w.l(libinit2.o)
    0x08000172   0x08000172   0x00000000   Code   RO          603    .ARM.Collect$$libinit$$00000019  c_w.l(libinit2.o)
    0x08000172   0x08000172   0x00000000   Code   RO          605    .ARM.Collect$$libinit$$0000001B  c_w.l(libinit2.o)
    0x08000172   0x08000172   0x00000000   Code   RO          607    .ARM.Collect$$libinit$$0000001D  c_w.l(libinit2.o)
    0x08000172   0x08000172   0x00000000   Code   RO          609    .ARM.Collect$$libinit$$0000001F  c_w.l(libinit2.o)
    0x08000172   0x08000172   0x00000000   Code   RO          611    .ARM.Collect$$libinit$$00000021  c_w.l(libinit2.o)
    0x08000172   0x08000172   0x00000000   Code   RO          613    .ARM.Collect$$libinit$$00000023  c_w.l(libinit2.o)
    0x08000172   0x08000172   0x00000000   Code   RO          615    .ARM.Collect$$libinit$$00000025  c_w.l(libinit2.o)
    0x08000172   0x08000172   0x00000000   Code   RO          619    .ARM.Collect$$libinit$$0000002C  c_w.l(libinit2.o)
    0x08000172   0x08000172   0x00000000   Code   RO          621    .ARM.Collect$$libinit$$0000002E  c_w.l(libinit2.o)
    0x08000172   0x08000172   0x00000000   Code   RO          623    .ARM.Collect$$libinit$$00000030  c_w.l(libinit2.o)
    0x08000172   0x08000172   0x00000000   Code   RO          625    .ARM.Collect$$libinit$$00000032  c_w.l(libinit2.o)
    0x08000172   0x08000172   0x00000002   Code   RO          626    .ARM.Collect$$libinit$$00000033  c_w.l(libinit2.o)
    0x08000174   0x08000174   0x00000002   Code   RO          644    .ARM.Collect$$libshutdown$$00000000  c_w.l(libshutdown.o)
    0x08000176   0x08000176   0x00000000   Code   RO          654    .ARM.Collect$$libshutdown$$00000002  c_w.l(libshutdown2.o)
    0x08000176   0x08000176   0x00000000   Code   RO          656    .ARM.Collect$$libshutdown$$00000004  c_w.l(libshutdown2.o)
    0x08000176   0x08000176   0x00000000   Code   RO          659    .ARM.Collect$$libshutdown$$00000007  c_w.l(libshutdown2.o)
    0x08000176   0x08000176   0x00000000   Code   RO          662    .ARM.Collect$$libshutdown$$0000000A  c_w.l(libshutdown2.o)
    0x08000176   0x08000176   0x00000000   Code   RO          664    .ARM.Collect$$libshutdown$$0000000C  c_w.l(libshutdown2.o)
    0x08000176   0x08000176   0x00000000   Code   RO          667    .ARM.Collect$$libshutdown$$0000000F  c_w.l(libshutdown2.o)
    0x08000176   0x08000176   0x00000002   Code   RO          668    .ARM.Collect$$libshutdown$$00000010  c_w.l(libshutdown2.o)
    0x08000178   0x08000178   0x00000000   Code   RO          529    .ARM.Collect$$rtentry$$00000000  c_w.l(__rtentry.o)
    0x08000178   0x08000178   0x00000000   Code   RO          547    .ARM.Collect$$rtentry$$00000002  c_w.l(__rtentry2.o)
    0x08000178   0x08000178   0x00000006   Code   RO          559    .ARM.Collect$$rtentry$$00000004  c_w.l(__rtentry4.o)
    0x0800017e   0x0800017e   0x00000000   Code   RO          549    .ARM.Collect$$rtentry$$00000009  c_w.l(__rtentry2.o)
    0x0800017e   0x0800017e   0x00000004   Code   RO          550    .ARM.Collect$$rtentry$$0000000A  c_w.l(__rtentry2.o)
    0x08000182   0x08000182   0x00000000   Code   RO          552    .ARM.Collect$$rtentry$$0000000C  c_w.l(__rtentry2.o)
    0x08000182   0x08000182   0x00000008   Code   RO          553    .ARM.Collect$$rtentry$$0000000D  c_w.l(__rtentry2.o)
    0x0800018a   0x0800018a   0x00000002   Code   RO          580    .ARM.Collect$$rtexit$$00000000  c_w.l(rtexit.o)
    0x0800018c   0x0800018c   0x00000000   Code   RO          628    .ARM.Collect$$rtexit$$00000002  c_w.l(rtexit2.o)
    0x0800018c   0x0800018c   0x00000004   Code   RO          629    .ARM.Collect$$rtexit$$00000003  c_w.l(rtexit2.o)
    0x08000190   0x08000190   0x00000006   Code   RO          630    .ARM.Collect$$rtexit$$00000004  c_w.l(rtexit2.o)
    0x08000196   0x08000196   0x00000038   Code   RO            1    .text               main.o
    0x080001ce   0x080001ce   0x0000001a   Code   RO          135    .text               stm32f10x_it.o
    0x080001e8   0x080001e8   0x000001e0   Code   RO          176    .text               system_stm32f10x.o
    0x080003c8   0x080003c8   0x000005e0   Code   RO          194    .text               gui.o
    0x080009a8   0x080009a8   0x0000054c   Code   RO          215    .text               lcd.o
    0x08000ef4   0x08000ef4   0x0000018c   Code   RO          234    .text               adc.o
    0x08001080   0x08001080   0x000001b4   Code   RO          252    .text               key.o
    0x08001234   0x08001234   0x00000ff4   Code   RO          270    .text               act.o
    0x08002228   0x08002228   0x000000d4   Code   RO          288    .text               delay.o
    0x080022fc   0x080022fc   0x000001b4   Code   RO          319    .text               usart.o
    0x080024b0   0x080024b0   0x00000040   Code   RO          352    .text               startup_stm32f10x_md.o
    0x080024f0   0x080024f0   0x0000035c   Code   RO          356    .text               stm32f10x_gpio.o
    0x0800284c   0x0800284c   0x000003a4   Code   RO          368    .text               stm32f10x_rcc.o
    0x08002bf0   0x08002bf0   0x00000408   Code   RO          382    .text               stm32f10x_usart.o
    0x08002ff8   0x08002ff8   0x000000dc   Code   RO          394    .text               misc.o
    0x080030d4   0x080030d4   0x0000044e   Code   RO          418    .text               stm32f10x_adc.o
    0x08003522   0x08003522   0x00000002   PAD
    0x08003524   0x08003524   0x0000030c   Code   RO          430    .text               stm32f10x_spi.o
    0x08003830   0x08003830   0x00000254   Code   RO          442    .text               stm32f10x_dma.o
    0x08003a84   0x08003a84   0x00000002   Code   RO          456    .text               c_w.l(use_no_semi_2.o)
    0x08003a86   0x08003a86   0x00000002   PAD
    0x08003a88   0x08003a88   0x00000018   Code   RO          462    .text               c_w.l(noretval__2printf.o)
    0x08003aa0   0x08003aa0   0x00000028   Code   RO          464    .text               c_w.l(noretval__2sprintf.o)
    0x08003ac8   0x08003ac8   0x00000068   Code   RO          466    .text               c_w.l(__printf.o)
    0x08003b30   0x08003b30   0x00000052   Code   RO          468    .text               c_w.l(_printf_str.o)
    0x08003b82   0x08003b82   0x00000002   PAD
    0x08003b84   0x08003b84   0x00000078   Code   RO          470    .text               c_w.l(_printf_dec.o)
    0x08003bfc   0x08003bfc   0x0000003e   Code   RO          495    .text               c_w.l(strlen.o)
    0x08003c3a   0x08003c3a   0x00000006   Code   RO          497    .text               c_w.l(heapauxi.o)
    0x08003c40   0x08003c40   0x00000002   Code   RO          527    .text               c_w.l(use_no_semi.o)
    0x08003c42   0x08003c42   0x000000b2   Code   RO          530    .text               c_w.l(_printf_intcommon.o)
    0x08003cf4   0x08003cf4   0x00000030   Code   RO          532    .text               c_w.l(_printf_char_common.o)
    0x08003d24   0x08003d24   0x0000000a   Code   RO          534    .text               c_w.l(_sputc.o)
    0x08003d2e   0x08003d2e   0x0000002c   Code   RO          536    .text               c_w.l(_printf_char.o)
    0x08003d5a   0x08003d5a   0x00000002   PAD
    0x08003d5c   0x08003d5c   0x00000024   Code   RO          538    .text               c_w.l(_printf_char_file.o)
    0x08003d80   0x08003d80   0x00000008   Code   RO          563    .text               c_w.l(ferror.o)
    0x08003d88   0x08003d88   0x0000004a   Code   RO          567    .text               c_w.l(sys_stackheap_outer.o)
    0x08003dd2   0x08003dd2   0x00000012   Code   RO          569    .text               c_w.l(exit.o)
    0x08003de4   0x08003de4   0x00000008   Code   RO          577    .text               c_w.l(libspace.o)
    0x08003dec   0x08003dec   0x000000c4   Code   RO          501    x$fpl$fadd          fz_ws.l(faddsub_clz.o)
    0x08003eb0   0x08003eb0   0x00000184   Code   RO          508    x$fpl$fdiv          fz_ws.l(fdiv.o)
    0x08004034   0x08004034   0x00000036   Code   RO          511    x$fpl$ffix          fz_ws.l(ffix.o)
    0x0800406a   0x0800406a   0x00000002   PAD
    0x0800406c   0x0800406c   0x0000003e   Code   RO          515    x$fpl$ffixu         fz_ws.l(ffixu.o)
    0x080040aa   0x080040aa   0x00000002   PAD
    0x080040ac   0x080040ac   0x00000030   Code   RO          520    x$fpl$fflt          fz_ws.l(fflt_clz.o)
    0x080040dc   0x080040dc   0x00000026   Code   RO          519    x$fpl$ffltu         fz_ws.l(fflt_clz.o)
    0x08004102   0x08004102   0x00000002   PAD
    0x08004104   0x08004104   0x00000102   Code   RO          525    x$fpl$fmul          fz_ws.l(fmul.o)
    0x08004206   0x08004206   0x0000008c   Code   RO          541    x$fpl$fnaninf       fz_ws.l(fnaninf.o)
    0x08004292   0x08004292   0x0000000a   Code   RO          543    x$fpl$fretinf       fz_ws.l(fretinf.o)
    0x0800429c   0x0800429c   0x000000ea   Code   RO          503    x$fpl$fsub          fz_ws.l(faddsub_clz.o)
    0x08004386   0x08004386   0x00000000   Code   RO          545    x$fpl$usenofp       fz_ws.l(usenofp.o)
    0x08004386   0x08004386   0x00000a64   Data   RO          195    .constdata          gui.o
    0x08004dea   0x08004dea   0x00000002   PAD
    0x08004dec   0x08004dec   0x00000020   Data   RO          700    Region$$Table       anon$$obj.o


    Execution Region RW_IRAM1 (Exec base: 0x20000000, Load base: 0x08004e0c, Size: 0x00000710, Max: 0x00005000, ABSOLUTE)

    Exec Addr    Load Addr    Size         Type   Attr      Idx    E Section Name        Object

    0x20000000   0x08004e0c   0x00000014   Data   RW          177    .data               system_stm32f10x.o
    0x20000014   0x08004e20   0x00000006   Data   RW          217    .data               lcd.o
    0x2000001a   0x08004e26   0x00000010   Data   RW          235    .data               adc.o
    0x2000002a   0x08004e36   0x00000012   Data   RW          253    .data               key.o
    0x2000003c   0x08004e48   0x00000026   Data   RW          271    .data               act.o
    0x20000062   0x08004e6e   0x00000004   Data   RW          289    .data               delay.o
    0x20000066   0x08004e72   0x00000002   PAD
    0x20000068   0x08004e74   0x00000010   Data   RW          321    .data               usart.o
    0x20000078   0x08004e84   0x00000014   Data   RW          369    .data               stm32f10x_rcc.o
    0x2000008c        -       0x0000000e   Zero   RW          216    .bss                lcd.o
    0x2000009a        -       0x0000000f   Zero   RW          320    .bss                usart.o
    0x200000a9   0x08004e98   0x00000003   PAD
    0x200000ac        -       0x00000060   Zero   RW          578    .bss                c_w.l(libspace.o)
    0x2000010c   0x08004e98   0x00000004   PAD
    0x20000110        -       0x00000200   Zero   RW          350    HEAP                startup_stm32f10x_md.o
    0x20000310        -       0x00000400   Zero   RW          349    STACK               startup_stm32f10x_md.o


==============================================================================

Image component sizes


      Code (inc. data)   RO Data    RW Data    ZI Data      Debug   Object Name

      4084        736          0         38          0       4281   act.o
       396         34          0         16          0       2202   adc.o
       212         18          0          4          0       1083   delay.o
      1504         36       2660          0          0       7158   gui.o
       436         70          0         18          0       1407   key.o
      1356         22          0          6         14       6394   lcd.o
        56          0          0          0          0     257475   main.o
       220         22          0          0          0       1841   misc.o
        64         26        236          0       1536        816   startup_stm32f10x_md.o
      1102         26          0          0          0      11081   stm32f10x_adc.o
       596          8          0          0          0       4406   stm32f10x_dma.o
       860         38          0          0          0       5773   stm32f10x_gpio.o
        26          0          0          0          0       1202   stm32f10x_it.o
       932         36          0         20          0       8972   stm32f10x_rcc.o
       780         14          0          0          0       6654   stm32f10x_spi.o
      1032         22          0          0          0       8500   stm32f10x_usart.o
         0          0          0          0          0         32   sys.o
       480         38          0         20          0       1803   system_stm32f10x.o
       436         50          0         16         15       3406   usart.o

    ----------------------------------------------------------------------
     14574       1196       2930        140       1568     334486   Object Totals
         0          0         32          0          0          0   (incl. Generated)
         2          0          2          2          3          0   (incl. Padding)

    ----------------------------------------------------------------------

      Code (inc. data)   RO Data    RW Data    ZI Data      Debug   Library Member Name

         8          0          0          0          0         68   __main.o
       104          0          0          0          0         84   __printf.o
         0          0          0          0          0          0   __rtentry.o
        12          0          0          0          0          0   __rtentry2.o
         6          0          0          0          0          0   __rtentry4.o
        52          8          0          0          0          0   __scatter.o
        26          0          0          0          0          0   __scatter_copy.o
        28          0          0          0          0          0   __scatter_zi.o
        44          0          0          0          0        108   _printf_char.o
        48          6          0          0          0         96   _printf_char_common.o
        36          4          0          0          0         80   _printf_char_file.o
         6          0          0          0          0          0   _printf_d.o
       120         16          0          0          0         92   _printf_dec.o
       178          0          0          0          0         88   _printf_intcommon.o
         0          0          0          0          0          0   _printf_percent.o
         4          0          0          0          0          0   _printf_percent_end.o
         6          0          0          0          0          0   _printf_s.o
        82          0          0          0          0         80   _printf_str.o
        10          0          0          0          0         68   _sputc.o
        18          0          0          0          0         80   exit.o
         8          0          0          0          0         68   ferror.o
         6          0          0          0          0        152   heapauxi.o
         2          0          0          0          0          0   libinit.o
         2          0          0          0          0          0   libinit2.o
         2          0          0          0          0          0   libshutdown.o
         2          0          0          0          0          0   libshutdown2.o
         8          4          0          0         96         68   libspace.o
        24          4          0          0          0         84   noretval__2printf.o
        40          6          0          0          0         84   noretval__2sprintf.o
         2          0          0          0          0          0   rtexit.o
        10          0          0          0          0          0   rtexit2.o
        62          0          0          0          0         76   strlen.o
        74          0          0          0          0         80   sys_stackheap_outer.o
         2          0          0          0          0         68   use_no_semi.o
         2          0          0          0          0         68   use_no_semi_2.o
       430          8          0          0          0        168   faddsub_clz.o
       388         76          0          0          0         96   fdiv.o
        54          4          0          0          0         84   ffix.o
        62          4          0          0          0         84   ffixu.o
        86          0          0          0          0        136   fflt_clz.o
       258          4          0          0          0         84   fmul.o
       140          4          0          0          0         84   fnaninf.o
        10          0          0          0          0         68   fretinf.o
         0          0          0          0          0          0   usenofp.o

    ----------------------------------------------------------------------
      2476        148          0          0        100       2396   Library Totals
        14          0          0          0          4          0   (incl. Padding)

    ----------------------------------------------------------------------

      Code (inc. data)   RO Data    RW Data    ZI Data      Debug   Library Name

      1034         48          0          0         96       1592   c_w.l
      1428        100          0          0          0        804   fz_ws.l

    ----------------------------------------------------------------------
      2476        148          0          0        100       2396   Library Totals

    ----------------------------------------------------------------------

==============================================================================


      Code (inc. data)   RO Data    RW Data    ZI Data      Debug   

     17050       1344       2930        140       1668     334018   Grand Totals
     17050       1344       2930        140       1668     334018   ELF Image Totals
     17050       1344       2930        140          0          0   ROM Totals

==============================================================================

    Total RO  Size (Code + RO Data)                19980 (  19.51kB)
    Total RW  Size (RW Data + ZI Data)              1808 (   1.77kB)
    Total ROM Size (Code + RO Data + RW Data)      20120 (  19.65kB)

==============================================================================

