<html>
<body>
<pre>
<h1>µVision Build Log</h1>
<h2>Tool Versions:</h2>
IDE-Version: ¦ÌVision V5.24.2.0
Copyright (C) 2017 ARM Ltd and ARM Germany GmbH. All rights reserved.
License Information: Zhiqiang Ai, Zhejiang University, LIC=AK1VE-5XQ8Z-478RQ-NX01K-ERB7E-L7XHH
 
Tool Versions:
Toolchain:       MDK-ARM Professional  Version: 5.24.1
Toolchain Path:  D:\MyApp\ARM\ARMCC\Bin
C Compiler:      Armcc.exe V5.06 update 5 (build 528)
Assembler:       Armasm.exe V5.06 update 5 (build 528)
Linker/Locator:  ArmLink.exe V5.06 update 5 (build 528)
Library Manager: ArmAr.exe V5.06 update 5 (build 528)
Hex Converter:   FromElf.exe V5.06 update 5 (build 528)
CPU DLL:         SARMCM3.DLL V5.24.1
Dialog DLL:      DCM.DLL V1.16.0.0
Target DLL:      Segger\JL2CM3.dll V2.99.26.0
Dialog DLL:      TCM.DLL V1.32.0.0
 
<h2>Project:</h2>
C:\Users\PC\Desktop\remote_controler\Ò£¿ØÊÖ±ú\Ò£¿ØÊÖ±úcode(version_3)\USER\PWM.uvprojx
Project File Date:  07/18/2019

<h2>Output:</h2>
*** Using Compiler 'V5.06 update 5 (build 528)', folder: 'D:\MyApp\ARM\ARMCC\Bin'
Build target 'Target 1'
compiling act.c...
..\HARDWARE\ACT\act.c(268): warning:  #167-D: argument of type "u8 *" is incompatible with parameter of type "char *restrict"
  				  sprintf(tempstr,"%s%d%s%d","UP P:",(Analogvalue1/100)*100," T:",(Analogvalue2/10));
..\HARDWARE\ACT\act.c(274): warning:  #167-D: argument of type "u8 *" is incompatible with parameter of type "char *restrict"
  					sprintf(tempstr,"%s%d%s","UP: ",Analogvalue1,"mm");
..\HARDWARE\ACT\act.c(284): warning:  #167-D: argument of type "u8 *" is incompatible with parameter of type "char *restrict"
  				   sprintf(tempstr,"%s%d%s%d","DOWN P:",(Analogvalue1/100)*100," T:",(Analogvalue2/10));
..\HARDWARE\ACT\act.c(290): warning:  #167-D: argument of type "u8 *" is incompatible with parameter of type "char *restrict"
  			     sprintf(tempstr,"%s%d%s","DOWN: ",Analogvalue1,"mm");
..\HARDWARE\ACT\act.c(300): warning:  #167-D: argument of type "u8 *" is incompatible with parameter of type "char *restrict"
  				 sprintf(tempstr,"%s%d%s%d","RIGHT P:",(Analogvalue1/100)*100," T:",(Analogvalue2/10));
..\HARDWARE\ACT\act.c(310): warning:  #167-D: argument of type "u8 *" is incompatible with parameter of type "char *restrict"
  				 sprintf(tempstr,"%s%d%s%d","LEFT P:",(Analogvalue1/100)*100," T:",(Analogvalue2/10));
..\HARDWARE\ACT\act.c(364): warning:  #167-D: argument of type "u8 *" is incompatible with parameter of type "char *restrict"
  					sprintf(tempstr,"%s%d%s%d","V.:",Analogvalue4,"H.:",Analogvalue3);writelastsent(tempstr);
..\HARDWARE\ACT\act.c(398): warning:  #167-D: argument of type "u8 *" is incompatible with parameter of type "char *restrict"
  								sprintf(tempstr,"%s%d%s","AutoMove: ",(Analogvalue1/10)," R");
..\HARDWARE\ACT\act.c(407): warning:  #167-D: argument of type "u8 *" is incompatible with parameter of type "char *restrict"
  					     sprintf(tempstr,"%s%d%s","AutoMove: ",(Analogvalue1/10)," L");
..\HARDWARE\ACT\act.c(422): warning:  #167-D: argument of type "u8 *" is incompatible with parameter of type "char *restrict"
  					sprintf(tempstr,"%s%d%s","ManualCtr",Analogvalue3/10,"%");writelastsent(tempstr);
..\HARDWARE\ACT\act.c: 10 warnings, 0 errors
linking...
Program Size: Code=18122 RO-data=2930 RW-data=140 ZI-data=1668  
FromELF: creating hex file...
"..\OBJ\PWM.axf" - 0 Error(s), 10 Warning(s).

<h2>Software Packages used:</h2>

Package Vendor: Keil
                http://www.keil.com/pack/Keil.STM32F1xx_DFP.2.0.0.pack
                Keil.STM32F1xx_DFP.2.0.0
                STMicroelectronics STM32F1 Series Device Support, Drivers and Examples

<h2>Collection of Component include folders:</h2>
  .\RTE\_Target_1
  D:\MyApp\ARM\PACK\Keil\STM32F1xx_DFP\2.0.0\Device\Include

<h2>Collection of Component Files used:</h2>
Build Time Elapsed:  00:00:01
</pre>
</body>
</html>
